Archive member included to satisfy reference by file (symbol)

e:/rj/atmel studio/7.0/toolchain/arm/arm-gnu-toolchain/bin/../lib/gcc/arm-none-eabi/5.3.1/../../../../arm-none-eabi/lib/armv7-m\libc.a(lib_a-exit.o)
                              e:/rj/atmel studio/7.0/toolchain/arm/arm-gnu-toolchain/bin/../lib/gcc/arm-none-eabi/5.3.1/../../../../arm-none-eabi/lib/armv7-m/crt0.o (exit)
e:/rj/atmel studio/7.0/toolchain/arm/arm-gnu-toolchain/bin/../lib/gcc/arm-none-eabi/5.3.1/../../../../arm-none-eabi/lib/armv7-m\libc.a(lib_a-impure.o)
                              e:/rj/atmel studio/7.0/toolchain/arm/arm-gnu-toolchain/bin/../lib/gcc/arm-none-eabi/5.3.1/../../../../arm-none-eabi/lib/armv7-m\libc.a(lib_a-exit.o) (_global_impure_ptr)
e:/rj/atmel studio/7.0/toolchain/arm/arm-gnu-toolchain/bin/../lib/gcc/arm-none-eabi/5.3.1/../../../../arm-none-eabi/lib/armv7-m\libc.a(lib_a-init.o)
                              e:/rj/atmel studio/7.0/toolchain/arm/arm-gnu-toolchain/bin/../lib/gcc/arm-none-eabi/5.3.1/../../../../arm-none-eabi/lib/armv7-m/crt0.o (__libc_init_array)
e:/rj/atmel studio/7.0/toolchain/arm/arm-gnu-toolchain/bin/../lib/gcc/arm-none-eabi/5.3.1/../../../../arm-none-eabi/lib/armv7-m\libc.a(lib_a-iprintf.o)
                              src/ASF/sam/utils/syscalls/gcc/syscalls.o (iprintf)
e:/rj/atmel studio/7.0/toolchain/arm/arm-gnu-toolchain/bin/../lib/gcc/arm-none-eabi/5.3.1/../../../../arm-none-eabi/lib/armv7-m\libc.a(lib_a-memcpy.o)
                              src/ASF/common/services/usb/class/cdc/device/udi_cdc.o (memcpy)
e:/rj/atmel studio/7.0/toolchain/arm/arm-gnu-toolchain/bin/../lib/gcc/arm-none-eabi/5.3.1/../../../../arm-none-eabi/lib/armv7-m\libc.a(lib_a-memset.o)
                              e:/rj/atmel studio/7.0/toolchain/arm/arm-gnu-toolchain/bin/../lib/gcc/arm-none-eabi/5.3.1/../../../../arm-none-eabi/lib/armv7-m/crt0.o (memset)
e:/rj/atmel studio/7.0/toolchain/arm/arm-gnu-toolchain/bin/../lib/gcc/arm-none-eabi/5.3.1/../../../../arm-none-eabi/lib/armv7-m\libc.a(lib_a-strcmp.o)
                              src/usart_sam.o (strcmp)
e:/rj/atmel studio/7.0/toolchain/arm/arm-gnu-toolchain/bin/../lib/gcc/arm-none-eabi/5.3.1/../../../../arm-none-eabi/lib/armv7-m\libc.a(lib_a-vfiprintf.o)
                              e:/rj/atmel studio/7.0/toolchain/arm/arm-gnu-toolchain/bin/../lib/gcc/arm-none-eabi/5.3.1/../../../../arm-none-eabi/lib/armv7-m\libc.a(lib_a-iprintf.o) (_vfiprintf_r)
e:/rj/atmel studio/7.0/toolchain/arm/arm-gnu-toolchain/bin/../lib/gcc/arm-none-eabi/5.3.1/../../../../arm-none-eabi/lib/armv7-m\libc.a(lib_a-wsetup.o)
                              e:/rj/atmel studio/7.0/toolchain/arm/arm-gnu-toolchain/bin/../lib/gcc/arm-none-eabi/5.3.1/../../../../arm-none-eabi/lib/armv7-m\libc.a(lib_a-vfiprintf.o) (__swsetup_r)
e:/rj/atmel studio/7.0/toolchain/arm/arm-gnu-toolchain/bin/../lib/gcc/arm-none-eabi/5.3.1/../../../../arm-none-eabi/lib/armv7-m\libc.a(lib_a-__call_atexit.o)
                              e:/rj/atmel studio/7.0/toolchain/arm/arm-gnu-toolchain/bin/../lib/gcc/arm-none-eabi/5.3.1/../../../../arm-none-eabi/lib/armv7-m\libc.a(lib_a-exit.o) (__call_exitprocs)
e:/rj/atmel studio/7.0/toolchain/arm/arm-gnu-toolchain/bin/../lib/gcc/arm-none-eabi/5.3.1/../../../../arm-none-eabi/lib/armv7-m\libc.a(lib_a-atexit.o)
                              e:/rj/atmel studio/7.0/toolchain/arm/arm-gnu-toolchain/bin/../lib/gcc/arm-none-eabi/5.3.1/../../../../arm-none-eabi/lib/armv7-m\libc.a(lib_a-__call_atexit.o) (atexit)
e:/rj/atmel studio/7.0/toolchain/arm/arm-gnu-toolchain/bin/../lib/gcc/arm-none-eabi/5.3.1/../../../../arm-none-eabi/lib/armv7-m\libc.a(lib_a-fflush.o)
                              e:/rj/atmel studio/7.0/toolchain/arm/arm-gnu-toolchain/bin/../lib/gcc/arm-none-eabi/5.3.1/../../../../arm-none-eabi/lib/armv7-m\libc.a(lib_a-vfiprintf.o) (_fflush_r)
e:/rj/atmel studio/7.0/toolchain/arm/arm-gnu-toolchain/bin/../lib/gcc/arm-none-eabi/5.3.1/../../../../arm-none-eabi/lib/armv7-m\libc.a(lib_a-findfp.o)
                              e:/rj/atmel studio/7.0/toolchain/arm/arm-gnu-toolchain/bin/../lib/gcc/arm-none-eabi/5.3.1/../../../../arm-none-eabi/lib/armv7-m\libc.a(lib_a-vfiprintf.o) (__sinit)
e:/rj/atmel studio/7.0/toolchain/arm/arm-gnu-toolchain/bin/../lib/gcc/arm-none-eabi/5.3.1/../../../../arm-none-eabi/lib/armv7-m\libc.a(lib_a-fini.o)
                              e:/rj/atmel studio/7.0/toolchain/arm/arm-gnu-toolchain/bin/../lib/gcc/arm-none-eabi/5.3.1/../../../../arm-none-eabi/lib/armv7-m\libc.a(lib_a-__call_atexit.o) (__libc_fini_array)
e:/rj/atmel studio/7.0/toolchain/arm/arm-gnu-toolchain/bin/../lib/gcc/arm-none-eabi/5.3.1/../../../../arm-none-eabi/lib/armv7-m\libc.a(lib_a-fputwc.o)
                              e:/rj/atmel studio/7.0/toolchain/arm/arm-gnu-toolchain/bin/../lib/gcc/arm-none-eabi/5.3.1/../../../../arm-none-eabi/lib/armv7-m\libc.a(lib_a-vfiprintf.o) (_fputwc_r)
[...]
Memory Configuration

Name             Origin             Length             Attributes
rom              0x00080000         0x00080000         xr
sram0            0x20000000         0x00010000         xrw
sram1            0x20080000         0x00008000         xrw
ram              0x20070000         0x00018000         xrw
*default*        0x00000000         0xffffffff

Linker script and memory map

LOAD e:/rj/atmel studio/7.0/toolchain/arm/arm-gnu-toolchain/bin/../lib/gcc/arm-none-eabi/5.3.1/armv7-m/crti.o
LOAD e:/rj/atmel studio/7.0/toolchain/arm/arm-gnu-toolchain/bin/../lib/gcc/arm-none-eabi/5.3.1/armv7-m/crtbegin.o
LOAD e:/rj/atmel studio/7.0/toolchain/arm/arm-gnu-toolchain/bin/../lib/gcc/arm-none-eabi/5.3.1/../../../../arm-none-eabi/lib/armv7-m/crt0.o
LOAD src/ASF/sam/drivers/spi/spi.o
LOAD src/ASF/sam/drivers/twi/twi.o
LOAD src/iic_sam.o
LOAD src/spi_sam.o
LOAD src/usart_sam.o
LOAD src/ASF/common/services/delay/sam/cycle_counter.o
LOAD src/ASF/common/services/sleepmgr/sam/sleepmgr.o
LOAD src/ASF/common/services/usb/class/cdc/device/udi_cdc.o
LOAD src/ASF/common/services/usb/udc/udc.o
LOAD src/ASF/sam/drivers/pio/pio_handler.o
LOAD src/ASF/sam/drivers/uotghs/uotghs_device.o
LOAD src/ASF/sam/drivers/usart/usart.o
LOAD src/ASF/common/services/usb/class/cdc/device/udi_cdc_desc.o
LOAD src/ASF/common/services/clock/sam3x/sysclk.o
LOAD src/ASF/sam/drivers/pio/pio.o
LOAD src/ASF/sam/drivers/pmc/pmc.o
LOAD src/ASF/sam/drivers/pmc/sleep.o
LOAD src/ASF/common/boards/user_board/init.o
LOAD src/ASF/common/utils/interrupt/interrupt_sam_nvic.o
LOAD src/ASF/sam/utils/cmsis/sam3x/source/templates/exceptions.o
LOAD src/ASF/sam/utils/cmsis/sam3x/source/templates/gcc/startup_sam3x.o
LOAD src/ASF/sam/utils/cmsis/sam3x/source/templates/system_sam3x.o
LOAD src/ASF/sam/utils/syscalls/gcc/syscalls.o
LOAD src/main.o
START GROUP
LOAD ../src/ASF/thirdparty/CMSIS/Lib/GCC\libarm_cortexM3l_math.a
LOAD e:/rj/atmel studio/7.0/toolchain/arm/arm-gnu-toolchain/bin/../lib/gcc/arm-none-eabi/5.3.1/../../../../arm-none-eabi/lib/armv7-m\libm.a
END GROUP
START GROUP
LOAD e:/rj/atmel studio/7.0/toolchain/arm/arm-gnu-toolchain/bin/../lib/gcc/arm-none-eabi/5.3.1/armv7-m\libgcc.a
LOAD e:/rj/atmel studio/7.0/toolchain/arm/arm-gnu-toolchain/bin/../lib/gcc/arm-none-eabi/5.3.1/../../../../arm-none-eabi/lib/armv7-m\libc.a
END GROUP
LOAD e:/rj/atmel studio/7.0/toolchain/arm/arm-gnu-toolchain/bin/../lib/gcc/arm-none-eabi/5.3.1/armv7-m/crtend.o
LOAD e:/rj/atmel studio/7.0/toolchain/arm/arm-gnu-toolchain/bin/../lib/gcc/arm-none-eabi/5.3.1/armv7-m/crtn.o
                0x00002000                __stack_size__ = DEFINED (__stack_size__)?__stack_size__:0x2000
                0x20087ffc                __ram_end__ = ((ORIGIN (ram) + LENGTH (ram)) - 0x4)

.text           0x00080000     0x4028
                0x00080000                . = ALIGN (0x4)
                0x00080000                _sfixed = .
 *(.vectors .vectors.*)
 .vectors       0x00080000       0xf4 src/ASF/sam/utils/cmsis/sam3x/source/templates/gcc/startup_sam3x.o
                0x00080000                exception_table
 *(.text .text.* .gnu.linkonce.t.*)
 .text          0x000800f4       0x5c e:/rj/atmel studio/7.0/toolchain/arm/arm-gnu-toolchain/bin/../lib/gcc/arm-none-eabi/5.3.1/armv7-m/crtbegin.o
 .text.spi_enable_clock
                0x00080150       0x18 src/ASF/sam/drivers/spi/spi.o
                0x00080150                spi_enable_clock
 .text.spi_set_peripheral_chip_select_value
                0x00080168       0x18 src/ASF/sam/drivers/spi/spi.o
                0x00080168                spi_set_peripheral_chip_select_value
 .text.spi_read
                0x00080180       0x30 src/ASF/sam/drivers/spi/spi.o
                0x00080180                spi_read
 .text.spi_write
                0x000801b0       0x38 src/ASF/sam/drivers/spi/spi.o
                0x000801b0                spi_write
 .text.spi_set_clock_polarity
                0x000801e8       0x20 src/ASF/sam/drivers/spi/spi.o
                0x000801e8                spi_set_clock_polarity
 .text.spi_set_clock_phase
                0x00080208       0x20 src/ASF/sam/drivers/spi/spi.o
                0x00080208                spi_set_clock_phase
 .text.spi_set_bits_per_transfer
                0x00080228       0x14 src/ASF/sam/drivers/spi/spi.o
                0x00080228                spi_set_bits_per_transfer
 .text.spi_set_baudrate_div
                0x0008023c       0x28 src/ASF/sam/drivers/spi/spi.o
                0x0008023c                spi_set_baudrate_div
 .text.spi_set_transfer_delay
                0x00080264       0x1c src/ASF/sam/drivers/spi/spi.o
                0x00080264                spi_set_transfer_delay
 .text.twi_set_speed
                0x00080280       0x44 src/ASF/sam/drivers/twi/twi.o
                0x00080280                twi_set_speed
 .text.twi_master_init
                0x000802c4       0x40 src/ASF/sam/drivers/twi/twi.o
                0x000802c4                twi_master_init
 .text.twi_mk_addr
                0x00080304       0x24 src/ASF/sam/drivers/twi/twi.o
                0x00080304                twi_mk_addr
 .text.twi_master_read
                0x00080328       0xd4 src/ASF/sam/drivers/twi/twi.o
                0x00080328                twi_master_read
 .text.twi_master_write
                0x000803fc       0x88 src/ASF/sam/drivers/twi/twi.o
                0x000803fc                twi_master_write
 .text.iic_init
                0x00080484       0x48 src/iic_sam.o
                0x00080484                iic_init
 .text.Dec_to_addr
                0x000804cc       0x54 src/iic_sam.o
                0x000804cc                Dec_to_addr
 .text.iic_write_oper
                0x00080520       0x40 src/iic_sam.o
                0x00080520                iic_write_oper
 .text.iic_read_count
                0x00080560       0x30 src/iic_sam.o
                0x00080560                iic_read_count
 .text.str_to_dec
                0x00080590       0xa0 src/iic_sam.o
                0x00080590                str_to_dec
 .text.iic_read_oper
                0x00080630       0xa0 src/iic_sam.o
                0x00080630                iic_read_oper
 .text.SPI0_Handler
                0x000806d0       0xb0 src/spi_sam.o
                0x000806d0                SPI0_Handler
 .text.spi_data_to_pc
                0x00080780       0xd0 src/spi_sam.o
                0x00080780                spi_data_to_pc
 .text.spi_master_init
                0x00080850       0x8c src/spi_sam.o
                0x00080850                spi_master_init
 .text.spi_config
                0x000808dc       0x28 src/spi_sam.o
                0x000808dc                spi_config
 .text.Rece_data_deal
                0x00080904       0xe4 src/usart_sam.o
                0x00080904                Rece_data_deal
 .text.buf_clear_data
                0x000809e8       0x14 src/usart_sam.o
                0x000809e8                buf_clear_data
 .text.usart_data_to_pc
                0x000809fc       0x80 src/usart_sam.o
                0x000809fc                usart_data_to_pc
 .text.SysTick_Handler
                0x00080a7c       0xa0 src/usart_sam.o
                0x00080a7c                SysTick_Handler
 .text.USART0_Handler
                0x00080b1c      0x124 src/usart_sam.o
                0x00080b1c                USART0_Handler
 .text.usart_open
                0x00080c40       0x60 src/usart_sam.o
                0x00080c40                usart_open
 .text.usart_close
                0x00080ca0       0x18 src/usart_sam.o
                0x00080ca0                usart_close
 .text.usart_rx_notify
                0x00080cb8       0x30 src/usart_sam.o
                0x00080cb8                usart_rx_notify
 .text.usart_config
                0x00080ce8       0xb4 src/usart_sam.o
                0x00080ce8                usart_config
 .text.udi_cdc_comm_disable
                0x00080d9c       0x10 src/ASF/common/services/usb/class/cdc/device/udi_cdc.o
                0x00080d9c                udi_cdc_comm_disable
 .text.udi_cdc_data_setup
                0x00080dac        0x4 src/ASF/common/services/usb/class/cdc/device/udi_cdc.o
                0x00080dac                udi_cdc_data_setup
 .text.udi_cdc_getsetting
                0x00080db0        0x4 src/ASF/common/services/usb/class/cdc/device/udi_cdc.o
                0x00080db0                udi_cdc_getsetting
 .text.udi_cdc_line_coding_received
                0x00080db4       0x14 src/ASF/common/services/usb/class/cdc/device/udi_cdc.o
 .text.udi_cdc_comm_enable
                0x00080dc8       0x64 src/ASF/common/services/usb/class/cdc/device/udi_cdc.o
                0x00080dc8                udi_cdc_comm_enable
 .text.udi_cdc_tx_send
                0x00080e2c      0x14c src/ASF/common/services/usb/class/cdc/device/udi_cdc.o
 .text.udi_cdc_data_sent
                0x00080f78       0x3c src/ASF/common/services/usb/class/cdc/device/udi_cdc.o
 .text.udi_cdc_data_sof_notify
                0x00080fb4       0x10 src/ASF/common/services/usb/class/cdc/device/udi_cdc.o
                0x00080fb4                udi_cdc_data_sof_notify
 .text.udi_cdc_ctrl_state_notify
                0x00080fc4       0x4c src/ASF/common/services/usb/class/cdc/device/udi_cdc.o
 .text.udi_cdc_ctrl_state_change
                0x00081010       0x60 src/ASF/common/services/usb/class/cdc/device/udi_cdc.o
 .text.udi_cdc_serial_state_msg_sent
                0x00081070       0x38 src/ASF/common/services/usb/class/cdc/device/udi_cdc.o
 .text.udi_cdc_data_disable
                0x000810a8       0x28 src/ASF/common/services/usb/class/cdc/device/udi_cdc.o
                0x000810a8                udi_cdc_data_disable
 .text.udi_cdc_comm_setup
                0x000810d0       0x9c src/ASF/common/services/usb/class/cdc/device/udi_cdc.o
                0x000810d0                udi_cdc_comm_setup
 .text.udi_cdc_signal_framing_error
                0x0008116c       0x14 src/ASF/common/services/usb/class/cdc/device/udi_cdc.o
                0x0008116c                udi_cdc_signal_framing_error
 .text.udi_cdc_signal_overrun
                0x00081180       0x14 src/ASF/common/services/usb/class/cdc/device/udi_cdc.o
                0x00081180                udi_cdc_signal_overrun
 .text.udi_cdc_multi_get_nb_received_data
                0x00081194       0x54 src/ASF/common/services/usb/class/cdc/device/udi_cdc.o
                0x00081194                udi_cdc_multi_get_nb_received_data
 .text.udi_cdc_multi_is_rx_ready
                0x000811e8       0x14 src/ASF/common/services/usb/class/cdc/device/udi_cdc.o
                0x000811e8                udi_cdc_multi_is_rx_ready
 .text.udi_cdc_rx_start
                0x000811fc       0xc8 src/ASF/common/services/usb/class/cdc/device/udi_cdc.o
 .text.udi_cdc_data_enable
                0x000812c4       0x90 src/ASF/common/services/usb/class/cdc/device/udi_cdc.o
                0x000812c4                udi_cdc_data_enable
 .text.udi_cdc_data_received
                0x00081354       0x64 src/ASF/common/services/usb/class/cdc/device/udi_cdc.o
 .text.udi_cdc_is_rx_ready
                0x000813b8       0x10 src/ASF/common/services/usb/class/cdc/device/udi_cdc.o
                0x000813b8                udi_cdc_is_rx_ready
 .text.udi_cdc_multi_getc
                0x000813c8       0xbc src/ASF/common/services/usb/class/cdc/device/udi_cdc.o
                0x000813c8                udi_cdc_multi_getc
 .text.udi_cdc_getc
                0x00081484       0x10 src/ASF/common/services/usb/class/cdc/device/udi_cdc.o
                0x00081484                udi_cdc_getc
 .text.udi_cdc_multi_get_free_tx_buffer
                0x00081494       0x80 src/ASF/common/services/usb/class/cdc/device/udi_cdc.o
                0x00081494                udi_cdc_multi_get_free_tx_buffer
 .text.udi_cdc_multi_is_tx_ready
                0x00081514       0x14 src/ASF/common/services/usb/class/cdc/device/udi_cdc.o
                0x00081514                udi_cdc_multi_is_tx_ready
 .text.udi_cdc_is_tx_ready
                0x00081528       0x10 src/ASF/common/services/usb/class/cdc/device/udi_cdc.o
                0x00081528                udi_cdc_is_tx_ready
 .text.udi_cdc_multi_putc
                0x00081538       0x9c src/ASF/common/services/usb/class/cdc/device/udi_cdc.o
                0x00081538                udi_cdc_multi_putc
 .text.udi_cdc_putc
                0x000815d4       0x10 src/ASF/common/services/usb/class/cdc/device/udi_cdc.o
                0x000815d4                udi_cdc_putc
 .text.udi_cdc_multi_write_buf
                0x000815e4       0xb8 src/ASF/common/services/usb/class/cdc/device/udi_cdc.o
                0x000815e4                udi_cdc_multi_write_buf
 .text.udi_cdc_write_buf
                0x0008169c       0x14 src/ASF/common/services/usb/class/cdc/device/udi_cdc.o
                0x0008169c                udi_cdc_write_buf
 .text.udc_next_desc_in_iface
                0x000816b0       0x44 src/ASF/common/services/usb/udc/udc.o
 .text.udc_valid_address
                0x000816f4       0x18 src/ASF/common/services/usb/udc/udc.o
 .text.udc_update_iface_desc
                0x0008170c       0x6c src/ASF/common/services/usb/udc/udc.o
 .text.udc_iface_disable
                0x00081778       0x68 src/ASF/common/services/usb/udc/udc.o
 .text.udc_iface_enable
                0x000817e0       0x5c src/ASF/common/services/usb/udc/udc.o
 .text.udc_start
                0x0008183c        0xc src/ASF/common/services/usb/udc/udc.o
                0x0008183c                udc_start
 .text.udc_reset
                0x00081848       0x48 src/ASF/common/services/usb/udc/udc.o
                0x00081848                udc_reset
 .text.udc_sof_notify
                0x00081890       0x3c src/ASF/common/services/usb/udc/udc.o
                0x00081890                udc_sof_notify
 .text.udc_process_setup
                0x000818cc      0x594 src/ASF/common/services/usb/udc/udc.o
                0x000818cc                udc_process_setup
 .text.pio_handler_process
                0x00081e60       0x50 src/ASF/sam/drivers/pio/pio_handler.o
                0x00081e60                pio_handler_process
 .text.PIOA_Handler
                0x00081eb0       0x14 src/ASF/sam/drivers/pio/pio_handler.o
                0x00081eb0                PIOA_Handler
 .text.PIOB_Handler
                0x00081ec4       0x14 src/ASF/sam/drivers/pio/pio_handler.o
                0x00081ec4                PIOB_Handler
 .text.PIOC_Handler
                0x00081ed8       0x14 src/ASF/sam/drivers/pio/pio_handler.o
                0x00081ed8                PIOC_Handler
 .text.PIOD_Handler
                0x00081eec       0x14 src/ASF/sam/drivers/pio/pio_handler.o
                0x00081eec                PIOD_Handler
 .text.udd_ctrl_init
                0x00081f00       0x5c src/ASF/sam/drivers/uotghs/uotghs_device.o
 .text.udd_ctrl_stall_data
                0x00081f5c       0x18 src/ASF/sam/drivers/uotghs/uotghs_device.o
 .text.udd_ctrl_send_zlp_in
                0x00081f74       0x54 src/ASF/sam/drivers/uotghs/uotghs_device.o
 .text.udd_ctrl_endofrequest
                0x00081fc8       0x10 src/ASF/sam/drivers/uotghs/uotghs_device.o
 .text.udd_ctrl_in_sent
                0x00081fd8      0x17c src/ASF/sam/drivers/uotghs/uotghs_device.o
 .text.udd_ep_finish_job
                0x00082154       0x38 src/ASF/sam/drivers/uotghs/uotghs_device.o
 .text.udd_ep_trans_done
                0x0008218c      0x1a4 src/ASF/sam/drivers/uotghs/uotghs_device.o
 .text.udd_sleep_mode
                0x00082330       0xa4 src/ASF/sam/drivers/uotghs/uotghs_device.o
 .text.udd_enable
                0x000823d4      0x198 src/ASF/sam/drivers/uotghs/uotghs_device.o
                0x000823d4                udd_enable
 .text.udd_attach
                0x0008256c       0x8c src/ASF/sam/drivers/uotghs/uotghs_device.o
                0x0008256c                udd_attach
 .text.udd_detach
                0x000825f8       0x34 src/ASF/sam/drivers/uotghs/uotghs_device.o
                0x000825f8                udd_detach
 .text.UOTGHS_Handler
                0x0008262c      0x60c src/ASF/sam/drivers/uotghs/uotghs_device.o
                0x0008262c                UOTGHS_Handler
 .text.udd_is_high_speed
                0x00082c38       0x14 src/ASF/sam/drivers/uotghs/uotghs_device.o
                0x00082c38                udd_is_high_speed
 .text.udd_set_address
                0x00082c4c       0x28 src/ASF/sam/drivers/uotghs/uotghs_device.o
                0x00082c4c                udd_set_address
 .text.udd_getaddress
                0x00082c74       0x10 src/ASF/sam/drivers/uotghs/uotghs_device.o
                0x00082c74                udd_getaddress
 .text.udd_get_frame_number
                0x00082c84       0x10 src/ASF/sam/drivers/uotghs/uotghs_device.o
                0x00082c84                udd_get_frame_number
 .text.udd_get_micro_frame_number
                0x00082c94       0x10 src/ASF/sam/drivers/uotghs/uotghs_device.o
                0x00082c94                udd_get_micro_frame_number
 .text.udd_set_setup_payload
                0x00082ca4        0xc src/ASF/sam/drivers/uotghs/uotghs_device.o
                0x00082ca4                udd_set_setup_payload
 .text.udd_ep_free
                0x00082cb0       0x5c src/ASF/sam/drivers/uotghs/uotghs_device.o
                0x00082cb0                udd_ep_free
 .text.udd_ep_is_halted
                0x00082d0c       0x14 src/ASF/sam/drivers/uotghs/uotghs_device.o
                0x00082d0c                udd_ep_is_halted
 .text.udd_ep_set_halt
                0x00082d20      0x100 src/ASF/sam/drivers/uotghs/uotghs_device.o
                0x00082d20                udd_ep_set_halt
 .text.udd_ep_clear_halt
                0x00082e20       0xdc src/ASF/sam/drivers/uotghs/uotghs_device.o
                0x00082e20                udd_ep_clear_halt
 .text.udd_ep_run
                0x00082efc      0x100 src/ASF/sam/drivers/uotghs/uotghs_device.o
                0x00082efc                udd_ep_run
 .text.udd_ep_alloc
                0x00082ffc      0x20c src/ASF/sam/drivers/uotghs/uotghs_device.o
                0x00082ffc                udd_ep_alloc
 .text.udd_ep_abort
                0x00083208       0x7c src/ASF/sam/drivers/uotghs/uotghs_device.o
                0x00083208                udd_ep_abort
 .text.udd_test_mode_j
                0x00083284       0x1c src/ASF/sam/drivers/uotghs/uotghs_device.o
                0x00083284                udd_test_mode_j
 .text.udd_test_mode_k
                0x000832a0       0x1c src/ASF/sam/drivers/uotghs/uotghs_device.o
                0x000832a0                udd_test_mode_k
 .text.udd_test_mode_se0_nak
                0x000832bc       0x14 src/ASF/sam/drivers/uotghs/uotghs_device.o
                0x000832bc                udd_test_mode_se0_nak
 .text.udd_test_mode_packet
                0x000832d0       0xa4 src/ASF/sam/drivers/uotghs/uotghs_device.o
                0x000832d0                udd_test_mode_packet
 .text.usart_set_async_baudrate
                0x00083374       0x60 src/ASF/sam/drivers/usart/usart.o
                0x00083374                usart_set_async_baudrate
 .text.usart_reset
                0x000833d4       0x28 src/ASF/sam/drivers/usart/usart.o
                0x000833d4                usart_reset
 .text.usart_init_rs232
                0x000833fc       0x54 src/ASF/sam/drivers/usart/usart.o
                0x000833fc                usart_init_rs232
 .text.usart_enable_tx
                0x00083450        0x8 src/ASF/sam/drivers/usart/usart.o
                0x00083450                usart_enable_tx
 .text.usart_disable_tx
                0x00083458        0x8 src/ASF/sam/drivers/usart/usart.o
                0x00083458                usart_disable_tx
 .text.usart_enable_rx
                0x00083460        0x8 src/ASF/sam/drivers/usart/usart.o
                0x00083460                usart_enable_rx
 .text.usart_reset_rx
                0x00083468        0x8 src/ASF/sam/drivers/usart/usart.o
                0x00083468                usart_reset_rx
 .text.usart_enable_interrupt
                0x00083470        0x4 src/ASF/sam/drivers/usart/usart.o
                0x00083470                usart_enable_interrupt
 .text.usart_disable_interrupt
                0x00083474        0x4 src/ASF/sam/drivers/usart/usart.o
                0x00083474                usart_disable_interrupt
 .text.usart_get_interrupt_mask
                0x00083478        0x4 src/ASF/sam/drivers/usart/usart.o
                0x00083478                usart_get_interrupt_mask
 .text.usart_get_status
                0x0008347c        0x4 src/ASF/sam/drivers/usart/usart.o
                0x0008347c                usart_get_status
 .text.usart_write
                0x00083480       0x14 src/ASF/sam/drivers/usart/usart.o
                0x00083480                usart_write
 .text.usart_read
                0x00083494       0x18 src/ASF/sam/drivers/usart/usart.o
                0x00083494                usart_read
 .text.sysclk_enable_usb
                0x000834ac       0x20 src/ASF/common/services/clock/sam3x/sysclk.o
                0x000834ac                sysclk_enable_usb
 .text.sysclk_init
                0x000834cc       0x64 src/ASF/common/services/clock/sam3x/sysclk.o
                0x000834cc                sysclk_init
 .text.pio_set_peripheral
                0x00083530       0x40 src/ASF/sam/drivers/pio/pio.o
                0x00083530                pio_set_peripheral
 .text.pio_set_input
                0x00083570       0x34 src/ASF/sam/drivers/pio/pio.o
                0x00083570                pio_set_input
 .text.pio_set_output
                0x000835a4       0x28 src/ASF/sam/drivers/pio/pio.o
                0x000835a4                pio_set_output
 .text.pio_get_interrupt_status
                0x000835cc        0x4 src/ASF/sam/drivers/pio/pio.o
                0x000835cc                pio_get_interrupt_status
 .text.pio_get_interrupt_mask
                0x000835d0        0x4 src/ASF/sam/drivers/pio/pio.o
                0x000835d0                pio_get_interrupt_mask
 .text.pio_configure_pin
                0x000835d4       0xd4 src/ASF/sam/drivers/pio/pio.o
                0x000835d4                pio_configure_pin
 .text.pmc_switch_mck_to_pllack
                0x000836a8       0x68 src/ASF/sam/drivers/pmc/pmc.o
                0x000836a8                pmc_switch_mck_to_pllack
 .text.pmc_switch_mainck_to_xtal
                0x00083710       0x54 src/ASF/sam/drivers/pmc/pmc.o
                0x00083710                pmc_switch_mainck_to_xtal
 .text.pmc_osc_is_ready_mainck
                0x00083764       0x10 src/ASF/sam/drivers/pmc/pmc.o
                0x00083764                pmc_osc_is_ready_mainck
 .text.pmc_disable_pllack
                0x00083774       0x10 src/ASF/sam/drivers/pmc/pmc.o
                0x00083774                pmc_disable_pllack
 .text.pmc_is_locked_pllack
                0x00083784       0x10 src/ASF/sam/drivers/pmc/pmc.o
                0x00083784                pmc_is_locked_pllack
 .text.pmc_enable_upll_clock
                0x00083794       0x18 src/ASF/sam/drivers/pmc/pmc.o
                0x00083794                pmc_enable_upll_clock
 .text.pmc_enable_periph_clk
                0x000837ac       0x54 src/ASF/sam/drivers/pmc/pmc.o
                0x000837ac                pmc_enable_periph_clk
 .text.pmc_switch_udpck_to_upllck
                0x00083800       0x14 src/ASF/sam/drivers/pmc/pmc.o
                0x00083800                pmc_switch_udpck_to_upllck
 .text.pmc_enable_udpck
                0x00083814        0xc src/ASF/sam/drivers/pmc/pmc.o
                0x00083814                pmc_enable_udpck
 .text.pmc_set_fast_startup_input
                0x00083820       0x14 src/ASF/sam/drivers/pmc/pmc.o
                0x00083820                pmc_set_fast_startup_input
 .text.pmc_is_wakeup_clocks_restored
                0x00083834       0x10 src/ASF/sam/drivers/pmc/sleep.o
                0x00083834                pmc_is_wakeup_clocks_restored
 .text.board_init
                0x00083844       0xa0 src/ASF/common/boards/user_board/init.o
                0x00083844                board_init
 .text.Dummy_Handler
                0x000838e4        0x4 src/ASF/sam/utils/cmsis/sam3x/source/templates/exceptions.o
                0x000838e4                DACC_Handler
                0x000838e4                DebugMon_Handler
                0x000838e4                DMAC_Handler
                0x000838e4                TRNG_Handler
                0x000838e4                HardFault_Handler
                0x000838e4                TC2_Handler
                0x000838e4                USART3_Handler
                0x000838e4                TWI1_Handler
                0x000838e4                PendSV_Handler
                0x000838e4                NMI_Handler
                0x000838e4                TC7_Handler
                0x000838e4                ADC_Handler
                0x000838e4                SMC_Handler
                0x000838e4                RTT_Handler
                0x000838e4                EFC1_Handler
                0x000838e4                RTC_Handler
                0x000838e4                UsageFault_Handler
                0x000838e4                TC6_Handler
                0x000838e4                WDT_Handler
                0x000838e4                CAN0_Handler
                0x000838e4                TC4_Handler
                0x000838e4                TC1_Handler
                0x000838e4                HSMCI_Handler
                0x000838e4                TC3_Handler
                0x000838e4                Dummy_Handler
                0x000838e4                TWI0_Handler
                0x000838e4                USART1_Handler
                0x000838e4                SSC_Handler
                0x000838e4                EFC0_Handler
                0x000838e4                PMC_Handler
                0x000838e4                PWM_Handler
                0x000838e4                CAN1_Handler
                0x000838e4                MemManage_Handler
                0x000838e4                SUPC_Handler
                0x000838e4                SVC_Handler
                0x000838e4                TC8_Handler
                0x000838e4                USART2_Handler
                0x000838e4                EMAC_Handler
                0x000838e4                UART_Handler
                0x000838e4                BusFault_Handler
                0x000838e4                RSTC_Handler
                0x000838e4                TC0_Handler
                0x000838e4                TC5_Handler
 .text.Reset_Handler
                0x000838e8       0xac src/ASF/sam/utils/cmsis/sam3x/source/templates/gcc/startup_sam3x.o
                0x000838e8                Reset_Handler
 .text.SystemCoreClockUpdate
                0x00083994      0x11c src/ASF/sam/utils/cmsis/sam3x/source/templates/system_sam3x.o
                0x00083994                SystemCoreClockUpdate
 .text.main     0x00083ab0       0x50 src/main.o
                0x00083ab0                main
 .text.cdc_enable
                0x00083b00       0x10 src/main.o
                0x00083b00                cdc_enable
 .text.cdc_disable
                0x00083b10        0xc src/main.o
                0x00083b10                cdc_disable
 .text.main_sof_action
                0x00083b1c        0x4 src/main.o
                0x00083b1c                main_sof_action
 .text.main_cdc_set_dtr
                0x00083b20        0x4 src/main.o
                0x00083b20                main_cdc_set_dtr
 .text.main_suspend_action
                0x00083b24        0x4 src/main.o
                0x00083b24                main_suspend_action
 .text.main_resume_action
                0x00083b28        0x4 src/main.o
                0x00083b28                main_resume_action
 .text.__libc_init_array
                0x00083b2c       0x50 e:/rj/atmel studio/7.0/toolchain/arm/arm-gnu-toolchain/bin/../lib/gcc/arm-none-eabi/5.3.1/../../../../arm-none-eabi/lib/armv7-m\libc.a(lib_a-init.o)
                0x00083b2c                __libc_init_array
 .text          0x00083b7c       0xec e:/rj/atmel studio/7.0/toolchain/arm/arm-gnu-toolchain/bin/../lib/gcc/arm-none-eabi/5.3.1/../../../../arm-none-eabi/lib/armv7-m\libc.a(lib_a-memcpy.o)
                0x00083b7c                memcpy
 .text.memset   0x00083c68       0x9c e:/rj/atmel studio/7.0/toolchain/arm/arm-gnu-toolchain/bin/../lib/gcc/arm-none-eabi/5.3.1/../../../../arm-none-eabi/lib/armv7-m\libc.a(lib_a-memset.o)
                0x00083c68                memset
 .text          0x00083d04      0x1bc e:/rj/atmel studio/7.0/toolchain/arm/arm-gnu-toolchain/bin/../lib/gcc/arm-none-eabi/5.3.1/../../../../arm-none-eabi/lib/armv7-m\libc.a(lib_a-strcmp.o)
                0x00083d04                strcmp
 .text.startup.register_fini
                0x00083ec0       0x14 e:/rj/atmel studio/7.0/toolchain/arm/arm-gnu-toolchain/bin/../lib/gcc/arm-none-eabi/5.3.1/../../../../arm-none-eabi/lib/armv7-m\libc.a(lib_a-__call_atexit.o)
 .text.atexit   0x00083ed4        0xc e:/rj/atmel studio/7.0/toolchain/arm/arm-gnu-toolchain/bin/../lib/gcc/arm-none-eabi/5.3.1/../../../../arm-none-eabi/lib/armv7-m\libc.a(lib_a-atexit.o)
                0x00083ed4                atexit
 .text.__libc_fini_array
                0x00083ee0       0x28 e:/rj/atmel studio/7.0/toolchain/arm/arm-gnu-toolchain/bin/../lib/gcc/arm-none-eabi/5.3.1/../../../../arm-none-eabi/lib/armv7-m\libc.a(lib_a-fini.o)
                0x00083ee0                __libc_fini_array
 .text.__register_exitproc
                0x00083f08       0xa4 e:/rj/atmel studio/7.0/toolchain/arm/arm-gnu-toolchain/bin/../lib/gcc/arm-none-eabi/5.3.1/../../../../arm-none-eabi/lib/armv7-m\libc.a(lib_a-__atexit.o)
                0x00083f08                __register_exitproc
 *(.glue_7t)
 .glue_7t       0x00083fac        0x0 linker stubs
 *(.glue_7)
 .glue_7        0x00083fac        0x0 linker stubs
 *(.rodata .rodata* .gnu.linkonce.r.*)
 .rodata.str1.4
                0x00083fac        0x7 src/iic_sam.o
 *fill*         0x00083fb3        0x1 
 .rodata.str1.4
                0x00083fb4        0x7 src/spi_sam.o
 *fill*         0x00083fbb        0x1 
 .rodata.str1.4
                0x00083fbc        0x7 src/usart_sam.o
                                 0x17 (size before relaxing)
 *fill*         0x00083fc3        0x1 
 .rodata        0x00083fc4       0x35 src/ASF/sam/drivers/uotghs/uotghs_device.o
 *fill*         0x00083ff9        0x3 
 .rodata.str1.4
                0x00083ffc        0x4 e:/rj/atmel studio/7.0/toolchain/arm/arm-gnu-toolchain/bin/../lib/gcc/arm-none-eabi/5.3.1/../../../../arm-none-eabi/lib/armv7-m\libc.a(lib_a-impure.o)
                                  0x2 (size before relaxing)
 .rodata._global_impure_ptr
                0x00084000        0x4 e:/rj/atmel studio/7.0/toolchain/arm/arm-gnu-toolchain/bin/../lib/gcc/arm-none-eabi/5.3.1/../../../../arm-none-eabi/lib/armv7-m\libc.a(lib_a-impure.o)
                0x00084000                _global_impure_ptr
 *(.ARM.extab* .gnu.linkonce.armextab.*)
                0x00084004                . = ALIGN (0x4)
 *(.init)
 .init          0x00084004        0x4 e:/rj/atmel studio/7.0/toolchain/arm/arm-gnu-toolchain/bin/../lib/gcc/arm-none-eabi/5.3.1/armv7-m/crti.o
                0x00084004                _init
 .init          0x00084008        0x8 e:/rj/atmel studio/7.0/toolchain/arm/arm-gnu-toolchain/bin/../lib/gcc/arm-none-eabi/5.3.1/armv7-m/crtn.o
                0x00084010                . = ALIGN (0x4)
                0x00084010                __preinit_array_start = .
 *(.preinit_array)
                0x00084010                __preinit_array_end = .
                0x00084010                . = ALIGN (0x4)
                0x00084010                __init_array_start = .
 *(SORT(.init_array.*))
 .init_array.00000
                0x00084010        0x4 e:/rj/atmel studio/7.0/toolchain/arm/arm-gnu-toolchain/bin/../lib/gcc/arm-none-eabi/5.3.1/../../../../arm-none-eabi/lib/armv7-m\libc.a(lib_a-__call_atexit.o)
 *(.init_array)
 .init_array    0x00084014        0x4 e:/rj/atmel studio/7.0/toolchain/arm/arm-gnu-toolchain/bin/../lib/gcc/arm-none-eabi/5.3.1/armv7-m/crtbegin.o
                0x00084018                __init_array_end = .
                0x00084018                . = ALIGN (0x4)
 *crtbegin.o(.ctors)
 *(EXCLUDE_FILE(*crtend.o) .ctors)
 *(SORT(.ctors.*))
 *crtend.o(.ctors)
                0x00084018                . = ALIGN (0x4)
 *(.fini)
 .fini          0x00084018        0x4 e:/rj/atmel studio/7.0/toolchain/arm/arm-gnu-toolchain/bin/../lib/gcc/arm-none-eabi/5.3.1/armv7-m/crti.o
                0x00084018                _fini
 .fini          0x0008401c        0x8 e:/rj/atmel studio/7.0/toolchain/arm/arm-gnu-toolchain/bin/../lib/gcc/arm-none-eabi/5.3.1/armv7-m/crtn.o
                0x00084024                . = ALIGN (0x4)
                0x00084024                __fini_array_start = .
 *(.fini_array)
 .fini_array    0x00084024        0x4 e:/rj/atmel studio/7.0/toolchain/arm/arm-gnu-toolchain/bin/../lib/gcc/arm-none-eabi/5.3.1/armv7-m/crtbegin.o
 *(SORT(.fini_array.*))
                0x00084028                __fini_array_end = .
 *crtbegin.o(.dtors)
 *(EXCLUDE_FILE(*crtend.o) .dtors)
 *(SORT(.dtors.*))
 *crtend.o(.dtors)
                0x00084028                . = ALIGN (0x4)
                0x00084028                _efixed = .
                [!provide]                PROVIDE (__exidx_start, .)

.vfp11_veneer   0x00084028        0x0
 .vfp11_veneer  0x00084028        0x0 linker stubs

.v4_bx          0x00084028        0x0
 .v4_bx         0x00084028        0x0 linker stubs

.iplt           0x00084028        0x0
 .iplt          0x00084028        0x0 e:/rj/atmel studio/7.0/toolchain/arm/arm-gnu-toolchain/bin/../lib/gcc/arm-none-eabi/5.3.1/armv7-m/crtbegin.o

.eh_frame       0x00084028        0x0
 .eh_frame      0x00084028        0x0 e:/rj/atmel studio/7.0/toolchain/arm/arm-gnu-toolchain/bin/../lib/gcc/arm-none-eabi/5.3.1/armv7-m/crtbegin.o

.rel.dyn        0x00084028        0x0
 .rel.iplt      0x00084028        0x0 e:/rj/atmel studio/7.0/toolchain/arm/arm-gnu-toolchain/bin/../lib/gcc/arm-none-eabi/5.3.1/armv7-m/crtbegin.o

.jcr            0x00084028        0x0
 .jcr           0x00084028        0x0 e:/rj/atmel studio/7.0/toolchain/arm/arm-gnu-toolchain/bin/../lib/gcc/arm-none-eabi/5.3.1/armv7-m/crtbegin.o

.igot.plt       0x00084028        0x0
 .igot.plt      0x00084028        0x0 e:/rj/atmel studio/7.0/toolchain/arm/arm-gnu-toolchain/bin/../lib/gcc/arm-none-eabi/5.3.1/armv7-m/crtbegin.o

.ARM.exidx
 *(.ARM.exidx* .gnu.linkonce.armexidx.*)
                [!provide]                PROVIDE (__exidx_end, .)
                0x00084028                . = ALIGN (0x4)
                0x00084028                _etext = .

.relocate       0x20070000      0x6a8 load address 0x00084028
                0x20070000                . = ALIGN (0x4)
                0x20070000                _srelocate = .
 *(.ramfunc .ramfunc.*)
 .ramfunc       0x20070000        0xc src/ASF/common/services/delay/sam/cycle_counter.o
                0x20070000                portable_delay_cycles
 .ramfunc       0x2007000c      0x12c src/ASF/sam/utils/cmsis/sam3x/source/templates/system_sam3x.o
                0x2007000c                SystemInit
                0x200700b0                system_init_flash
 *(.data .data.*)
 .data.udi_api_cdc_data
                0x20070138       0x14 src/ASF/common/services/usb/class/cdc/device/udi_cdc.o
                0x20070138                udi_api_cdc_data
 .data.udi_api_cdc_comm
                0x2007014c       0x14 src/ASF/common/services/usb/class/cdc/device/udi_cdc.o
                0x2007014c                udi_api_cdc_comm
 .data.udc_string_product_name
                0x20070160       0x10 src/ASF/common/services/usb/udc/udc.o
 .data.udc_string_manufacturer_name
                0x20070170        0xa src/ASF/common/services/usb/udc/udc.o
 *fill*         0x2007017a        0x2 
 .data.udc_string_desc
                0x2007017c       0x20 src/ASF/common/services/usb/udc/udc.o
 .data.udc_string_desc_languageid
                0x2007019c        0x4 src/ASF/common/services/usb/udc/udc.o
 .data.udc_config_hs
                0x200701a0        0x8 src/ASF/common/services/usb/class/cdc/device/udi_cdc_desc.o
                0x200701a0                udc_config_hs
 .data.udc_desc_hs
                0x200701a8       0x43 src/ASF/common/services/usb/class/cdc/device/udi_cdc_desc.o
                0x200701a8                udc_desc_hs
 *fill*         0x200701eb        0x1 
 .data.udc_config
                0x200701ec       0x18 src/ASF/common/services/usb/class/cdc/device/udi_cdc_desc.o
                0x200701ec                udc_config
 .data.udc_device_qual
                0x20070204        0xa src/ASF/common/services/usb/class/cdc/device/udi_cdc_desc.o
                0x20070204                udc_device_qual
 *fill*         0x2007020e        0x2 
 .data.udi_apis
                0x20070210        0x8 src/ASF/common/services/usb/class/cdc/device/udi_cdc_desc.o
                0x20070210                udi_apis
 .data.udc_config_fs
                0x20070218        0x8 src/ASF/common/services/usb/class/cdc/device/udi_cdc_desc.o
                0x20070218                udc_config_fs
 .data.udc_device_desc
                0x20070220       0x12 src/ASF/common/services/usb/class/cdc/device/udi_cdc_desc.o
                0x20070220                udc_device_desc
 *fill*         0x20070232        0x2 
 .data.udc_desc_fs
                0x20070234       0x43 src/ASF/common/services/usb/class/cdc/device/udi_cdc_desc.o
                0x20070234                udc_desc_fs
 .data.g_interrupt_enabled
                0x20070277        0x1 src/ASF/common/utils/interrupt/interrupt_sam_nvic.o
                0x20070277                g_interrupt_enabled
 .data.SystemCoreClock
                0x20070278        0x4 src/ASF/sam/utils/cmsis/sam3x/source/templates/system_sam3x.o
                0x20070278                SystemCoreClock
 *fill*         0x2007027c        0x4 
 .data.impure_data
                0x20070280      0x428 e:/rj/atmel studio/7.0/toolchain/arm/arm-gnu-toolchain/bin/../lib/gcc/arm-none-eabi/5.3.1/../../../../arm-none-eabi/lib/armv7-m\libc.a(lib_a-impure.o)
                0x200706a8                . = ALIGN (0x4)
                0x200706a8                _erelocate = .

.bss            0x200706a8      0xff4 load address 0x000846d0
                0x200706a8                . = ALIGN (0x4)
                0x200706a8                _sbss = .
                0x200706a8                _szero = .
 *(.bss .bss.*)
 .bss           0x200706a8       0x1c e:/rj/atmel studio/7.0/toolchain/arm/arm-gnu-toolchain/bin/../lib/gcc/arm-none-eabi/5.3.1/armv7-m/crtbegin.o
 .bss.iic_address_cnt
                0x200706c4        0x1 src/iic_sam.o
                0x200706c4                iic_address_cnt
 *fill*         0x200706c5        0x3 
 .bss.spi_rece_buf
                0x200706c8      0x200 src/spi_sam.o
                0x200706c8                spi_rece_buf
 .bss.spi_rece_cnt
                0x200708c8        0x4 src/spi_sam.o
                0x200708c8                spi_rece_cnt
 .bss.usb_rece_head
                0x200708cc       0x14 src/usart_sam.o
                0x200708cc                usb_rece_head
 .bss.usart_rece_buf
                0x200708e0      0x200 src/usart_sam.o
                0x200708e0                usart_rece_buf
 .bss.usart_rece_cnt
                0x20070ae0        0x4 src/usart_sam.o
                0x20070ae0                usart_rece_cnt
 .bss.usart_console_settings
                0x20070ae4       0x18 src/usart_sam.o
 .bss.usb_rece_cnt
                0x20070afc        0x4 src/usart_sam.o
                0x20070afc                usb_rece_cnt
 .bss.udi_cdc_line_coding
                0x20070b00        0x7 src/ASF/common/services/usb/class/cdc/device/udi_cdc.o
 .bss.udi_cdc_nb_data_enabled
                0x20070b07        0x1 src/ASF/common/services/usb/class/cdc/device/udi_cdc.o
 .bss.udi_cdc_tx_buf_sel
                0x20070b08        0x1 src/ASF/common/services/usb/class/cdc/device/udi_cdc.o
 *fill*         0x20070b09        0x1 
 .bss.sof_zlp_counter.7900
                0x20070b0a        0x2 src/ASF/common/services/usb/class/cdc/device/udi_cdc.o
 .bss.udi_cdc_tx_buf_nb
                0x20070b0c        0x4 src/ASF/common/services/usb/class/cdc/device/udi_cdc.o
 .bss.udi_cdc_tx_buf
                0x20070b10      0x400 src/ASF/common/services/usb/class/cdc/device/udi_cdc.o
 .bss.udi_cdc_rx_buf_nb
                0x20070f10        0x4 src/ASF/common/services/usb/class/cdc/device/udi_cdc.o
 .bss.udi_cdc_nb_comm_enabled
                0x20070f14        0x1 src/ASF/common/services/usb/class/cdc/device/udi_cdc.o
 *fill*         0x20070f15        0x3 
 .bss.udi_cdc_serial_state_msg_ongoing
                0x20070f18        0x1 src/ASF/common/services/usb/class/cdc/device/udi_cdc.o
 *fill*         0x20070f19        0x3 
 .bss.udi_cdc_rx_pos
                0x20070f1c        0x2 src/ASF/common/services/usb/class/cdc/device/udi_cdc.o
 *fill*         0x20070f1e        0x2 
 .bss.udi_cdc_tx_sof_num
                0x20070f20        0x2 src/ASF/common/services/usb/class/cdc/device/udi_cdc.o
 .bss.udi_cdc_data_running
                0x20070f22        0x1 src/ASF/common/services/usb/class/cdc/device/udi_cdc.o
 *fill*         0x20070f23        0x1 
 .bss.udi_cdc_rx_buf_sel
                0x20070f24        0x1 src/ASF/common/services/usb/class/cdc/device/udi_cdc.o
 *fill*         0x20070f25        0x3 
 .bss.udi_cdc_tx_trans_ongoing
                0x20070f28        0x1 src/ASF/common/services/usb/class/cdc/device/udi_cdc.o
 *fill*         0x20070f29        0x3 
 .bss.uid_cdc_state_msg
                0x20070f2c        0xa src/ASF/common/services/usb/class/cdc/device/udi_cdc.o
 *fill*         0x20070f36        0x2 
 .bss.udi_cdc_rx_buf
                0x20070f38      0x400 src/ASF/common/services/usb/class/cdc/device/udi_cdc.o
 .bss.udi_cdc_rx_trans_ongoing
                0x20071338        0x1 src/ASF/common/services/usb/class/cdc/device/udi_cdc.o
 *fill*         0x20071339        0x3 
 .bss.udi_cdc_tx_both_buf_to_send
                0x2007133c        0x1 src/ASF/common/services/usb/class/cdc/device/udi_cdc.o
 *fill*         0x2007133d        0x3 
 .bss.udi_cdc_state
                0x20071340        0x2 src/ASF/common/services/usb/class/cdc/device/udi_cdc.o
 *fill*         0x20071342        0x2 
 .bss.udc_ptr_conf
                0x20071344        0x4 src/ASF/common/services/usb/udc/udc.o
 .bss.udc_iface_setting
                0x20071348        0x1 src/ASF/common/services/usb/udc/udc.o
 *fill*         0x20071349        0x1 
 .bss.udc_device_status
                0x2007134a        0x2 src/ASF/common/services/usb/udc/udc.o
 .bss.udc_num_configuration
                0x2007134c        0x1 src/ASF/common/services/usb/udc/udc.o
 *fill*         0x2007134d        0x3 
 .bss.udc_ptr_iface
                0x20071350        0x4 src/ASF/common/services/usb/udc/udc.o
 .bss.udc_ep_status.7560
                0x20071354        0x2 src/ASF/common/services/usb/udc/udc.o
 *fill*         0x20071356        0x2 
 .bss.gs_interrupt_sources
                0x20071358       0x70 src/ASF/sam/drivers/pio/pio_handler.o
 .bss.udd_b_sleep_initialized
                0x200713c8        0x1 src/ASF/sam/drivers/uotghs/uotghs_device.o
 *fill*         0x200713c9        0x1 
 .bss.udd_ctrl_prev_payload_buf_cnt
                0x200713ca        0x2 src/ASF/sam/drivers/uotghs/uotghs_device.o
 .bss.udd_b_idle
                0x200713cc        0x1 src/ASF/sam/drivers/uotghs/uotghs_device.o
 *fill*         0x200713cd        0x3 
 .bss.udd_ep_job
                0x200713d0       0x48 src/ASF/sam/drivers/uotghs/uotghs_device.o
 .bss.udd_ep_control_state
                0x20071418        0x1 src/ASF/sam/drivers/uotghs/uotghs_device.o
 *fill*         0x20071419        0x1 
 .bss.udd_ctrl_payload_buf_cnt
                0x2007141a        0x2 src/ASF/sam/drivers/uotghs/uotghs_device.o
 .bss.b_shortpacket.8254
                0x2007141c        0x1 src/ASF/sam/drivers/uotghs/uotghs_device.o
 *fill*         0x2007141d        0x3 
 .bss.ul_reg_val.7380
                0x20071420        0x4 src/ASF/sam/drivers/usart/usart.o
 .bss.b_is_sleep_clock_used
                0x20071424        0x1 src/ASF/sam/drivers/pmc/sleep.o
 *(COMMON)
 *fill*         0x20071425        0x3 
 COMMON         0x20071428      0x240 src/iic_sam.o
                0x20071428                packet_rx
                0x2007143c                opt
                0x20071448                packet_tx
                0x2007145c                iic_read_flag
                0x20071460                iic_read_cnt
                0x20071464                iic_address
                0x20071468                iic_read_buf
 COMMON         0x20071668        0x6 src/spi_sam.o
                0x20071668                spi_timeout_cnt
                0x2007166c                spi_buf_full_flag
                0x2007166d                spi_read_again_flag
 *fill*         0x2007166e        0x2 
 COMMON         0x20071670        0xc src/usart_sam.o
                0x20071670                usb_timeout_cnt
                0x20071674                usart_buf_full_flag
                0x20071678                usart_timeout_cnt
 COMMON         0x2007167c        0x6 src/ASF/common/services/sleepmgr/sam/sleepmgr.o
                0x2007167c                sleepmgr_locks
 *fill*         0x20071682        0x2 
 COMMON         0x20071684       0x18 src/ASF/sam/drivers/uotghs/uotghs_device.o
                0x20071684                udd_g_ctrlreq
                0x2007169c                . = ALIGN (0x4)
                0x2007169c                _ebss = .
                0x2007169c                _ezero = .

.stack          0x2007169c     0x2004 load address 0x000856c4
                0x200716a0                . = ALIGN (0x8)
 *fill*         0x2007169c        0x4 
                0x200716a0                _sstack = .
                0x200736a0                . = (. + __stack_size__)
 *fill*         0x200716a0     0x2000 
                0x200736a0                . = ALIGN (0x8)
                0x200736a0                _estack = .
                0x200736a0                . = ALIGN (0x4)
                0x200736a0                _end = .
OUTPUT(USB_to_serial_test_Project.elf elf32-littlearm)

.ARM.attributes
                0x00000000       0x29
 .ARM.attributes
                0x00000000       0x1d e:/rj/atmel studio/7.0/toolchain/arm/arm-gnu-toolchain/bin/../lib/gcc/arm-none-eabi/5.3.1/armv7-m/crti.o
 .ARM.attributes
                0x0000001d       0x2d e:/rj/atmel studio/7.0/toolchain/arm/arm-gnu-toolchain/bin/../lib/gcc/arm-none-eabi/5.3.1/armv7-m/crtbegin.o
 .ARM.attributes
                0x0000004a       0x33 src/ASF/sam/drivers/spi/spi.o
 .ARM.attributes
                0x0000007d       0x33 src/ASF/sam/drivers/twi/twi.o
 .ARM.attributes
                0x000000b0       0x33 src/iic_sam.o
 .ARM.attributes
                0x000000e3       0x33 src/spi_sam.o
 .ARM.attributes
                0x00000116       0x33 src/usart_sam.o
 .ARM.attributes
                0x00000149       0x33 src/ASF/common/services/delay/sam/cycle_counter.o
 .ARM.attributes
                0x0000017c       0x33 src/ASF/common/services/sleepmgr/sam/sleepmgr.o
 .ARM.attributes
                0x000001af       0x33 src/ASF/common/services/usb/class/cdc/device/udi_cdc.o
 .ARM.attributes
                0x000001e2       0x33 src/ASF/common/services/usb/udc/udc.o
 .ARM.attributes
                0x00000215       0x33 src/ASF/sam/drivers/pio/pio_handler.o
 .ARM.attributes
                0x00000248       0x33 src/ASF/sam/drivers/uotghs/uotghs_device.o
 .ARM.attributes
                0x0000027b       0x33 src/ASF/sam/drivers/usart/usart.o
 .ARM.attributes
                0x000002ae       0x33 src/ASF/common/services/usb/class/cdc/device/udi_cdc_desc.o
 .ARM.attributes
                0x000002e1       0x33 src/ASF/common/services/clock/sam3x/sysclk.o
 .ARM.attributes
                0x00000314       0x33 src/ASF/sam/drivers/pio/pio.o
 .ARM.attributes
                0x00000347       0x33 src/ASF/sam/drivers/pmc/pmc.o
 .ARM.attributes
                0x0000037a       0x33 src/ASF/sam/drivers/pmc/sleep.o
 .ARM.attributes
                0x000003ad       0x33 src/ASF/common/boards/user_board/init.o
 .ARM.attributes
                0x000003e0       0x33 src/ASF/common/utils/interrupt/interrupt_sam_nvic.o
 .ARM.attributes
                0x00000413       0x33 src/ASF/sam/utils/cmsis/sam3x/source/templates/exceptions.o
 .ARM.attributes
                0x00000446       0x33 src/ASF/sam/utils/cmsis/sam3x/source/templates/gcc/startup_sam3x.o
 .ARM.attributes
                0x00000479       0x33 src/ASF/sam/utils/cmsis/sam3x/source/templates/system_sam3x.o
 .ARM.attributes
                0x000004ac       0x33 src/main.o
 .ARM.attributes
                0x000004df       0x2d e:/rj/atmel studio/7.0/toolchain/arm/arm-gnu-toolchain/bin/../lib/gcc/arm-none-eabi/5.3.1/../../../../arm-none-eabi/lib/armv7-m\libc.a(lib_a-impure.o)
 .ARM.attributes
                0x0000050c       0x2d e:/rj/atmel studio/7.0/toolchain/arm/arm-gnu-toolchain/bin/../lib/gcc/arm-none-eabi/5.3.1/../../../../arm-none-eabi/lib/armv7-m\libc.a(lib_a-init.o)
 .ARM.attributes
                0x00000539       0x1b e:/rj/atmel studio/7.0/toolchain/arm/arm-gnu-toolchain/bin/../lib/gcc/arm-none-eabi/5.3.1/../../../../arm-none-eabi/lib/armv7-m\libc.a(lib_a-memcpy.o)
 .ARM.attributes
                0x00000554       0x2d e:/rj/atmel studio/7.0/toolchain/arm/arm-gnu-toolchain/bin/../lib/gcc/arm-none-eabi/5.3.1/../../../../arm-none-eabi/lib/armv7-m\libc.a(lib_a-memset.o)
 .ARM.attributes
                0x00000581       0x1b e:/rj/atmel studio/7.0/toolchain/arm/arm-gnu-toolchain/bin/../lib/gcc/arm-none-eabi/5.3.1/../../../../arm-none-eabi/lib/armv7-m\libc.a(lib_a-strcmp.o)
 .ARM.attributes
                0x0000059c       0x2d e:/rj/atmel studio/7.0/toolchain/arm/arm-gnu-toolchain/bin/../lib/gcc/arm-none-eabi/5.3.1/../../../../arm-none-eabi/lib/armv7-m\libc.a(lib_a-__call_atexit.o)
 .ARM.attributes
                0x000005c9       0x2d e:/rj/atmel studio/7.0/toolchain/arm/arm-gnu-toolchain/bin/../lib/gcc/arm-none-eabi/5.3.1/../../../../arm-none-eabi/lib/armv7-m\libc.a(lib_a-atexit.o)
 .ARM.attributes
                0x000005f6       0x2d e:/rj/atmel studio/7.0/toolchain/arm/arm-gnu-toolchain/bin/../lib/gcc/arm-none-eabi/5.3.1/../../../../arm-none-eabi/lib/armv7-m\libc.a(lib_a-fini.o)
 .ARM.attributes
                0x00000623       0x2d e:/rj/atmel studio/7.0/toolchain/arm/arm-gnu-toolchain/bin/../lib/gcc/arm-none-eabi/5.3.1/../../../../arm-none-eabi/lib/armv7-m\libc.a(lib_a-__atexit.o)
 .ARM.attributes
                0x00000650       0x1d e:/rj/atmel studio/7.0/toolchain/arm/arm-gnu-toolchain/bin/../lib/gcc/arm-none-eabi/5.3.1/armv7-m/crtn.o

.comment        0x00000000       0x59
 .comment       0x00000000       0x59 src/ASF/sam/drivers/spi/spi.o
                                 0x5a (size before relaxing)
 .comment       0x00000059       0x5a src/ASF/sam/drivers/twi/twi.o
 .comment       0x00000059       0x5a src/iic_sam.o
 .comment       0x00000059       0x5a src/spi_sam.o
 .comment       0x00000059       0x5a src/usart_sam.o
 .comment       0x00000059       0x5a src/ASF/common/services/delay/sam/cycle_counter.o
 .comment       0x00000059       0x5a src/ASF/common/services/sleepmgr/sam/sleepmgr.o
 .comment       0x00000059       0x5a src/ASF/common/services/usb/class/cdc/device/udi_cdc.o
 .comment       0x00000059       0x5a src/ASF/common/services/usb/udc/udc.o
 .comment       0x00000059       0x5a src/ASF/sam/drivers/pio/pio_handler.o
 .comment       0x00000059       0x5a src/ASF/sam/drivers/uotghs/uotghs_device.o
 .comment       0x00000059       0x5a src/ASF/sam/drivers/usart/usart.o
 .comment       0x00000059       0x5a src/ASF/common/services/usb/class/cdc/device/udi_cdc_desc.o
 .comment       0x00000059       0x5a src/ASF/common/services/clock/sam3x/sysclk.o
 .comment       0x00000059       0x5a src/ASF/sam/drivers/pio/pio.o
 .comment       0x00000059       0x5a src/ASF/sam/drivers/pmc/pmc.o
 .comment       0x00000059       0x5a src/ASF/sam/drivers/pmc/sleep.o
 .comment       0x00000059       0x5a src/ASF/common/boards/user_board/init.o
 .comment       0x00000059       0x5a src/ASF/common/utils/interrupt/interrupt_sam_nvic.o
 .comment       0x00000059       0x5a src/ASF/sam/utils/cmsis/sam3x/source/templates/exceptions.o
 .comment       0x00000059       0x5a src/ASF/sam/utils/cmsis/sam3x/source/templates/gcc/startup_sam3x.o
 .comment       0x00000059       0x5a src/ASF/sam/utils/cmsis/sam3x/source/templates/system_sam3x.o
 .comment       0x00000059       0x5a src/main.o

.debug_info     0x00000000    0x11d96
 .debug_info    0x00000000      0x7fa src/ASF/sam/drivers/spi/spi.o
 .debug_info    0x000007fa      0xb29 src/ASF/sam/drivers/twi/twi.o
 .debug_info    0x00001323      0x77f src/iic_sam.o
 .debug_info    0x00001aa2      0xe73 src/spi_sam.o
 .debug_info    0x00002915     0x1296 src/usart_sam.o
 .debug_info    0x00003bab      0x134 src/ASF/common/services/delay/sam/cycle_counter.o
 .debug_info    0x00003cdf      0x176 src/ASF/common/services/sleepmgr/sam/sleepmgr.o
 .debug_info    0x00003e55     0x1d9e src/ASF/common/services/usb/class/cdc/device/udi_cdc.o
 .debug_info    0x00005bf3     0x11ca src/ASF/common/services/usb/udc/udc.o
 .debug_info    0x00006dbd      0xe6a src/ASF/sam/drivers/pio/pio_handler.o
 .debug_info    0x00007c27     0x2cfd src/ASF/sam/drivers/uotghs/uotghs_device.o
 .debug_info    0x0000a924     0x1c04 src/ASF/sam/drivers/usart/usart.o
 .debug_info    0x0000c528      0x96c src/ASF/common/services/usb/class/cdc/device/udi_cdc_desc.o
 .debug_info    0x0000ce94      0x79d src/ASF/common/services/clock/sam3x/sysclk.o
 .debug_info    0x0000d631     0x1384 src/ASF/sam/drivers/pio/pio.o
 .debug_info    0x0000e9b5     0x1097 src/ASF/sam/drivers/pmc/pmc.o
 .debug_info    0x0000fa4c      0xa29 src/ASF/sam/drivers/pmc/sleep.o
 .debug_info    0x00010475      0x99e src/ASF/common/boards/user_board/init.o
 .debug_info    0x00010e13      0x1e4 src/ASF/common/utils/interrupt/interrupt_sam_nvic.o
 .debug_info    0x00010ff7      0x125 src/ASF/sam/utils/cmsis/sam3x/source/templates/exceptions.o
 .debug_info    0x0001111c      0x3d3 src/ASF/sam/utils/cmsis/sam3x/source/templates/gcc/startup_sam3x.o
 .debug_info    0x000114ef      0x4c6 src/ASF/sam/utils/cmsis/sam3x/source/templates/system_sam3x.o
 .debug_info    0x000119b5      0x3e1 src/main.o

.debug_abbrev   0x00000000     0x329f
 .debug_abbrev  0x00000000      0x29d src/ASF/sam/drivers/spi/spi.o
 .debug_abbrev  0x0000029d      0x2c9 src/ASF/sam/drivers/twi/twi.o
 .debug_abbrev  0x00000566      0x220 src/iic_sam.o
 .debug_abbrev  0x00000786      0x269 src/spi_sam.o
 .debug_abbrev  0x000009ef      0x2d8 src/usart_sam.o
 .debug_abbrev  0x00000cc7       0x9d src/ASF/common/services/delay/sam/cycle_counter.o
 .debug_abbrev  0x00000d64       0xab src/ASF/common/services/sleepmgr/sam/sleepmgr.o
 .debug_abbrev  0x00000e0f      0x3d3 src/ASF/common/services/usb/class/cdc/device/udi_cdc.o
 .debug_abbrev  0x000011e2      0x377 src/ASF/common/services/usb/udc/udc.o
 .debug_abbrev  0x00001559      0x262 src/ASF/sam/drivers/pio/pio_handler.o
 .debug_abbrev  0x000017bb      0x53d src/ASF/sam/drivers/uotghs/uotghs_device.o
 .debug_abbrev  0x00001cf8      0x325 src/ASF/sam/drivers/usart/usart.o
 .debug_abbrev  0x0000201d      0x129 src/ASF/common/services/usb/class/cdc/device/udi_cdc_desc.o
 .debug_abbrev  0x00002146      0x241 src/ASF/common/services/clock/sam3x/sysclk.o
 .debug_abbrev  0x00002387      0x2de src/ASF/sam/drivers/pio/pio.o
 .debug_abbrev  0x00002665      0x268 src/ASF/sam/drivers/pmc/pmc.o
 .debug_abbrev  0x000028cd      0x211 src/ASF/sam/drivers/pmc/sleep.o
 .debug_abbrev  0x00002ade      0x22f src/ASF/common/boards/user_board/init.o
 .debug_abbrev  0x00002d0d       0xed src/ASF/common/utils/interrupt/interrupt_sam_nvic.o
 .debug_abbrev  0x00002dfa       0x8f src/ASF/sam/utils/cmsis/sam3x/source/templates/exceptions.o
 .debug_abbrev  0x00002e89      0x11b src/ASF/sam/utils/cmsis/sam3x/source/templates/gcc/startup_sam3x.o
 .debug_abbrev  0x00002fa4      0x115 src/ASF/sam/utils/cmsis/sam3x/source/templates/system_sam3x.o
 .debug_abbrev  0x000030b9      0x1e6 src/main.o

.debug_loc      0x00000000     0x7b27
 .debug_loc     0x00000000      0x61a src/ASF/sam/drivers/spi/spi.o
 .debug_loc     0x0000061a      0x906 src/ASF/sam/drivers/twi/twi.o
 .debug_loc     0x00000f20      0x36a src/iic_sam.o
 .debug_loc     0x0000128a      0x2a0 src/spi_sam.o
 .debug_loc     0x0000152a      0x30f src/usart_sam.o
 .debug_loc     0x00001839     0x120e src/ASF/common/services/usb/class/cdc/device/udi_cdc.o
 .debug_loc     0x00002a47      0x4e6 src/ASF/common/services/usb/udc/udc.o
 .debug_loc     0x00002f2d      0x53e src/ASF/sam/drivers/pio/pio_handler.o
 .debug_loc     0x0000346b     0x1660 src/ASF/sam/drivers/uotghs/uotghs_device.o
 .debug_loc     0x00004acb     0x119a src/ASF/sam/drivers/usart/usart.o
 .debug_loc     0x00005c65      0x183 src/ASF/common/services/clock/sam3x/sysclk.o
 .debug_loc     0x00005de8      0xb2a src/ASF/sam/drivers/pio/pio.o
 .debug_loc     0x00006912      0xd57 src/ASF/sam/drivers/pmc/pmc.o
 .debug_loc     0x00007669      0x2ff src/ASF/sam/drivers/pmc/sleep.o
 .debug_loc     0x00007968       0xb1 src/ASF/common/boards/user_board/init.o
 .debug_loc     0x00007a19       0x5e src/ASF/sam/utils/cmsis/sam3x/source/templates/gcc/startup_sam3x.o
 .debug_loc     0x00007a77       0xb0 src/main.o

.debug_aranges  0x00000000      0xd50
 .debug_aranges
                0x00000000       0x90 src/ASF/sam/drivers/spi/spi.o
 .debug_aranges
                0x00000090       0xc8 src/ASF/sam/drivers/twi/twi.o
 .debug_aranges
                0x00000158       0x48 src/iic_sam.o
 .debug_aranges
                0x000001a0       0x40 src/spi_sam.o
 .debug_aranges
                0x000001e0       0x60 src/usart_sam.o
 .debug_aranges
                0x00000240       0x20 src/ASF/common/services/delay/sam/cycle_counter.o
 .debug_aranges
                0x00000260       0x18 src/ASF/common/services/sleepmgr/sam/sleepmgr.o
 .debug_aranges
                0x00000278      0x170 src/ASF/common/services/usb/class/cdc/device/udi_cdc.o
 .debug_aranges
                0x000003e8       0x70 src/ASF/common/services/usb/udc/udc.o
 .debug_aranges
                0x00000458       0x58 src/ASF/sam/drivers/pio/pio_handler.o
 .debug_aranges
                0x000004b0      0x120 src/ASF/sam/drivers/uotghs/uotghs_device.o
 .debug_aranges
                0x000005d0      0x2a8 src/ASF/sam/drivers/usart/usart.o
 .debug_aranges
                0x00000878       0x18 src/ASF/common/services/usb/class/cdc/device/udi_cdc_desc.o
 .debug_aranges
                0x00000890       0x40 src/ASF/common/services/clock/sam3x/sysclk.o
 .debug_aranges
                0x000008d0      0x148 src/ASF/sam/drivers/pio/pio.o
 .debug_aranges
                0x00000a18      0x200 src/ASF/sam/drivers/pmc/pmc.o
 .debug_aranges
                0x00000c18       0x30 src/ASF/sam/drivers/pmc/sleep.o
 .debug_aranges
                0x00000c48       0x20 src/ASF/common/boards/user_board/init.o
 .debug_aranges
                0x00000c68       0x28 src/ASF/common/utils/interrupt/interrupt_sam_nvic.o
 .debug_aranges
                0x00000c90       0x20 src/ASF/sam/utils/cmsis/sam3x/source/templates/exceptions.o
 .debug_aranges
                0x00000cb0       0x20 src/ASF/sam/utils/cmsis/sam3x/source/templates/gcc/startup_sam3x.o
 .debug_aranges
                0x00000cd0       0x30 src/ASF/sam/utils/cmsis/sam3x/source/templates/system_sam3x.o
 .debug_aranges
                0x00000d00       0x50 src/main.o

.debug_ranges   0x00000000      0xcc8
 .debug_ranges  0x00000000       0x80 src/ASF/sam/drivers/spi/spi.o
 .debug_ranges  0x00000080       0xb8 src/ASF/sam/drivers/twi/twi.o
 .debug_ranges  0x00000138       0x38 src/iic_sam.o
 .debug_ranges  0x00000170       0x30 src/spi_sam.o
 .debug_ranges  0x000001a0       0x50 src/usart_sam.o
 .debug_ranges  0x000001f0       0x10 src/ASF/common/services/delay/sam/cycle_counter.o
 .debug_ranges  0x00000200      0x1c8 src/ASF/common/services/usb/class/cdc/device/udi_cdc.o
 .debug_ranges  0x000003c8       0x90 src/ASF/common/services/usb/udc/udc.o
 .debug_ranges  0x00000458       0x48 src/ASF/sam/drivers/pio/pio_handler.o
 .debug_ranges  0x000004a0      0x170 src/ASF/sam/drivers/uotghs/uotghs_device.o
 .debug_ranges  0x00000610      0x298 src/ASF/sam/drivers/usart/usart.o
 .debug_ranges  0x000008a8       0x30 src/ASF/common/services/clock/sam3x/sysclk.o
 .debug_ranges  0x000008d8      0x138 src/ASF/sam/drivers/pio/pio.o
 .debug_ranges  0x00000a10      0x1f0 src/ASF/sam/drivers/pmc/pmc.o
 .debug_ranges  0x00000c00       0x20 src/ASF/sam/drivers/pmc/sleep.o
 .debug_ranges  0x00000c20       0x10 src/ASF/common/boards/user_board/init.o
 .debug_ranges  0x00000c30       0x18 src/ASF/common/utils/interrupt/interrupt_sam_nvic.o
 .debug_ranges  0x00000c48       0x10 src/ASF/sam/utils/cmsis/sam3x/source/templates/exceptions.o
 .debug_ranges  0x00000c58       0x10 src/ASF/sam/utils/cmsis/sam3x/source/templates/gcc/startup_sam3x.o
 .debug_ranges  0x00000c68       0x20 src/ASF/sam/utils/cmsis/sam3x/source/templates/system_sam3x.o
 .debug_ranges  0x00000c88       0x40 src/main.o

.debug_macro    0x00000000    0x1b89a
 .debug_macro   0x00000000      0x5af src/ASF/sam/drivers/spi/spi.o
 .debug_macro   0x000005af      0x892 src/ASF/sam/drivers/spi/spi.o
 .debug_macro   0x00000e41      0x16d src/ASF/sam/drivers/spi/spi.o
 .debug_macro   0x00000fae      0x644 src/ASF/sam/drivers/spi/spi.o
 .debug_macro   0x000015f2       0x76 src/ASF/sam/drivers/spi/spi.o
 .debug_macro   0x00001668       0x16 src/ASF/sam/drivers/spi/spi.o
 .debug_macro   0x0000167e      0x6e4 src/ASF/sam/drivers/spi/spi.o
 .debug_macro   0x00001d62       0x22 src/ASF/sam/drivers/spi/spi.o
 .debug_macro   0x00001d84       0x87 src/ASF/sam/drivers/spi/spi.o
 .debug_macro   0x00001e0b       0x44 src/ASF/sam/drivers/spi/spi.o
 .debug_macro   0x00001e4f       0xfd src/ASF/sam/drivers/spi/spi.o
 .debug_macro   0x00001f4c       0x22 src/ASF/sam/drivers/spi/spi.o
 .debug_macro   0x00001f6e      0x1df src/ASF/sam/drivers/spi/spi.o
 .debug_macro   0x0000214d       0x20 src/ASF/sam/drivers/spi/spi.o
 .debug_macro   0x0000216d       0x3a src/ASF/sam/drivers/spi/spi.o
 .debug_macro   0x000021a7       0x2d src/ASF/sam/drivers/spi/spi.o
 .debug_macro   0x000021d4      0xbb1 src/ASF/sam/drivers/spi/spi.o
 .debug_macro   0x00002d85      0xab6 src/ASF/sam/drivers/spi/spi.o
 .debug_macro   0x0000383b      0x569 src/ASF/sam/drivers/spi/spi.o
 .debug_macro   0x00003da4      0x2b5 src/ASF/sam/drivers/spi/spi.o
 .debug_macro   0x00004059      0x31a src/ASF/sam/drivers/spi/spi.o
 .debug_macro   0x00004373      0x74f src/ASF/sam/drivers/spi/spi.o
 .debug_macro   0x00004ac2       0x82 src/ASF/sam/drivers/spi/spi.o
 .debug_macro   0x00004b44      0x57b src/ASF/sam/drivers/spi/spi.o
 .debug_macro   0x000050bf       0x1c src/ASF/sam/drivers/spi/spi.o
 .debug_macro   0x000050db      0x6b7 src/ASF/sam/drivers/spi/spi.o
 .debug_macro   0x00005792      0x52d src/ASF/sam/drivers/spi/spi.o
 .debug_macro   0x00005cbf       0xbe src/ASF/sam/drivers/spi/spi.o
 .debug_macro   0x00005d7d     0x2342 src/ASF/sam/drivers/spi/spi.o
 .debug_macro   0x000080bf      0x85d src/ASF/sam/drivers/spi/spi.o
 .debug_macro   0x0000891c      0xdc9 src/ASF/sam/drivers/spi/spi.o
 .debug_macro   0x000096e5       0x7c src/ASF/sam/drivers/spi/spi.o
 .debug_macro   0x00009761      0x263 src/ASF/sam/drivers/spi/spi.o
 .debug_macro   0x000099c4       0x58 src/ASF/sam/drivers/spi/spi.o
 .debug_macro   0x00009a1c      0x9a7 src/ASF/sam/drivers/spi/spi.o
 .debug_macro   0x0000a3c3      0x248 src/ASF/sam/drivers/spi/spi.o
 .debug_macro   0x0000a60b      0x4df src/ASF/sam/drivers/spi/spi.o
 .debug_macro   0x0000aaea      0x6b3 src/ASF/sam/drivers/spi/spi.o
 .debug_macro   0x0000b19d      0x59f src/ASF/sam/drivers/spi/spi.o
 .debug_macro   0x0000b73c       0x46 src/ASF/sam/drivers/spi/spi.o
 .debug_macro   0x0000b782      0x34d src/ASF/sam/drivers/spi/spi.o
 .debug_macro   0x0000bacf      0x28c src/ASF/sam/drivers/spi/spi.o
 .debug_macro   0x0000bd5b     0x14d7 src/ASF/sam/drivers/spi/spi.o
 .debug_macro   0x0000d232      0x7ba src/ASF/sam/drivers/spi/spi.o
 .debug_macro   0x0000d9ec       0x76 src/ASF/sam/drivers/spi/spi.o
 .debug_macro   0x0000da62       0x82 src/ASF/sam/drivers/spi/spi.o
 .debug_macro   0x0000dae4       0x76 src/ASF/sam/drivers/spi/spi.o
 .debug_macro   0x0000db5a       0x4c src/ASF/sam/drivers/spi/spi.o
 .debug_macro   0x0000dba6      0x105 src/ASF/sam/drivers/spi/spi.o
 .debug_macro   0x0000dcab      0x105 src/ASF/sam/drivers/spi/spi.o
 .debug_macro   0x0000ddb0      0x105 src/ASF/sam/drivers/spi/spi.o
 .debug_macro   0x0000deb5       0x88 src/ASF/sam/drivers/spi/spi.o
 .debug_macro   0x0000df3d       0x88 src/ASF/sam/drivers/spi/spi.o
 .debug_macro   0x0000dfc5      0x3b4 src/ASF/sam/drivers/spi/spi.o
 .debug_macro   0x0000e379       0xb8 src/ASF/sam/drivers/spi/spi.o
 .debug_macro   0x0000e431       0xb8 src/ASF/sam/drivers/spi/spi.o
 .debug_macro   0x0000e4e9       0xb8 src/ASF/sam/drivers/spi/spi.o
 .debug_macro   0x0000e5a1       0xb8 src/ASF/sam/drivers/spi/spi.o
 .debug_macro   0x0000e659      0x2b8 src/ASF/sam/drivers/spi/spi.o
 .debug_macro   0x0000e911      0x125 src/ASF/sam/drivers/spi/spi.o
 .debug_macro   0x0000ea36      0x225 src/ASF/sam/drivers/spi/spi.o
 .debug_macro   0x0000ec5b      0x225 src/ASF/sam/drivers/spi/spi.o
 .debug_macro   0x0000ee80       0x2e src/ASF/sam/drivers/spi/spi.o
 .debug_macro   0x0000eeae       0xac src/ASF/sam/drivers/spi/spi.o
 .debug_macro   0x0000ef5a      0x14d src/ASF/sam/drivers/spi/spi.o
 .debug_macro   0x0000f0a7       0x7c src/ASF/sam/drivers/spi/spi.o
 .debug_macro   0x0000f123      0x205 src/ASF/sam/drivers/spi/spi.o
 .debug_macro   0x0000f328       0x64 src/ASF/sam/drivers/spi/spi.o
 .debug_macro   0x0000f38c       0xa6 src/ASF/sam/drivers/spi/spi.o
 .debug_macro   0x0000f432       0x7c src/ASF/sam/drivers/spi/spi.o
 .debug_macro   0x0000f4ae       0x16 src/ASF/sam/drivers/spi/spi.o
 .debug_macro   0x0000f4c4       0x22 src/ASF/sam/drivers/spi/spi.o
 .debug_macro   0x0000f4e6       0x22 src/ASF/sam/drivers/spi/spi.o
 .debug_macro   0x0000f508      0x115 src/ASF/sam/drivers/spi/spi.o
 .debug_macro   0x0000f61d      0x115 src/ASF/sam/drivers/spi/spi.o
 .debug_macro   0x0000f732      0x115 src/ASF/sam/drivers/spi/spi.o
 .debug_macro   0x0000f847      0x115 src/ASF/sam/drivers/spi/spi.o
 .debug_macro   0x0000f95c       0x1c src/ASF/sam/drivers/spi/spi.o
 .debug_macro   0x0000f978       0x2e src/ASF/sam/drivers/spi/spi.o
 .debug_macro   0x0000f9a6       0x22 src/ASF/sam/drivers/spi/spi.o
 .debug_macro   0x0000f9c8       0x1c src/ASF/sam/drivers/spi/spi.o
 .debug_macro   0x0000f9e4       0x58 src/ASF/sam/drivers/spi/spi.o
 .debug_macro   0x0000fa3c       0x10 src/ASF/sam/drivers/spi/spi.o
 .debug_macro   0x0000fa4c      0x273 src/ASF/sam/drivers/spi/spi.o
 .debug_macro   0x0000fcbf      0xd43 src/ASF/sam/drivers/spi/spi.o
 .debug_macro   0x00010a02      0x131 src/ASF/sam/drivers/spi/spi.o
 .debug_macro   0x00010b33       0x52 src/ASF/sam/drivers/spi/spi.o
 .debug_macro   0x00010b85       0x35 src/ASF/sam/drivers/spi/spi.o
 .debug_macro   0x00010bba       0x9c src/ASF/sam/drivers/spi/spi.o
 .debug_macro   0x00010c56       0x16 src/ASF/sam/drivers/spi/spi.o
 .debug_macro   0x00010c6c       0x35 src/ASF/sam/drivers/spi/spi.o
 .debug_macro   0x00010ca1      0x330 src/ASF/sam/drivers/spi/spi.o
 .debug_macro   0x00010fd1       0x10 src/ASF/sam/drivers/spi/spi.o
 .debug_macro   0x00010fe1       0x52 src/ASF/sam/drivers/spi/spi.o
 .debug_macro   0x00011033       0x16 src/ASF/sam/drivers/spi/spi.o
 .debug_macro   0x00011049       0x43 src/ASF/sam/drivers/spi/spi.o
 .debug_macro   0x0001108c      0x187 src/ASF/sam/drivers/spi/spi.o
 .debug_macro   0x00011213       0x22 src/ASF/sam/drivers/spi/spi.o
 .debug_macro   0x00011235       0x3a src/ASF/sam/drivers/spi/spi.o
 .debug_macro   0x0001126f       0x10 src/ASF/sam/drivers/spi/spi.o
 .debug_macro   0x0001127f       0x40 src/ASF/sam/drivers/spi/spi.o
 .debug_macro   0x000112bf       0x6c src/ASF/sam/drivers/spi/spi.o
 .debug_macro   0x0001132b       0x16 src/ASF/sam/drivers/spi/spi.o
 .debug_macro   0x00011341      0x182 src/ASF/sam/drivers/spi/spi.o
 .debug_macro   0x000114c3       0x22 src/ASF/sam/drivers/spi/spi.o
 .debug_macro   0x000114e5       0x16 src/ASF/sam/drivers/spi/spi.o
 .debug_macro   0x000114fb       0x16 src/ASF/sam/drivers/spi/spi.o
 .debug_macro   0x00011511       0x29 src/ASF/sam/drivers/spi/spi.o
 .debug_macro   0x0001153a       0x75 src/ASF/sam/drivers/spi/spi.o
 .debug_macro   0x000115af       0x45 src/ASF/sam/drivers/spi/spi.o
 .debug_macro   0x000115f4      0x3ca src/ASF/sam/drivers/spi/spi.o
 .debug_macro   0x000119be       0x10 src/ASF/sam/drivers/spi/spi.o
 .debug_macro   0x000119ce       0x34 src/ASF/sam/drivers/spi/spi.o
 .debug_macro   0x00011a02      0x2aa src/ASF/sam/drivers/spi/spi.o
 .debug_macro   0x00011cac       0x5e src/ASF/sam/drivers/spi/spi.o
 .debug_macro   0x00011d0a       0x82 src/ASF/sam/drivers/spi/spi.o
 .debug_macro   0x00011d8c       0x5f src/ASF/sam/drivers/spi/spi.o
 .debug_macro   0x00011deb       0x90 src/ASF/sam/drivers/spi/spi.o
 .debug_macro   0x00011e7b      0x558 src/ASF/sam/drivers/twi/twi.o
 .debug_macro   0x000123d3       0x46 src/ASF/sam/drivers/twi/twi.o
 .debug_macro   0x00012419      0x725 src/iic_sam.o
 .debug_macro   0x00012b3e       0x28 src/iic_sam.o
 .debug_macro   0x00012b66       0x23 src/iic_sam.o
 .debug_macro   0x00012b89       0x94 src/iic_sam.o
 .debug_macro   0x00012c1d       0x40 src/iic_sam.o
 .debug_macro   0x00012c5d       0x70 src/iic_sam.o
 .debug_macro   0x00012ccd       0x34 src/iic_sam.o
 .debug_macro   0x00012d01       0x16 src/iic_sam.o
 .debug_macro   0x00012d17       0x10 src/iic_sam.o
 .debug_macro   0x00012d27       0x4c src/iic_sam.o
 .debug_macro   0x00012d73       0x2e src/iic_sam.o
 .debug_macro   0x00012da1      0x228 src/iic_sam.o
 .debug_macro   0x00012fc9       0xac src/iic_sam.o
 .debug_macro   0x00013075       0x9c src/iic_sam.o
 .debug_macro   0x00013111      0x24b src/iic_sam.o
 .debug_macro   0x0001335c      0x162 src/iic_sam.o
 .debug_macro   0x000134be       0x16 src/iic_sam.o
 .debug_macro   0x000134d4       0x1c src/iic_sam.o
 .debug_macro   0x000134f0      0x192 src/iic_sam.o
 .debug_macro   0x00013682       0x22 src/iic_sam.o
 .debug_macro   0x000136a4      0x725 src/spi_sam.o
 .debug_macro   0x00013dc9      0x757 src/usart_sam.o
 .debug_macro   0x00014520       0x16 src/usart_sam.o
 .debug_macro   0x00014536      0x534 src/ASF/common/services/delay/sam/cycle_counter.o
 .debug_macro   0x00014a6a       0x22 src/ASF/common/services/delay/sam/cycle_counter.o
 .debug_macro   0x00014a8c      0x54b src/ASF/common/services/sleepmgr/sam/sleepmgr.o
 .debug_macro   0x00014fd7      0x667 src/ASF/common/services/usb/class/cdc/device/udi_cdc.o
 .debug_macro   0x0001563e       0xa6 src/ASF/common/services/usb/class/cdc/device/udi_cdc.o
 .debug_macro   0x000156e4      0x5c4 src/ASF/common/services/usb/udc/udc.o
 .debug_macro   0x00015ca8      0x544 src/ASF/sam/drivers/pio/pio_handler.o
 .debug_macro   0x000161ec       0x8e src/ASF/sam/drivers/pio/pio_handler.o
 .debug_macro   0x0001627a      0x702 src/ASF/sam/drivers/uotghs/uotghs_device.o
 .debug_macro   0x0001697c      0x1c8 src/ASF/sam/drivers/uotghs/uotghs_device.o
 .debug_macro   0x00016b44      0x5c7 src/ASF/sam/drivers/uotghs/uotghs_device.o
 .debug_macro   0x0001710b      0x570 src/ASF/sam/drivers/usart/usart.o
 .debug_macro   0x0001767b       0x28 src/ASF/sam/drivers/usart/usart.o
 .debug_macro   0x000176a3      0x5d8 src/ASF/common/services/usb/class/cdc/device/udi_cdc_desc.o
 .debug_macro   0x00017c7b      0x5a0 src/ASF/common/services/clock/sam3x/sysclk.o
 .debug_macro   0x0001821b      0x2a4 src/ASF/common/services/clock/sam3x/sysclk.o
 .debug_macro   0x000184bf      0x540 src/ASF/sam/drivers/pio/pio.o
 .debug_macro   0x000189ff      0x53a src/ASF/sam/drivers/pmc/pmc.o
 .debug_macro   0x00018f39       0x58 src/ASF/sam/drivers/pmc/pmc.o
 .debug_macro   0x00018f91      0x55b src/ASF/sam/drivers/pmc/sleep.o
 .debug_macro   0x000194ec      0x715 src/ASF/common/boards/user_board/init.o
 .debug_macro   0x00019c01      0x52f src/ASF/common/utils/interrupt/interrupt_sam_nvic.o
 .debug_macro   0x0001a130       0x3f src/ASF/common/utils/interrupt/interrupt_sam_nvic.o
 .debug_macro   0x0001a16f      0x539 src/ASF/sam/utils/cmsis/sam3x/source/templates/exceptions.o
 .debug_macro   0x0001a6a8      0x547 src/ASF/sam/utils/cmsis/sam3x/source/templates/gcc/startup_sam3x.o
 .debug_macro   0x0001abef      0x547 src/ASF/sam/utils/cmsis/sam3x/source/templates/system_sam3x.o
 .debug_macro   0x0001b136       0x26 src/ASF/sam/utils/cmsis/sam3x/source/templates/system_sam3x.o
 .debug_macro   0x0001b15c      0x73e src/main.o

.debug_line     0x00000000    0x146e9
 .debug_line    0x00000000      0xd35 src/ASF/sam/drivers/spi/spi.o
 .debug_line    0x00000d35      0xd0a src/ASF/sam/drivers/twi/twi.o
 .debug_line    0x00001a3f     0x103f src/iic_sam.o
 .debug_line    0x00002a7e     0x108f src/spi_sam.o
 .debug_line    0x00003b0d     0x1114 src/usart_sam.o
 .debug_line    0x00004c21      0xade src/ASF/common/services/delay/sam/cycle_counter.o
 .debug_line    0x000056ff      0xb40 src/ASF/common/services/sleepmgr/sam/sleepmgr.o
 .debug_line    0x0000623f     0x12eb src/ASF/common/services/usb/class/cdc/device/udi_cdc.o
 .debug_line    0x0000752a      0xe1e src/ASF/common/services/usb/udc/udc.o
 .debug_line    0x00008348      0xb86 src/ASF/sam/drivers/pio/pio_handler.o
 .debug_line    0x00008ece     0x17c7 src/ASF/sam/drivers/uotghs/uotghs_device.o
 .debug_line    0x0000a695     0x119e src/ASF/sam/drivers/usart/usart.o
 .debug_line    0x0000b833      0xbe2 src/ASF/common/services/usb/class/cdc/device/udi_cdc_desc.o
 .debug_line    0x0000c415      0xc43 src/ASF/common/services/clock/sam3x/sysclk.o
 .debug_line    0x0000d058      0xe3d src/ASF/sam/drivers/pio/pio.o
 .debug_line    0x0000de95     0x1069 src/ASF/sam/drivers/pmc/pmc.o
 .debug_line    0x0000eefe      0xc4e src/ASF/sam/drivers/pmc/sleep.o
 .debug_line    0x0000fb4c      0xfb6 src/ASF/common/boards/user_board/init.o
 .debug_line    0x00010b02      0xaf2 src/ASF/common/utils/interrupt/interrupt_sam_nvic.o
 .debug_line    0x000115f4      0xab3 src/ASF/sam/utils/cmsis/sam3x/source/templates/exceptions.o
 .debug_line    0x000120a7      0xafd src/ASF/sam/utils/cmsis/sam3x/source/templates/gcc/startup_sam3x.o
 .debug_line    0x00012ba4      0xb1b src/ASF/sam/utils/cmsis/sam3x/source/templates/system_sam3x.o
 .debug_line    0x000136bf     0x102a src/main.o

.debug_str      0x00000000    0x6dab3
 .debug_str     0x00000000    0x5d45c src/ASF/sam/drivers/spi/spi.o
                              0x5d7c1 (size before relaxing)
 .debug_str     0x0005d45c      0x508 src/ASF/sam/drivers/twi/twi.o
                              0x5c646 (size before relaxing)
 .debug_str     0x0005d964     0x46f0 src/iic_sam.o
                              0x61cc3 (size before relaxing)
 .debug_str     0x00062054      0x491 src/spi_sam.o
                              0x61faf (size before relaxing)
 .debug_str     0x000624e5      0x343 src/usart_sam.o
                              0x622a9 (size before relaxing)
 .debug_str     0x00062828       0x35 src/ASF/common/services/delay/sam/cycle_counter.o
                              0x5c291 (size before relaxing)
 .debug_str     0x0006285d       0x97 src/ASF/common/services/sleepmgr/sam/sleepmgr.o
                              0x5c2a9 (size before relaxing)
 .debug_str     0x000628f4      0xd2b src/ASF/common/services/usb/class/cdc/device/udi_cdc.o
                              0x608ab (size before relaxing)
 .debug_str     0x0006361f      0xb30 src/ASF/common/services/usb/udc/udc.o
                              0x5f1fa (size before relaxing)
 .debug_str     0x0006414f      0x321 src/ASF/sam/drivers/pio/pio_handler.o
                              0x5cb09 (size before relaxing)
 .debug_str     0x00064470     0x774a src/ASF/sam/drivers/uotghs/uotghs_device.o
                              0x67650 (size before relaxing)
 .debug_str     0x0006bbba      0x9e7 src/ASF/sam/drivers/usart/usart.o
                              0x5cd93 (size before relaxing)
 .debug_str     0x0006c5a1      0x25b src/ASF/common/services/usb/class/cdc/device/udi_cdc_desc.o
                              0x600f7 (size before relaxing)
 .debug_str     0x0006c7fc      0x235 src/ASF/common/services/clock/sam3x/sysclk.o
                              0x5d677 (size before relaxing)
 .debug_str     0x0006ca31      0x461 src/ASF/sam/drivers/pio/pio.o
                              0x5cac1 (size before relaxing)
 .debug_str     0x0006ce92      0x67e src/ASF/sam/drivers/pmc/pmc.o
                              0x5cb37 (size before relaxing)
 .debug_str     0x0006d510      0x189 src/ASF/sam/drivers/pmc/sleep.o
                              0x5cf7c (size before relaxing)
 .debug_str     0x0006d699       0x89 src/ASF/common/boards/user_board/init.o
                              0x61e82 (size before relaxing)
 .debug_str     0x0006d722       0x65 src/ASF/common/utils/interrupt/interrupt_sam_nvic.o
                              0x5c16d (size before relaxing)
 .debug_str     0x0006d787       0x4d src/ASF/sam/utils/cmsis/sam3x/source/templates/exceptions.o
                              0x5c136 (size before relaxing)
 .debug_str     0x0006d7d4       0xb2 src/ASF/sam/utils/cmsis/sam3x/source/templates/gcc/startup_sam3x.o
                              0x5c20b (size before relaxing)
 .debug_str     0x0006d886      0x1a9 src/ASF/sam/utils/cmsis/sam3x/source/templates/system_sam3x.o
                              0x5c41e (size before relaxing)
 .debug_str     0x0006da2f       0x84 src/main.o
                              0x61bc3 (size before relaxing)

.debug_frame    0x00000000     0x2090
 .debug_frame   0x00000000      0x148 src/ASF/sam/drivers/spi/spi.o
 .debug_frame   0x00000148      0x1bc src/ASF/sam/drivers/twi/twi.o
 .debug_frame   0x00000304       0xc0 src/iic_sam.o
 .debug_frame   0x000003c4       0xa0 src/spi_sam.o
 .debug_frame   0x00000464       0xf4 src/usart_sam.o
 .debug_frame   0x00000558       0x20 src/ASF/common/services/delay/sam/cycle_counter.o
 .debug_frame   0x00000578      0x4a0 src/ASF/common/services/usb/class/cdc/device/udi_cdc.o
 .debug_frame   0x00000a18      0x144 src/ASF/common/services/usb/udc/udc.o
 .debug_frame   0x00000b5c       0xf8 src/ASF/sam/drivers/pio/pio_handler.o
 .debug_frame   0x00000c54      0x39c src/ASF/sam/drivers/uotghs/uotghs_device.o
 .debug_frame   0x00000ff0      0x5cc src/ASF/sam/drivers/usart/usart.o
 .debug_frame   0x000015bc       0x88 src/ASF/common/services/clock/sam3x/sysclk.o
 .debug_frame   0x00001644      0x2b8 src/ASF/sam/drivers/pio/pio.o
 .debug_frame   0x000018fc      0x450 src/ASF/sam/drivers/pmc/pmc.o
 .debug_frame   0x00001d4c       0x60 src/ASF/sam/drivers/pmc/sleep.o
 .debug_frame   0x00001dac       0x28 src/ASF/common/boards/user_board/init.o
 .debug_frame   0x00001dd4       0x30 src/ASF/common/utils/interrupt/interrupt_sam_nvic.o
 .debug_frame   0x00001e04       0x20 src/ASF/sam/utils/cmsis/sam3x/source/templates/exceptions.o
 .debug_frame   0x00001e24       0x28 src/ASF/sam/utils/cmsis/sam3x/source/templates/gcc/startup_sam3x.o
 .debug_frame   0x00001e4c       0x40 src/ASF/sam/utils/cmsis/sam3x/source/templates/system_sam3x.o
 .debug_frame   0x00001e8c       0x98 src/main.o
 .debug_frame   0x00001f24       0x2c e:/rj/atmel studio/7.0/toolchain/arm/arm-gnu-toolchain/bin/../lib/gcc/arm-none-eabi/5.3.1/../../../../arm-none-eabi/lib/armv7-m\libc.a(lib_a-init.o)
 .debug_frame   0x00001f50       0x34 e:/rj/atmel studio/7.0/toolchain/arm/arm-gnu-toolchain/bin/../lib/gcc/arm-none-eabi/5.3.1/../../../../arm-none-eabi/lib/armv7-m\libc.a(lib_a-memset.o)
 .debug_frame   0x00001f84       0x34 e:/rj/atmel studio/7.0/toolchain/arm/arm-gnu-toolchain/bin/../lib/gcc/arm-none-eabi/5.3.1/../../../../arm-none-eabi/lib/armv7-m\libc.a(lib_a-strcmp.o)
 .debug_frame   0x00001fb8       0x50 e:/rj/atmel studio/7.0/toolchain/arm/arm-gnu-toolchain/bin/../lib/gcc/arm-none-eabi/5.3.1/../../../../arm-none-eabi/lib/armv7-m\libc.a(lib_a-__call_atexit.o)
 .debug_frame   0x00002008       0x20 e:/rj/atmel studio/7.0/toolchain/arm/arm-gnu-toolchain/bin/../lib/gcc/arm-none-eabi/5.3.1/../../../../arm-none-eabi/lib/armv7-m\libc.a(lib_a-atexit.o)
 .debug_frame   0x00002028       0x34 e:/rj/atmel studio/7.0/toolchain/arm/arm-gnu-toolchain/bin/../lib/gcc/arm-none-eabi/5.3.1/../../../../arm-none-eabi/lib/armv7-m\libc.a(lib_a-fini.o)
 .debug_frame   0x0000205c       0x34 e:/rj/atmel studio/7.0/toolchain/arm/arm-gnu-toolchain/bin/../lib/gcc/arm-none-eabi/5.3.1/../../../../arm-none-eabi/lib/armv7-m\libc.a(lib_a-__atexit.o)

Cross Reference Table

Symbol                                            File
ADC_Handler                                       src/ASF/sam/utils/cmsis/sam3x/source/templates/exceptions.o
                                                  src/ASF/sam/utils/cmsis/sam3x/source/templates/gcc/startup_sam3x.o
BusFault_Handler                                  src/ASF/sam/utils/cmsis/sam3x/source/templates/exceptions.o
                                                  src/ASF/sam/utils/cmsis/sam3x/source/templates/gcc/startup_sam3x.o
CAN0_Handler                                      src/ASF/sam/utils/cmsis/sam3x/source/templates/exceptions.o
                                                  src/ASF/sam/utils/cmsis/sam3x/source/templates/gcc/startup_sam3x.o
CAN1_Handler                                      src/ASF/sam/utils/cmsis/sam3x/source/templates/exceptions.o
                                                  src/ASF/sam/utils/cmsis/sam3x/source/templates/gcc/startup_sam3x.o
DACC_Handler                                      src/ASF/sam/utils/cmsis/sam3x/source/templates/exceptions.o
                                                  src/ASF/sam/utils/cmsis/sam3x/source/templates/gcc/startup_sam3x.o
DMAC_Handler                                      src/ASF/sam/utils/cmsis/sam3x/source/templates/exceptions.o
                                                  src/ASF/sam/utils/cmsis/sam3x/source/templates/gcc/startup_sam3x.o
DebugMon_Handler                                  src/ASF/sam/utils/cmsis/sam3x/source/templates/exceptions.o
                                                  src/ASF/sam/utils/cmsis/sam3x/source/templates/gcc/startup_sam3x.o
Dec_to_addr                                       src/iic_sam.o
Dummy_Handler                                     src/ASF/sam/utils/cmsis/sam3x/source/templates/exceptions.o
EFC0_Handler                                      src/ASF/sam/utils/cmsis/sam3x/source/templates/exceptions.o
                                                  src/ASF/sam/utils/cmsis/sam3x/source/templates/gcc/startup_sam3x.o
EFC1_Handler                                      src/ASF/sam/utils/cmsis/sam3x/source/templates/exceptions.o
                                                  src/ASF/sam/utils/cmsis/sam3x/source/templates/gcc/startup_sam3x.o
EMAC_Handler                                      src/ASF/sam/utils/cmsis/sam3x/source/templates/exceptions.o
                                                  src/ASF/sam/utils/cmsis/sam3x/source/templates/gcc/startup_sam3x.o
HSMCI_Handler                                     src/ASF/sam/utils/cmsis/sam3x/source/templates/exceptions.o
                                                  src/ASF/sam/utils/cmsis/sam3x/source/templates/gcc/startup_sam3x.o
HardFault_Handler                                 src/ASF/sam/utils/cmsis/sam3x/source/templates/exceptions.o
                                                  src/ASF/sam/utils/cmsis/sam3x/source/templates/gcc/startup_sam3x.o
MemManage_Handler                                 src/ASF/sam/utils/cmsis/sam3x/source/templates/exceptions.o
                                                  src/ASF/sam/utils/cmsis/sam3x/source/templates/gcc/startup_sam3x.o
NMI_Handler                                       src/ASF/sam/utils/cmsis/sam3x/source/templates/exceptions.o
                                                  src/ASF/sam/utils/cmsis/sam3x/source/templates/gcc/startup_sam3x.o
PIOA_Handler                                      src/ASF/sam/drivers/pio/pio_handler.o
                                                  src/ASF/sam/utils/cmsis/sam3x/source/templates/gcc/startup_sam3x.o
PIOB_Handler                                      src/ASF/sam/drivers/pio/pio_handler.o
                                                  src/ASF/sam/utils/cmsis/sam3x/source/templates/gcc/startup_sam3x.o
PIOC_Handler                                      src/ASF/sam/drivers/pio/pio_handler.o
                                                  src/ASF/sam/utils/cmsis/sam3x/source/templates/gcc/startup_sam3x.o
PIOD_Handler                                      src/ASF/sam/drivers/pio/pio_handler.o
                                                  src/ASF/sam/utils/cmsis/sam3x/source/templates/gcc/startup_sam3x.o
PMC_Handler                                       src/ASF/sam/utils/cmsis/sam3x/source/templates/exceptions.o
                                                  src/ASF/sam/utils/cmsis/sam3x/source/templates/gcc/startup_sam3x.o
PWM_Handler                                       src/ASF/sam/utils/cmsis/sam3x/source/templates/exceptions.o
                                                  src/ASF/sam/utils/cmsis/sam3x/source/templates/gcc/startup_sam3x.o
PendSV_Handler                                    src/ASF/sam/utils/cmsis/sam3x/source/templates/exceptions.o
                                                  src/ASF/sam/utils/cmsis/sam3x/source/templates/gcc/startup_sam3x.o
RSTC_Handler                                      src/ASF/sam/utils/cmsis/sam3x/source/templates/exceptions.o
                                                  src/ASF/sam/utils/cmsis/sam3x/source/templates/gcc/startup_sam3x.o
RTC_Handler                                       src/ASF/sam/utils/cmsis/sam3x/source/templates/exceptions.o
                                                  src/ASF/sam/utils/cmsis/sam3x/source/templates/gcc/startup_sam3x.o
RTT_Handler                                       src/ASF/sam/utils/cmsis/sam3x/source/templates/exceptions.o
                                                  src/ASF/sam/utils/cmsis/sam3x/source/templates/gcc/startup_sam3x.o
Rece_data_deal                                    src/usart_sam.o
Reset_Handler                                     src/ASF/sam/utils/cmsis/sam3x/source/templates/gcc/startup_sam3x.o
SMC_Handler                                       src/ASF/sam/utils/cmsis/sam3x/source/templates/exceptions.o
                                                  src/ASF/sam/utils/cmsis/sam3x/source/templates/gcc/startup_sam3x.o
SPI0_Handler                                      src/spi_sam.o
                                                  src/ASF/sam/utils/cmsis/sam3x/source/templates/gcc/startup_sam3x.o
SSC_Handler                                       src/ASF/sam/utils/cmsis/sam3x/source/templates/exceptions.o
                                                  src/ASF/sam/utils/cmsis/sam3x/source/templates/gcc/startup_sam3x.o
SUPC_Handler                                      src/ASF/sam/utils/cmsis/sam3x/source/templates/exceptions.o
                                                  src/ASF/sam/utils/cmsis/sam3x/source/templates/gcc/startup_sam3x.o
SVC_Handler                                       src/ASF/sam/utils/cmsis/sam3x/source/templates/exceptions.o
                                                  src/ASF/sam/utils/cmsis/sam3x/source/templates/gcc/startup_sam3x.o
SysTick_Handler                                   src/usart_sam.o
                                                  src/ASF/sam/utils/cmsis/sam3x/source/templates/gcc/startup_sam3x.o
SystemCoreClock                                   src/ASF/sam/utils/cmsis/sam3x/source/templates/system_sam3x.o
SystemCoreClockUpdate                             src/ASF/sam/utils/cmsis/sam3x/source/templates/system_sam3x.o
                                                  src/ASF/common/services/clock/sam3x/sysclk.o
SystemInit                                        src/ASF/sam/utils/cmsis/sam3x/source/templates/system_sam3x.o
TC0_Handler                                       src/ASF/sam/utils/cmsis/sam3x/source/templates/exceptions.o
                                                  src/ASF/sam/utils/cmsis/sam3x/source/templates/gcc/startup_sam3x.o
TC1_Handler                                       src/ASF/sam/utils/cmsis/sam3x/source/templates/exceptions.o
                                                  src/ASF/sam/utils/cmsis/sam3x/source/templates/gcc/startup_sam3x.o
TC2_Handler                                       src/ASF/sam/utils/cmsis/sam3x/source/templates/exceptions.o
                                                  src/ASF/sam/utils/cmsis/sam3x/source/templates/gcc/startup_sam3x.o
TC3_Handler                                       src/ASF/sam/utils/cmsis/sam3x/source/templates/exceptions.o
                                                  src/ASF/sam/utils/cmsis/sam3x/source/templates/gcc/startup_sam3x.o
TC4_Handler                                       src/ASF/sam/utils/cmsis/sam3x/source/templates/exceptions.o
                                                  src/ASF/sam/utils/cmsis/sam3x/source/templates/gcc/startup_sam3x.o
TC5_Handler                                       src/ASF/sam/utils/cmsis/sam3x/source/templates/exceptions.o
                                                  src/ASF/sam/utils/cmsis/sam3x/source/templates/gcc/startup_sam3x.o
TC6_Handler                                       src/ASF/sam/utils/cmsis/sam3x/source/templates/exceptions.o
                                                  src/ASF/sam/utils/cmsis/sam3x/source/templates/gcc/startup_sam3x.o
TC7_Handler                                       src/ASF/sam/utils/cmsis/sam3x/source/templates/exceptions.o
                                                  src/ASF/sam/utils/cmsis/sam3x/source/templates/gcc/startup_sam3x.o
TC8_Handler                                       src/ASF/sam/utils/cmsis/sam3x/source/templates/exceptions.o
                                                  src/ASF/sam/utils/cmsis/sam3x/source/templates/gcc/startup_sam3x.o
TRNG_Handler                                      src/ASF/sam/utils/cmsis/sam3x/source/templates/exceptions.o
                                                  src/ASF/sam/utils/cmsis/sam3x/source/templates/gcc/startup_sam3x.o
TWI0_Handler                                      src/ASF/sam/utils/cmsis/sam3x/source/templates/exceptions.o
                                                  src/ASF/sam/utils/cmsis/sam3x/source/templates/gcc/startup_sam3x.o
TWI1_Handler                                      src/ASF/sam/utils/cmsis/sam3x/source/templates/exceptions.o
                                                  src/ASF/sam/utils/cmsis/sam3x/source/templates/gcc/startup_sam3x.o
UART_Handler                                      src/ASF/sam/utils/cmsis/sam3x/source/templates/exceptions.o
                                                  src/ASF/sam/utils/cmsis/sam3x/source/templates/gcc/startup_sam3x.o
UOTGHS_Handler                                    src/ASF/sam/drivers/uotghs/uotghs_device.o
                                                  src/ASF/sam/utils/cmsis/sam3x/source/templates/gcc/startup_sam3x.o
USART0_Handler                                    src/usart_sam.o
                                                  src/ASF/sam/utils/cmsis/sam3x/source/templates/gcc/startup_sam3x.o
USART1_Handler                                    src/ASF/sam/utils/cmsis/sam3x/source/templates/exceptions.o
                                                  src/ASF/sam/utils/cmsis/sam3x/source/templates/gcc/startup_sam3x.o
USART2_Handler                                    src/ASF/sam/utils/cmsis/sam3x/source/templates/exceptions.o
                                                  src/ASF/sam/utils/cmsis/sam3x/source/templates/gcc/startup_sam3x.o
USART3_Handler                                    src/ASF/sam/utils/cmsis/sam3x/source/templates/exceptions.o
                                                  src/ASF/sam/utils/cmsis/sam3x/source/templates/gcc/startup_sam3x.o
UsageFault_Handler                                src/ASF/sam/utils/cmsis/sam3x/source/templates/exceptions.o
                                                  src/ASF/sam/utils/cmsis/sam3x/source/templates/gcc/startup_sam3x.o
WDT_Handler                                       src/ASF/sam/utils/cmsis/sam3x/source/templates/exceptions.o