Archive member included to satisfy reference by file (symbol)

f:/rj/atmel studio/7.0/toolchain/arm/arm-gnu-toolchain/bin/../lib/gcc/arm-none-eabi/5.3.1/../../../../arm-none-eabi/lib/armv7-m\libc.a(lib_a-exit.o)
                              f:/rj/atmel studio/7.0/toolchain/arm/arm-gnu-toolchain/bin/../lib/gcc/arm-none-eabi/5.3.1/../../../../arm-none-eabi/lib/armv7-m/crt0.o (exit)
f:/rj/atmel studio/7.0/toolchain/arm/arm-gnu-toolchain/bin/../lib/gcc/arm-none-eabi/5.3.1/../../../../arm-none-eabi/lib/armv7-m\libc.a(lib_a-impure.o)
                              f:/rj/atmel studio/7.0/toolchain/arm/arm-gnu-toolchain/bin/../lib/gcc/arm-none-eabi/5.3.1/../../../../arm-none-eabi/lib/armv7-m\libc.a(lib_a-exit.o) (_global_impure_ptr)
f:/rj/atmel studio/7.0/toolchain/arm/arm-gnu-toolchain/bin/../lib/gcc/arm-none-eabi/5.3.1/../../../../arm-none-eabi/lib/armv7-m\libc.a(lib_a-init.o)
                              f:/rj/atmel studio/7.0/toolchain/arm/arm-gnu-toolchain/bin/../lib/gcc/arm-none-eabi/5.3.1/../../../../arm-none-eabi/lib/armv7-m/crt0.o (__libc_init_array)
f:/rj/atmel studio/7.0/toolchain/arm/arm-gnu-toolchain/bin/../lib/gcc/arm-none-eabi/5.3.1/../../../../arm-none-eabi/lib/armv7-m\libc.a(lib_a-iprintf.o)
                              src/ASF/sam/utils/syscalls/gcc/syscalls.o (iprintf)
f:/rj/atmel studio/7.0/toolchain/arm/arm-gnu-toolchain/bin/../lib/gcc/arm-none-eabi/5.3.1/../../../../arm-none-eabi/lib/armv7-m\libc.a(lib_a-memset.o)
                              f:/rj/atmel studio/7.0/toolchain/arm/arm-gnu-toolchain/bin/../lib/gcc/arm-none-eabi/5.3.1/../../../../arm-none-eabi/lib/armv7-m/crt0.o (memset)
f:/rj/atmel studio/7.0/toolchain/arm/arm-gnu-toolchain/bin/../lib/gcc/arm-none-eabi/5.3.1/../../../../arm-none-eabi/lib/armv7-m\libc.a(lib_a-vfiprintf.o)
                              f:/rj/atmel studio/7.0/toolchain/arm/arm-gnu-toolchain/bin/../lib/gcc/arm-none-eabi/5.3.1/../../../../arm-none-eabi/lib/armv7-m\libc.a(lib_a-iprintf.o) (_vfiprintf_r)
f:/rj/atmel studio/7.0/toolchain/arm/arm-gnu-toolchain/bin/../lib/gcc/arm-none-eabi/5.3.1/../../../../arm-none-eabi/lib/armv7-m\libc.a(lib_a-wsetup.o)
                              f:/rj/atmel studio/7.0/toolchain/arm/arm-gnu-toolchain/bin/../lib/gcc/arm-none-eabi/5.3.1/../../../../arm-none-eabi/lib/armv7-m\libc.a(lib_a-vfiprintf.o) (__swsetup_r)
f:/rj/atmel studio/7.0/toolchain/arm/arm-gnu-toolchain/bin/../lib/gcc/arm-none-eabi/5.3.1/../../../../arm-none-eabi/lib/armv7-m\libc.a(lib_a-__call_atexit.o)
                              f:/rj/atmel studio/7.0/toolchain/arm/arm-gnu-toolchain/bin/../lib/gcc/arm-none-eabi/5.3.1/../../../../arm-none-eabi/lib/armv7-m\libc.a(lib_a-exit.o) (__call_exitprocs)
f:/rj/atmel studio/7.0/toolchain/arm/arm-gnu-toolchain/bin/../lib/gcc/arm-none-eabi/5.3.1/../../../../arm-none-eabi/lib/armv7-m\libc.a(lib_a-atexit.o)
                              f:/rj/atmel studio/7.0/toolchain/arm/arm-gnu-toolchain/bin/../lib/gcc/arm-none-eabi/5.3.1/../../../../arm-none-eabi/lib/armv7-m\libc.a(lib_a-__call_atexit.o) (atexit)
f:/rj/atmel studio/7.0/toolchain/arm/arm-gnu-toolchain/bin/../lib/gcc/arm-none-eabi/5.3.1/../../../../arm-none-eabi/lib/armv7-m\libc.a(lib_a-fflush.o)
                              f:/rj/atmel studio/7.0/toolchain/arm/arm-gnu-toolchain/bin/../lib/gcc/arm-none-eabi/5.3.1/../../../../arm-none-eabi/lib/armv7-m\libc.a(lib_a-vfiprintf.o) (_fflush_r)
f:/rj/atmel studio/7.0/toolchain/arm/arm-gnu-toolchain/bin/../lib/gcc/arm-none-eabi/5.3.1/../../../../arm-none-eabi/lib/armv7-m\libc.a(lib_a-findfp.o)
                              f:/rj/atmel studio/7.0/toolchain/arm/arm-gnu-toolchain/bin/../lib/gcc/arm-none-eabi/5.3.1/../../../../arm-none-eabi/lib/armv7-m\libc.a(lib_a-vfiprintf.o) (__sinit)
f:/rj/atmel studio/7.0/toolchain/arm/arm-gnu-toolchain/bin/../lib/gcc/arm-none-eabi/5.3.1/../../../../arm-none-eabi/lib/armv7-m\libc.a(lib_a-fini.o)
                              f:/rj/atmel studio/7.0/toolchain/arm/arm-gnu-toolchain/bin/../lib/gcc/arm-none-eabi/5.3.1/../../../../arm-none-eabi/lib/armv7-m\libc.a(lib_a-__call_atexit.o) (__libc_fini_array)
f:/rj/atmel studio/7.0/toolchain/arm/arm-gnu-toolchain/bin/../lib/gcc/arm-none-eabi/5.3.1/../../../../arm-none-eabi/lib/armv7-m\libc.a(lib_a-fputwc.o)
                              f:/rj/atmel studio/7.0/toolchain/arm/arm-gnu-toolchain/bin/../lib/gcc/arm-none-eabi/5.3.1/../../../../arm-none-eabi/lib/armv7-m\libc.a(lib_a-vfiprintf.o) (_fputwc_r)
f:/rj/atmel studio/7.0/toolchain/arm/arm-gnu-toolchain/bin/../lib/gcc/arm-none-eabi/5.3.1/../../../../arm-none-eabi/lib/armv7-m\libc.a(lib_a-freer.o)
                              f:/rj/atmel studio/7.0/toolchain/arm/arm-gnu-toolchain/bin/../lib/gcc/arm-none-eabi/5.3.1/../../../../arm-none-eabi/lib/armv7-m\libc.a(lib_a-wsetup.o) (_free_r)
f:/rj/atmel studio/7.0/toolchain/arm/arm-gnu-toolchain/bin/../lib/gcc/arm-none-eabi/5.3.1/../../../../arm-none-eabi/lib/armv7-m\libc.a(lib_a-fvwrite.o)
[...]
Memory Configuration

Name             Origin             Length             Attributes
flash            0x00080000         0x00020000         w !xr
sram0            0x20000000         0x00004000         w !xr
sram1            0x20080000         0x00004000         w !xr
rom              0x00080000         0x00020000         xr
ram              0x2007c000         0x00008000         xrw
*default*        0x00000000         0xffffffff

Linker script and memory map

LOAD f:/rj/atmel studio/7.0/toolchain/arm/arm-gnu-toolchain/bin/../lib/gcc/arm-none-eabi/5.3.1/armv7-m/crti.o
LOAD f:/rj/atmel studio/7.0/toolchain/arm/arm-gnu-toolchain/bin/../lib/gcc/arm-none-eabi/5.3.1/armv7-m/crtbegin.o
LOAD f:/rj/atmel studio/7.0/toolchain/arm/arm-gnu-toolchain/bin/../lib/gcc/arm-none-eabi/5.3.1/../../../../arm-none-eabi/lib/armv7-m/crt0.o
LOAD src/ASF/common/services/clock/sam3u/sysclk.o
LOAD src/ASF/common/services/delay/sam/cycle_counter.o
LOAD src/ASF/sam/drivers/pio/pio.o
LOAD src/ASF/sam/drivers/pio/pio_handler.o
LOAD src/ASF/sam/drivers/pmc/pmc.o
LOAD src/ASF/sam/drivers/pmc/sleep.o
LOAD src/ASF/sam/drivers/spi/spi.o
LOAD src/ASF/sam/drivers/twi/twi.o
LOAD src/ASF/sam/drivers/uart/uart.o
LOAD src/ASF/common/boards/user_board/init.o
LOAD src/ASF/common/utils/interrupt/interrupt_sam_nvic.o
LOAD src/ASF/sam/drivers/usart/usart.o
LOAD src/ASF/sam/utils/cmsis/sam3u/source/templates/exceptions.o
LOAD src/ASF/sam/utils/cmsis/sam3u/source/templates/gcc/startup_sam3u.o
LOAD src/ASF/sam/utils/cmsis/sam3u/source/templates/system_sam3u.o
LOAD src/ASF/sam/utils/syscalls/gcc/syscalls.o
LOAD src/main.o
START GROUP
LOAD ../src/ASF/thirdparty/CMSIS/Lib/GCC\libarm_cortexM3l_math.a
LOAD f:/rj/atmel studio/7.0/toolchain/arm/arm-gnu-toolchain/bin/../lib/gcc/arm-none-eabi/5.3.1/../../../../arm-none-eabi/lib/armv7-m\libm.a
END GROUP
START GROUP
LOAD f:/rj/atmel studio/7.0/toolchain/arm/arm-gnu-toolchain/bin/../lib/gcc/arm-none-eabi/5.3.1/armv7-m\libgcc.a
LOAD f:/rj/atmel studio/7.0/toolchain/arm/arm-gnu-toolchain/bin/../lib/gcc/arm-none-eabi/5.3.1/../../../../arm-none-eabi/lib/armv7-m\libc.a
END GROUP
LOAD f:/rj/atmel studio/7.0/toolchain/arm/arm-gnu-toolchain/bin/../lib/gcc/arm-none-eabi/5.3.1/armv7-m/crtend.o
LOAD f:/rj/atmel studio/7.0/toolchain/arm/arm-gnu-toolchain/bin/../lib/gcc/arm-none-eabi/5.3.1/armv7-m/crtn.o
                0x00002000                __stack_size__ = DEFINED (__stack_size__)?__stack_size__:0x2000
                0x20083ffc                __ram_end__ = ((ORIGIN (ram) + LENGTH (ram)) - 0x4)

.text           0x00080000      0xc50
                0x00080000                . = ALIGN (0x4)
                0x00080000                _sfixed = .
 *(.vectors .vectors.*)
 .vectors       0x00080000       0xbc src/ASF/sam/utils/cmsis/sam3u/source/templates/gcc/startup_sam3u.o
                0x00080000                exception_table
 *(.text .text.* .gnu.linkonce.t.*)
 .text          0x000800bc       0x5c f:/rj/atmel studio/7.0/toolchain/arm/arm-gnu-toolchain/bin/../lib/gcc/arm-none-eabi/5.3.1/armv7-m/crtbegin.o
 .text.sysclk_init
                0x00080118       0x7c src/ASF/common/services/clock/sam3u/sysclk.o
                0x00080118                sysclk_init
 .text.pio_set_peripheral
                0x00080194       0x40 src/ASF/sam/drivers/pio/pio.o
                0x00080194                pio_set_peripheral
 .text.pio_set_input
                0x000801d4       0x34 src/ASF/sam/drivers/pio/pio.o
                0x000801d4                pio_set_input
 .text.pio_set_output
                0x00080208       0x28 src/ASF/sam/drivers/pio/pio.o
                0x00080208                pio_set_output
 .text.pio_get_interrupt_status
                0x00080230        0x4 src/ASF/sam/drivers/pio/pio.o
                0x00080230                pio_get_interrupt_status
 .text.pio_get_interrupt_mask
                0x00080234        0x4 src/ASF/sam/drivers/pio/pio.o
                0x00080234                pio_get_interrupt_mask
 .text.pio_configure_pin
                0x00080238       0xd4 src/ASF/sam/drivers/pio/pio.o
                0x00080238                pio_configure_pin
 .text.pio_handler_process
                0x0008030c       0x50 src/ASF/sam/drivers/pio/pio_handler.o
                0x0008030c                pio_handler_process
 .text.PIOA_Handler
                0x0008035c       0x14 src/ASF/sam/drivers/pio/pio_handler.o
                0x0008035c                PIOA_Handler
 .text.PIOB_Handler
                0x00080370       0x14 src/ASF/sam/drivers/pio/pio_handler.o
                0x00080370                PIOB_Handler
 .text.pmc_switch_mck_to_pllack
                0x00080384       0x68 src/ASF/sam/drivers/pmc/pmc.o
                0x00080384                pmc_switch_mck_to_pllack
 .text.pmc_osc_enable_main_xtal
                0x000803ec       0x28 src/ASF/sam/drivers/pmc/pmc.o
                0x000803ec                pmc_osc_enable_main_xtal
 .text.pmc_osc_is_ready_main_xtal
                0x00080414       0x10 src/ASF/sam/drivers/pmc/pmc.o
                0x00080414                pmc_osc_is_ready_main_xtal
 .text.pmc_osc_is_ready_mainck
                0x00080424       0x10 src/ASF/sam/drivers/pmc/pmc.o
                0x00080424                pmc_osc_is_ready_mainck
 .text.pmc_mainck_osc_select
                0x00080434       0x20 src/ASF/sam/drivers/pmc/pmc.o
                0x00080434                pmc_mainck_osc_select
 .text.pmc_disable_pllack
                0x00080454       0x10 src/ASF/sam/drivers/pmc/pmc.o
                0x00080454                pmc_disable_pllack
 .text.pmc_is_locked_pllack
                0x00080464       0x10 src/ASF/sam/drivers/pmc/pmc.o
                0x00080464                pmc_is_locked_pllack
 .text.pmc_enable_periph_clk
                0x00080474       0x34 src/ASF/sam/drivers/pmc/pmc.o
                0x00080474                pmc_enable_periph_clk
 .text.spi_enable_clock
                0x000804a8       0x10 src/ASF/sam/drivers/spi/spi.o
                0x000804a8                spi_enable_clock
 .text.spi_set_peripheral_chip_select_value
                0x000804b8       0x18 src/ASF/sam/drivers/spi/spi.o
                0x000804b8                spi_set_peripheral_chip_select_value
 .text.spi_read
                0x000804d0       0x30 src/ASF/sam/drivers/spi/spi.o
                0x000804d0                spi_read
 .text.spi_write
                0x00080500       0x38 src/ASF/sam/drivers/spi/spi.o
                0x00080500                spi_write
 .text.spi_set_clock_polarity
                0x00080538       0x20 src/ASF/sam/drivers/spi/spi.o
                0x00080538                spi_set_clock_polarity
 .text.spi_set_clock_phase
                0x00080558       0x20 src/ASF/sam/drivers/spi/spi.o
                0x00080558                spi_set_clock_phase
 .text.spi_set_bits_per_transfer
                0x00080578       0x14 src/ASF/sam/drivers/spi/spi.o
                0x00080578                spi_set_bits_per_transfer
 .text.twi_enable_interrupt
                0x0008058c        0x4 src/ASF/sam/drivers/twi/twi.o
                0x0008058c                twi_enable_interrupt
 .text.twi_get_interrupt_status
                0x00080590        0x4 src/ASF/sam/drivers/twi/twi.o
                0x00080590                twi_get_interrupt_status
 .text.twi_read_byte
                0x00080594        0x8 src/ASF/sam/drivers/twi/twi.o
                0x00080594                twi_read_byte
 .text.twi_write_byte
                0x0008059c        0x4 src/ASF/sam/drivers/twi/twi.o
                0x0008059c                twi_write_byte
 .text.twi_slave_init
                0x000805a0       0x24 src/ASF/sam/drivers/twi/twi.o
                0x000805a0                twi_slave_init
 .text.board_init
                0x000805c4       0x58 src/ASF/common/boards/user_board/init.o
                0x000805c4                board_init
 .text.usart_set_async_baudrate
                0x0008061c       0x60 src/ASF/sam/drivers/usart/usart.o
                0x0008061c                usart_set_async_baudrate
 .text.usart_reset
                0x0008067c       0x30 src/ASF/sam/drivers/usart/usart.o
                0x0008067c                usart_reset
 .text.usart_init_rs232
                0x000806ac       0x54 src/ASF/sam/drivers/usart/usart.o
                0x000806ac                usart_init_rs232
 .text.usart_enable_tx
                0x00080700        0x8 src/ASF/sam/drivers/usart/usart.o
                0x00080700                usart_enable_tx
 .text.usart_enable_rx
                0x00080708        0x8 src/ASF/sam/drivers/usart/usart.o
                0x00080708                usart_enable_rx
 .text.usart_write
                0x00080710       0x14 src/ASF/sam/drivers/usart/usart.o
                0x00080710                usart_write
 .text.Dummy_Handler
                0x00080724        0x4 src/ASF/sam/utils/cmsis/sam3u/source/templates/exceptions.o
                0x00080724                DebugMon_Handler
                0x00080724                DMAC_Handler
                0x00080724                HardFault_Handler
                0x00080724                TC2_Handler
                0x00080724                SysTick_Handler
                0x00080724                TWI1_Handler
                0x00080724                PendSV_Handler
                0x00080724                NMI_Handler
                0x00080724                ADC_Handler
                0x00080724                SMC_Handler
                0x00080724                USART0_Handler
                0x00080724                RTT_Handler
                0x00080724                EFC1_Handler
                0x00080724                UDPHS_Handler
                0x00080724                ADC12B_Handler
                0x00080724                RTC_Handler
                0x00080724                UsageFault_Handler
                0x00080724                WDT_Handler
                0x00080724                TC1_Handler
                0x00080724                HSMCI_Handler
                0x00080724                Dummy_Handler
                0x00080724                USART1_Handler
                0x00080724                SSC_Handler
                0x00080724                EFC0_Handler
                0x00080724                PMC_Handler
                0x00080724                PWM_Handler
                0x00080724                MemManage_Handler
                0x00080724                SUPC_Handler
                0x00080724                SVC_Handler
                0x00080724                USART2_Handler
                0x00080724                UART_Handler
                0x00080724                BusFault_Handler
                0x00080724                RSTC_Handler
                0x00080724                TC0_Handler
 .text.Reset_Handler
                0x00080728       0xac src/ASF/sam/utils/cmsis/sam3u/source/templates/gcc/startup_sam3u.o
                0x00080728                Reset_Handler
 .text.SystemCoreClockUpdate
                0x000807d4      0x11c src/ASF/sam/utils/cmsis/sam3u/source/templates/system_sam3u.o
                0x000807d4                SystemCoreClockUpdate
 .text.TWI0_Handler
                0x000808f0       0x50 src/main.o
                0x000808f0                TWI0_Handler
 .text.SPI_Handler
                0x00080940       0x50 src/main.o
                0x00080940                SPI_Handler
 .text.spi_slave_init
                0x00080990       0x68 src/main.o
                0x00080990                spi_slave_init
 .text.usart_init
                0x000809f8       0x54 src/main.o
                0x000809f8                usart_init
 .text.main     0x00080a4c       0x84 src/main.o
                0x00080a4c                main
 .text.__libc_init_array
                0x00080ad0       0x50 f:/rj/atmel studio/7.0/toolchain/arm/arm-gnu-toolchain/bin/../lib/gcc/arm-none-eabi/5.3.1/../../../../arm-none-eabi/lib/armv7-m\libc.a(lib_a-init.o)
                0x00080ad0                __libc_init_array
 .text.startup.register_fini
                0x00080b20       0x14 f:/rj/atmel studio/7.0/toolchain/arm/arm-gnu-toolchain/bin/../lib/gcc/arm-none-eabi/5.3.1/../../../../arm-none-eabi/lib/armv7-m\libc.a(lib_a-__call_atexit.o)
 .text.atexit   0x00080b34        0xc f:/rj/atmel studio/7.0/toolchain/arm/arm-gnu-toolchain/bin/../lib/gcc/arm-none-eabi/5.3.1/../../../../arm-none-eabi/lib/armv7-m\libc.a(lib_a-atexit.o)
                0x00080b34                atexit
 .text.__libc_fini_array
                0x00080b40       0x28 f:/rj/atmel studio/7.0/toolchain/arm/arm-gnu-toolchain/bin/../lib/gcc/arm-none-eabi/5.3.1/../../../../arm-none-eabi/lib/armv7-m\libc.a(lib_a-fini.o)
                0x00080b40                __libc_fini_array
 .text.__register_exitproc
                0x00080b68       0xa4 f:/rj/atmel studio/7.0/toolchain/arm/arm-gnu-toolchain/bin/../lib/gcc/arm-none-eabi/5.3.1/../../../../arm-none-eabi/lib/armv7-m\libc.a(lib_a-__atexit.o)
                0x00080b68                __register_exitproc
 *(.glue_7t)
 .glue_7t       0x00080c0c        0x0 linker stubs
 *(.glue_7)
 .glue_7        0x00080c0c        0x0 linker stubs
 *(.rodata .rodata* .gnu.linkonce.r.*)
 .rodata        0x00080c0c       0x18 src/main.o
 .rodata.str1.4
                0x00080c24        0x4 f:/rj/atmel studio/7.0/toolchain/arm/arm-gnu-toolchain/bin/../lib/gcc/arm-none-eabi/5.3.1/../../../../arm-none-eabi/lib/armv7-m\libc.a(lib_a-impure.o)
                                  0x2 (size before relaxing)
 .rodata._global_impure_ptr
                0x00080c28        0x4 f:/rj/atmel studio/7.0/toolchain/arm/arm-gnu-toolchain/bin/../lib/gcc/arm-none-eabi/5.3.1/../../../../arm-none-eabi/lib/armv7-m\libc.a(lib_a-impure.o)
                0x00080c28                _global_impure_ptr
 *(.ARM.extab* .gnu.linkonce.armextab.*)
                0x00080c2c                . = ALIGN (0x4)
 *(.init)
 .init          0x00080c2c        0x4 f:/rj/atmel studio/7.0/toolchain/arm/arm-gnu-toolchain/bin/../lib/gcc/arm-none-eabi/5.3.1/armv7-m/crti.o
                0x00080c2c                _init
 .init          0x00080c30        0x8 f:/rj/atmel studio/7.0/toolchain/arm/arm-gnu-toolchain/bin/../lib/gcc/arm-none-eabi/5.3.1/armv7-m/crtn.o
                0x00080c38                . = ALIGN (0x4)
                0x00080c38                __preinit_array_start = .
 *(.preinit_array)
                0x00080c38                __preinit_array_end = .
                0x00080c38                . = ALIGN (0x4)
                0x00080c38                __init_array_start = .
 *(SORT(.init_array.*))
 .init_array.00000
                0x00080c38        0x4 f:/rj/atmel studio/7.0/toolchain/arm/arm-gnu-toolchain/bin/../lib/gcc/arm-none-eabi/5.3.1/../../../../arm-none-eabi/lib/armv7-m\libc.a(lib_a-__call_atexit.o)
 *(.init_array)
 .init_array    0x00080c3c        0x4 f:/rj/atmel studio/7.0/toolchain/arm/arm-gnu-toolchain/bin/../lib/gcc/arm-none-eabi/5.3.1/armv7-m/crtbegin.o
                0x00080c40                __init_array_end = .
                0x00080c40                . = ALIGN (0x4)
 *crtbegin.o(.ctors)
 *(EXCLUDE_FILE(*crtend.o) .ctors)
 *(SORT(.ctors.*))
 *crtend.o(.ctors)
                0x00080c40                . = ALIGN (0x4)
 *(.fini)
 .fini          0x00080c40        0x4 f:/rj/atmel studio/7.0/toolchain/arm/arm-gnu-toolchain/bin/../lib/gcc/arm-none-eabi/5.3.1/armv7-m/crti.o
                0x00080c40                _fini
 .fini          0x00080c44        0x8 f:/rj/atmel studio/7.0/toolchain/arm/arm-gnu-toolchain/bin/../lib/gcc/arm-none-eabi/5.3.1/armv7-m/crtn.o
                0x00080c4c                . = ALIGN (0x4)
                0x00080c4c                __fini_array_start = .
 *(.fini_array)
 .fini_array    0x00080c4c        0x4 f:/rj/atmel studio/7.0/toolchain/arm/arm-gnu-toolchain/bin/../lib/gcc/arm-none-eabi/5.3.1/armv7-m/crtbegin.o
 *(SORT(.fini_array.*))
                0x00080c50                __fini_array_end = .
 *crtbegin.o(.dtors)
 *(EXCLUDE_FILE(*crtend.o) .dtors)
 *(SORT(.dtors.*))
 *crtend.o(.dtors)
                0x00080c50                . = ALIGN (0x4)
                0x00080c50                _efixed = .
                [!provide]                PROVIDE (__exidx_start, .)

.vfp11_veneer   0x00080c50        0x0
 .vfp11_veneer  0x00080c50        0x0 linker stubs

.v4_bx          0x00080c50        0x0
 .v4_bx         0x00080c50        0x0 linker stubs

.iplt           0x00080c50        0x0
 .iplt          0x00080c50        0x0 f:/rj/atmel studio/7.0/toolchain/arm/arm-gnu-toolchain/bin/../lib/gcc/arm-none-eabi/5.3.1/armv7-m/crtbegin.o

.eh_frame       0x00080c50        0x0
 .eh_frame      0x00080c50        0x0 f:/rj/atmel studio/7.0/toolchain/arm/arm-gnu-toolchain/bin/../lib/gcc/arm-none-eabi/5.3.1/armv7-m/crtbegin.o

.rel.dyn        0x00080c50        0x0
 .rel.iplt      0x00080c50        0x0 f:/rj/atmel studio/7.0/toolchain/arm/arm-gnu-toolchain/bin/../lib/gcc/arm-none-eabi/5.3.1/armv7-m/crtbegin.o

.jcr            0x00080c50        0x0
 .jcr           0x00080c50        0x0 f:/rj/atmel studio/7.0/toolchain/arm/arm-gnu-toolchain/bin/../lib/gcc/arm-none-eabi/5.3.1/armv7-m/crtbegin.o

.igot.plt       0x00080c50        0x0
 .igot.plt      0x00080c50        0x0 f:/rj/atmel studio/7.0/toolchain/arm/arm-gnu-toolchain/bin/../lib/gcc/arm-none-eabi/5.3.1/armv7-m/crtbegin.o

.ARM.exidx
 *(.ARM.exidx* .gnu.linkonce.armexidx.*)
                [!provide]                PROVIDE (__exidx_end, .)
                0x00080c50                . = ALIGN (0x4)
                0x00080c50                _etext = .

.relocate       0x20000000      0x548 load address 0x00080c50
                0x20000000                . = ALIGN (0x4)
                0x20000000                _srelocate = .
 *(.ramfunc .ramfunc.*)
 .ramfunc       0x20000000      0x118 src/ASF/sam/utils/cmsis/sam3u/source/templates/system_sam3u.o
                0x20000000                SystemInit
                0x200000a8                system_init_flash
 *(.data .data.*)
 .data.SystemCoreClock
                0x20000118        0x4 src/ASF/sam/utils/cmsis/sam3u/source/templates/system_sam3u.o
                0x20000118                SystemCoreClock
 *fill*         0x2000011c        0x4 
 .data.impure_data
                0x20000120      0x428 f:/rj/atmel studio/7.0/toolchain/arm/arm-gnu-toolchain/bin/../lib/gcc/arm-none-eabi/5.3.1/../../../../arm-none-eabi/lib/armv7-m\libc.a(lib_a-impure.o)
                0x20000548                . = ALIGN (0x4)
                0x20000548                _erelocate = .

.bss            0x20000548       0x90 load address 0x00081198
                0x20000548                . = ALIGN (0x4)
                0x20000548                _sbss = .
                0x20000548                _szero = .
 *(.bss .bss.*)
 .bss           0x20000548       0x1c f:/rj/atmel studio/7.0/toolchain/arm/arm-gnu-toolchain/bin/../lib/gcc/arm-none-eabi/5.3.1/armv7-m/crtbegin.o
 .bss.gs_interrupt_sources
                0x20000564       0x70 src/ASF/sam/drivers/pio/pio_handler.o
 .bss.ul_reg_val.7126
                0x200005d4        0x4 src/ASF/sam/drivers/usart/usart.o
 *(COMMON)
                0x200005d8                . = ALIGN (0x4)
                0x200005d8                _ebss = .
                0x200005d8                _ezero = .

.stack          0x20080000     0x2000
                0x20080000                . = ALIGN (0x8)
                0x20080000                _sstack = .
                0x20082000                . = (. + __stack_size__)
 *fill*         0x20080000     0x2000 
                0x20082000                . = ALIGN (0x8)
                0x20082000                _estack = .
                0x20082000                . = ALIGN (0x4)
                0x20082000                _end = .
OUTPUT(Usart_test_project.elf elf32-littlearm)

.ARM.attributes
                0x00000000       0x29
 .ARM.attributes
                0x00000000       0x1d f:/rj/atmel studio/7.0/toolchain/arm/arm-gnu-toolchain/bin/../lib/gcc/arm-none-eabi/5.3.1/armv7-m/crti.o
 .ARM.attributes
                0x0000001d       0x2d f:/rj/atmel studio/7.0/toolchain/arm/arm-gnu-toolchain/bin/../lib/gcc/arm-none-eabi/5.3.1/armv7-m/crtbegin.o
 .ARM.attributes
                0x0000004a       0x33 src/ASF/common/services/clock/sam3u/sysclk.o
 .ARM.attributes
                0x0000007d       0x33 src/ASF/sam/drivers/pio/pio.o
 .ARM.attributes
                0x000000b0       0x33 src/ASF/sam/drivers/pio/pio_handler.o
 .ARM.attributes
                0x000000e3       0x33 src/ASF/sam/drivers/pmc/pmc.o
 .ARM.attributes
                0x00000116       0x33 src/ASF/sam/drivers/spi/spi.o
 .ARM.attributes
                0x00000149       0x33 src/ASF/sam/drivers/twi/twi.o
 .ARM.attributes
                0x0000017c       0x33 src/ASF/common/boards/user_board/init.o
 .ARM.attributes
                0x000001af       0x33 src/ASF/sam/drivers/usart/usart.o
 .ARM.attributes
                0x000001e2       0x33 src/ASF/sam/utils/cmsis/sam3u/source/templates/exceptions.o
 .ARM.attributes
                0x00000215       0x33 src/ASF/sam/utils/cmsis/sam3u/source/templates/gcc/startup_sam3u.o
 .ARM.attributes
                0x00000248       0x33 src/ASF/sam/utils/cmsis/sam3u/source/templates/system_sam3u.o
 .ARM.attributes
                0x0000027b       0x33 src/main.o
 .ARM.attributes
                0x000002ae       0x2d f:/rj/atmel studio/7.0/toolchain/arm/arm-gnu-toolchain/bin/../lib/gcc/arm-none-eabi/5.3.1/../../../../arm-none-eabi/lib/armv7-m\libc.a(lib_a-impure.o)
 .ARM.attributes
                0x000002db       0x2d f:/rj/atmel studio/7.0/toolchain/arm/arm-gnu-toolchain/bin/../lib/gcc/arm-none-eabi/5.3.1/../../../../arm-none-eabi/lib/armv7-m\libc.a(lib_a-init.o)
 .ARM.attributes
                0x00000308       0x2d f:/rj/atmel studio/7.0/toolchain/arm/arm-gnu-toolchain/bin/../lib/gcc/arm-none-eabi/5.3.1/../../../../arm-none-eabi/lib/armv7-m\libc.a(lib_a-__call_atexit.o)
 .ARM.attributes
                0x00000335       0x2d f:/rj/atmel studio/7.0/toolchain/arm/arm-gnu-toolchain/bin/../lib/gcc/arm-none-eabi/5.3.1/../../../../arm-none-eabi/lib/armv7-m\libc.a(lib_a-atexit.o)
 .ARM.attributes
                0x00000362       0x2d f:/rj/atmel studio/7.0/toolchain/arm/arm-gnu-toolchain/bin/../lib/gcc/arm-none-eabi/5.3.1/../../../../arm-none-eabi/lib/armv7-m\libc.a(lib_a-fini.o)
 .ARM.attributes
                0x0000038f       0x2d f:/rj/atmel studio/7.0/toolchain/arm/arm-gnu-toolchain/bin/../lib/gcc/arm-none-eabi/5.3.1/../../../../arm-none-eabi/lib/armv7-m\libc.a(lib_a-__atexit.o)
 .ARM.attributes
                0x000003bc       0x1d f:/rj/atmel studio/7.0/toolchain/arm/arm-gnu-toolchain/bin/../lib/gcc/arm-none-eabi/5.3.1/armv7-m/crtn.o

.comment        0x00000000       0x59
 .comment       0x00000000       0x59 src/ASF/common/services/clock/sam3u/sysclk.o
                                 0x5a (size before relaxing)
 .comment       0x00000059       0x5a src/ASF/sam/drivers/pio/pio.o
 .comment       0x00000059       0x5a src/ASF/sam/drivers/pio/pio_handler.o
 .comment       0x00000059       0x5a src/ASF/sam/drivers/pmc/pmc.o
 .comment       0x00000059       0x5a src/ASF/sam/drivers/spi/spi.o
 .comment       0x00000059       0x5a src/ASF/sam/drivers/twi/twi.o
 .comment       0x00000059       0x5a src/ASF/common/boards/user_board/init.o
 .comment       0x00000059       0x5a src/ASF/sam/drivers/usart/usart.o
 .comment       0x00000059       0x5a src/ASF/sam/utils/cmsis/sam3u/source/templates/exceptions.o
 .comment       0x00000059       0x5a src/ASF/sam/utils/cmsis/sam3u/source/templates/gcc/startup_sam3u.o
 .comment       0x00000059       0x5a src/ASF/sam/utils/cmsis/sam3u/source/templates/system_sam3u.o
 .comment       0x00000059       0x5a src/main.o

.debug_info     0x00000000     0x8350
 .debug_info    0x00000000      0x828 src/ASF/common/services/clock/sam3u/sysclk.o
 .debug_info    0x00000828     0x1384 src/ASF/sam/drivers/pio/pio.o
 .debug_info    0x00001bac      0xdb2 src/ASF/sam/drivers/pio/pio_handler.o
 .debug_info    0x0000295e      0xfa9 src/ASF/sam/drivers/pmc/pmc.o
 .debug_info    0x00003907      0x7fa src/ASF/sam/drivers/spi/spi.o
 .debug_info    0x00004101      0xb29 src/ASF/sam/drivers/twi/twi.o
 .debug_info    0x00004c2a      0x29b src/ASF/common/boards/user_board/init.o
 .debug_info    0x00004ec5     0x17e6 src/ASF/sam/drivers/usart/usart.o
 .debug_info    0x000066ab      0x125 src/ASF/sam/utils/cmsis/sam3u/source/templates/exceptions.o
 .debug_info    0x000067d0      0x3d3 src/ASF/sam/utils/cmsis/sam3u/source/templates/gcc/startup_sam3u.o
 .debug_info    0x00006ba3      0x45a src/ASF/sam/utils/cmsis/sam3u/source/templates/system_sam3u.o
 .debug_info    0x00006ffd     0x1353 src/main.o

.debug_abbrev   0x00000000     0x1902
 .debug_abbrev  0x00000000      0x25b src/ASF/common/services/clock/sam3u/sysclk.o
 .debug_abbrev  0x0000025b      0x2de src/ASF/sam/drivers/pio/pio.o
 .debug_abbrev  0x00000539      0x262 src/ASF/sam/drivers/pio/pio_handler.o
 .debug_abbrev  0x0000079b      0x25b src/ASF/sam/drivers/pmc/pmc.o
 .debug_abbrev  0x000009f6      0x29d src/ASF/sam/drivers/spi/spi.o
 .debug_abbrev  0x00000c93      0x2c9 src/ASF/sam/drivers/twi/twi.o
 .debug_abbrev  0x00000f5c      0x107 src/ASF/common/boards/user_board/init.o
 .debug_abbrev  0x00001063      0x318 src/ASF/sam/drivers/usart/usart.o
 .debug_abbrev  0x0000137b       0x8f src/ASF/sam/utils/cmsis/sam3u/source/templates/exceptions.o
 .debug_abbrev  0x0000140a      0x11b src/ASF/sam/utils/cmsis/sam3u/source/templates/gcc/startup_sam3u.o
 .debug_abbrev  0x00001525      0x108 src/ASF/sam/utils/cmsis/sam3u/source/templates/system_sam3u.o
 .debug_abbrev  0x0000162d      0x2d5 src/main.o

.debug_loc      0x00000000     0x4125
 .debug_loc     0x00000000      0x1b3 src/ASF/common/services/clock/sam3u/sysclk.o
 .debug_loc     0x000001b3      0xb2a src/ASF/sam/drivers/pio/pio.o
 .debug_loc     0x00000cdd      0x4fe src/ASF/sam/drivers/pio/pio_handler.o
 .debug_loc     0x000011db      0xcc7 src/ASF/sam/drivers/pmc/pmc.o
 .debug_loc     0x00001ea2      0x61a src/ASF/sam/drivers/spi/spi.o
 .debug_loc     0x000024bc      0x906 src/ASF/sam/drivers/twi/twi.o
 .debug_loc     0x00002dc2       0x20 src/ASF/common/boards/user_board/init.o
 .debug_loc     0x00002de2      0xf62 src/ASF/sam/drivers/usart/usart.o
 .debug_loc     0x00003d44       0x5e src/ASF/sam/utils/cmsis/sam3u/source/templates/gcc/startup_sam3u.o
 .debug_loc     0x00003da2      0x383 src/main.o

.debug_aranges  0x00000000      0x800
 .debug_aranges
                0x00000000       0x40 src/ASF/common/services/clock/sam3u/sysclk.o
 .debug_aranges
                0x00000040      0x148 src/ASF/sam/drivers/pio/pio.o
 .debug_aranges
                0x00000188       0x48 src/ASF/sam/drivers/pio/pio_handler.o
 .debug_aranges
                0x000001d0      0x1e0 src/ASF/sam/drivers/pmc/pmc.o
 .debug_aranges
                0x000003b0       0x90 src/ASF/sam/drivers/spi/spi.o
 .debug_aranges
                0x00000440       0xc8 src/ASF/sam/drivers/twi/twi.o
 .debug_aranges
                0x00000508       0x20 src/ASF/common/boards/user_board/init.o
 .debug_aranges
                0x00000528      0x220 src/ASF/sam/drivers/usart/usart.o
 .debug_aranges
                0x00000748       0x20 src/ASF/sam/utils/cmsis/sam3u/source/templates/exceptions.o
 .debug_aranges
                0x00000768       0x20 src/ASF/sam/utils/cmsis/sam3u/source/templates/gcc/startup_sam3u.o
 .debug_aranges
                0x00000788       0x30 src/ASF/sam/utils/cmsis/sam3u/source/templates/system_sam3u.o
 .debug_aranges
                0x000007b8       0x48 src/main.o

.debug_ranges   0x00000000      0x740
 .debug_ranges  0x00000000       0x30 src/ASF/common/services/clock/sam3u/sysclk.o
 .debug_ranges  0x00000030      0x138 src/ASF/sam/drivers/pio/pio.o
 .debug_ranges  0x00000168       0x38 src/ASF/sam/drivers/pio/pio_handler.o
 .debug_ranges  0x000001a0      0x1d0 src/ASF/sam/drivers/pmc/pmc.o
 .debug_ranges  0x00000370       0x80 src/ASF/sam/drivers/spi/spi.o
 .debug_ranges  0x000003f0       0xb8 src/ASF/sam/drivers/twi/twi.o
 .debug_ranges  0x000004a8       0x10 src/ASF/common/boards/user_board/init.o
 .debug_ranges  0x000004b8      0x210 src/ASF/sam/drivers/usart/usart.o
 .debug_ranges  0x000006c8       0x10 src/ASF/sam/utils/cmsis/sam3u/source/templates/exceptions.o
 .debug_ranges  0x000006d8       0x10 src/ASF/sam/utils/cmsis/sam3u/source/templates/gcc/startup_sam3u.o
 .debug_ranges  0x000006e8       0x20 src/ASF/sam/utils/cmsis/sam3u/source/templates/system_sam3u.o
 .debug_ranges  0x00000708       0x38 src/main.o

.debug_macro    0x00000000    0x11ee8
 .debug_macro   0x00000000      0x528 src/ASF/common/services/clock/sam3u/sysclk.o
 .debug_macro   0x00000528      0x88c src/ASF/common/services/clock/sam3u/sysclk.o
 .debug_macro   0x00000db4      0x644 src/ASF/common/services/clock/sam3u/sysclk.o
 .debug_macro   0x000013f8       0x28 src/ASF/common/services/clock/sam3u/sysclk.o
 .debug_macro   0x00001420      0x16d src/ASF/common/services/clock/sam3u/sysclk.o
 .debug_macro   0x0000158d       0x76 src/ASF/common/services/clock/sam3u/sysclk.o
 .debug_macro   0x00001603       0x16 src/ASF/common/services/clock/sam3u/sysclk.o
 .debug_macro   0x00001619      0x6e4 src/ASF/common/services/clock/sam3u/sysclk.o
 .debug_macro   0x00001cfd       0x22 src/ASF/common/services/clock/sam3u/sysclk.o
 .debug_macro   0x00001d1f       0x87 src/ASF/common/services/clock/sam3u/sysclk.o
 .debug_macro   0x00001da6       0x44 src/ASF/common/services/clock/sam3u/sysclk.o
 .debug_macro   0x00001dea       0xfd src/ASF/common/services/clock/sam3u/sysclk.o
 .debug_macro   0x00001ee7       0x22 src/ASF/common/services/clock/sam3u/sysclk.o
 .debug_macro   0x00001f09      0x1df src/ASF/common/services/clock/sam3u/sysclk.o
 .debug_macro   0x000020e8       0x20 src/ASF/common/services/clock/sam3u/sysclk.o
 .debug_macro   0x00002108       0x3a src/ASF/common/services/clock/sam3u/sysclk.o
 .debug_macro   0x00002142       0x2d src/ASF/common/services/clock/sam3u/sysclk.o
 .debug_macro   0x0000216f      0xbb1 src/ASF/common/services/clock/sam3u/sysclk.o
 .debug_macro   0x00002d20      0x41b src/ASF/common/services/clock/sam3u/sysclk.o
 .debug_macro   0x0000313b      0x472 src/ASF/common/services/clock/sam3u/sysclk.o
 .debug_macro   0x000035ad      0x2b5 src/ASF/common/services/clock/sam3u/sysclk.o
 .debug_macro   0x00003862      0x5d6 src/ASF/common/services/clock/sam3u/sysclk.o
 .debug_macro   0x00003e38       0x82 src/ASF/common/services/clock/sam3u/sysclk.o
 .debug_macro   0x00003eba       0x1c src/ASF/common/services/clock/sam3u/sysclk.o
 .debug_macro   0x00003ed6      0x69b src/ASF/common/services/clock/sam3u/sysclk.o
 .debug_macro   0x00004571      0x4bd src/ASF/common/services/clock/sam3u/sysclk.o
 .debug_macro   0x00004a2e       0xbe src/ASF/common/services/clock/sam3u/sysclk.o
 .debug_macro   0x00004aec     0x2342 src/ASF/common/services/clock/sam3u/sysclk.o
 .debug_macro   0x00006e2e      0x690 src/ASF/common/services/clock/sam3u/sysclk.o
 .debug_macro   0x000074be      0xa62 src/ASF/common/services/clock/sam3u/sysclk.o
 .debug_macro   0x00007f20       0x7c src/ASF/common/services/clock/sam3u/sysclk.o
 .debug_macro   0x00007f9c      0x263 src/ASF/common/services/clock/sam3u/sysclk.o
 .debug_macro   0x000081ff       0x58 src/ASF/common/services/clock/sam3u/sysclk.o
 .debug_macro   0x00008257      0x9a7 src/ASF/common/services/clock/sam3u/sysclk.o
 .debug_macro   0x00008bfe      0x248 src/ASF/common/services/clock/sam3u/sysclk.o
 .debug_macro   0x00008e46      0x4df src/ASF/common/services/clock/sam3u/sysclk.o
 .debug_macro   0x00009325      0x6b3 src/ASF/common/services/clock/sam3u/sysclk.o
 .debug_macro   0x000099d8      0x563 src/ASF/common/services/clock/sam3u/sysclk.o
 .debug_macro   0x00009f3b      0x34d src/ASF/common/services/clock/sam3u/sysclk.o
 .debug_macro   0x0000a288      0x28c src/ASF/common/services/clock/sam3u/sysclk.o
 .debug_macro   0x0000a514      0x754 src/ASF/common/services/clock/sam3u/sysclk.o
 .debug_macro   0x0000ac68      0x6b5 src/ASF/common/services/clock/sam3u/sysclk.o
 .debug_macro   0x0000b31d       0x76 src/ASF/common/services/clock/sam3u/sysclk.o
 .debug_macro   0x0000b393       0x82 src/ASF/common/services/clock/sam3u/sysclk.o
 .debug_macro   0x0000b415       0x76 src/ASF/common/services/clock/sam3u/sysclk.o
 .debug_macro   0x0000b48b       0x4c src/ASF/common/services/clock/sam3u/sysclk.o
 .debug_macro   0x0000b4d7       0xe2 src/ASF/common/services/clock/sam3u/sysclk.o
 .debug_macro   0x0000b5b9       0x88 src/ASF/common/services/clock/sam3u/sysclk.o
 .debug_macro   0x0000b641       0x88 src/ASF/common/services/clock/sam3u/sysclk.o
 .debug_macro   0x0000b6c9      0x2c6 src/ASF/common/services/clock/sam3u/sysclk.o
 .debug_macro   0x0000b98f       0xac src/ASF/common/services/clock/sam3u/sysclk.o
 .debug_macro   0x0000ba3b       0xac src/ASF/common/services/clock/sam3u/sysclk.o
 .debug_macro   0x0000bae7       0xac src/ASF/common/services/clock/sam3u/sysclk.o
 .debug_macro   0x0000bb93      0x24f src/ASF/common/services/clock/sam3u/sysclk.o
 .debug_macro   0x0000bde2       0x7c src/ASF/common/services/clock/sam3u/sysclk.o
 .debug_macro   0x0000be5e       0x70 src/ASF/common/services/clock/sam3u/sysclk.o
 .debug_macro   0x0000bece       0xee src/ASF/common/services/clock/sam3u/sysclk.o
 .debug_macro   0x0000bfbc      0x165 src/ASF/common/services/clock/sam3u/sysclk.o
 .debug_macro   0x0000c121       0x64 src/ASF/common/services/clock/sam3u/sysclk.o
 .debug_macro   0x0000c185       0x88 src/ASF/common/services/clock/sam3u/sysclk.o
 .debug_macro   0x0000c20d       0x7c src/ASF/common/services/clock/sam3u/sysclk.o
 .debug_macro   0x0000c289       0x16 src/ASF/common/services/clock/sam3u/sysclk.o
 .debug_macro   0x0000c29f       0x22 src/ASF/common/services/clock/sam3u/sysclk.o
 .debug_macro   0x0000c2c1       0x22 src/ASF/common/services/clock/sam3u/sysclk.o
 .debug_macro   0x0000c2e3      0x115 src/ASF/common/services/clock/sam3u/sysclk.o
 .debug_macro   0x0000c3f8      0x115 src/ASF/common/services/clock/sam3u/sysclk.o
 .debug_macro   0x0000c50d       0x1c src/ASF/common/services/clock/sam3u/sysclk.o
 .debug_macro   0x0000c529       0x2e src/ASF/common/services/clock/sam3u/sysclk.o
 .debug_macro   0x0000c557       0x22 src/ASF/common/services/clock/sam3u/sysclk.o
 .debug_macro   0x0000c579       0x1c src/ASF/common/services/clock/sam3u/sysclk.o
 .debug_macro   0x0000c595       0x58 src/ASF/common/services/clock/sam3u/sysclk.o
 .debug_macro   0x0000c5ed       0x10 src/ASF/common/services/clock/sam3u/sysclk.o
 .debug_macro   0x0000c5fd      0x1d2 src/ASF/common/services/clock/sam3u/sysclk.o
 .debug_macro   0x0000c7cf      0x81b src/ASF/common/services/clock/sam3u/sysclk.o
 .debug_macro   0x0000cfea       0xcf src/ASF/common/services/clock/sam3u/sysclk.o
 .debug_macro   0x0000d0b9       0x52 src/ASF/common/services/clock/sam3u/sysclk.o
 .debug_macro   0x0000d10b       0x35 src/ASF/common/services/clock/sam3u/sysclk.o
 .debug_macro   0x0000d140       0x9c src/ASF/common/services/clock/sam3u/sysclk.o
 .debug_macro   0x0000d1dc       0x16 src/ASF/common/services/clock/sam3u/sysclk.o
 .debug_macro   0x0000d1f2       0x35 src/ASF/common/services/clock/sam3u/sysclk.o
 .debug_macro   0x0000d227      0x330 src/ASF/common/services/clock/sam3u/sysclk.o
 .debug_macro   0x0000d557       0x10 src/ASF/common/services/clock/sam3u/sysclk.o
 .debug_macro   0x0000d567       0x52 src/ASF/common/services/clock/sam3u/sysclk.o
 .debug_macro   0x0000d5b9       0x16 src/ASF/common/services/clock/sam3u/sysclk.o
 .debug_macro   0x0000d5cf       0x43 src/ASF/common/services/clock/sam3u/sysclk.o
 .debug_macro   0x0000d612      0x187 src/ASF/common/services/clock/sam3u/sysclk.o
 .debug_macro   0x0000d799       0x22 src/ASF/common/services/clock/sam3u/sysclk.o
 .debug_macro   0x0000d7bb       0x3a src/ASF/common/services/clock/sam3u/sysclk.o
 .debug_macro   0x0000d7f5       0x10 src/ASF/common/services/clock/sam3u/sysclk.o
 .debug_macro   0x0000d805       0x40 src/ASF/common/services/clock/sam3u/sysclk.o
 .debug_macro   0x0000d845       0x6c src/ASF/common/services/clock/sam3u/sysclk.o
 .debug_macro   0x0000d8b1       0x16 src/ASF/common/services/clock/sam3u/sysclk.o
 .debug_macro   0x0000d8c7      0x182 src/ASF/common/services/clock/sam3u/sysclk.o
 .debug_macro   0x0000da49       0x22 src/ASF/common/services/clock/sam3u/sysclk.o
 .debug_macro   0x0000da6b       0x16 src/ASF/common/services/clock/sam3u/sysclk.o
 .debug_macro   0x0000da81       0x16 src/ASF/common/services/clock/sam3u/sysclk.o
 .debug_macro   0x0000da97       0x29 src/ASF/common/services/clock/sam3u/sysclk.o
 .debug_macro   0x0000dac0       0x75 src/ASF/common/services/clock/sam3u/sysclk.o
 .debug_macro   0x0000db35       0x45 src/ASF/common/services/clock/sam3u/sysclk.o
 .debug_macro   0x0000db7a      0x3ca src/ASF/common/services/clock/sam3u/sysclk.o
 .debug_macro   0x0000df44      0x2a4 src/ASF/common/services/clock/sam3u/sysclk.o
 .debug_macro   0x0000e1e8       0x5e src/ASF/common/services/clock/sam3u/sysclk.o
 .debug_macro   0x0000e246       0x82 src/ASF/common/services/clock/sam3u/sysclk.o
 .debug_macro   0x0000e2c8       0x5f src/ASF/common/services/clock/sam3u/sysclk.o
 .debug_macro   0x0000e327       0x82 src/ASF/common/services/clock/sam3u/sysclk.o
 .debug_macro   0x0000e3a9      0x4c8 src/ASF/sam/drivers/pio/pio.o
 .debug_macro   0x0000e871       0x8e src/ASF/sam/drivers/pio/pio.o
 .debug_macro   0x0000e8ff      0x4cc src/ASF/sam/drivers/pio/pio_handler.o
 .debug_macro   0x0000edcb      0x4c2 src/ASF/sam/drivers/pmc/pmc.o
 .debug_macro   0x0000f28d       0x58 src/ASF/sam/drivers/pmc/pmc.o
 .debug_macro   0x0000f2e5      0x537 src/ASF/sam/drivers/spi/spi.o
 .debug_macro   0x0000f81c       0x10 src/ASF/sam/drivers/spi/spi.o
 .debug_macro   0x0000f82c      0x4e0 src/ASF/sam/drivers/twi/twi.o
 .debug_macro   0x0000fd0c       0x46 src/ASF/sam/drivers/twi/twi.o
 .debug_macro   0x0000fd52      0x5c6 src/ASF/common/boards/user_board/init.o
 .debug_macro   0x00010318       0x28 src/ASF/common/boards/user_board/init.o
 .debug_macro   0x00010340       0x23 src/ASF/common/boards/user_board/init.o
 .debug_macro   0x00010363       0x94 src/ASF/common/boards/user_board/init.o
 .debug_macro   0x000103f7       0x40 src/ASF/common/boards/user_board/init.o
 .debug_macro   0x00010437       0x70 src/ASF/common/boards/user_board/init.o
 .debug_macro   0x000104a7       0x16 src/ASF/common/boards/user_board/init.o
 .debug_macro   0x000104bd       0x4c src/ASF/common/boards/user_board/init.o
 .debug_macro   0x00010509       0x1c src/ASF/common/boards/user_board/init.o
 .debug_macro   0x00010525       0x2e src/ASF/common/boards/user_board/init.o
 .debug_macro   0x00010553      0x4f8 src/ASF/sam/drivers/usart/usart.o
 .debug_macro   0x00010a4b       0x28 src/ASF/sam/drivers/usart/usart.o
 .debug_macro   0x00010a73      0x4c1 src/ASF/sam/utils/cmsis/sam3u/source/templates/exceptions.o
 .debug_macro   0x00010f34      0x4cf src/ASF/sam/utils/cmsis/sam3u/source/templates/gcc/startup_sam3u.o
 .debug_macro   0x00011403      0x4cf src/ASF/sam/utils/cmsis/sam3u/source/templates/system_sam3u.o
 .debug_macro   0x000118d2       0x26 src/ASF/sam/utils/cmsis/sam3u/source/templates/system_sam3u.o
 .debug_macro   0x000118f8      0x5f0 src/main.o

.debug_line     0x00000000     0x93b2
 .debug_line    0x00000000      0xb8a src/ASF/common/services/clock/sam3u/sysclk.o
 .debug_line    0x00000b8a      0xd57 src/ASF/sam/drivers/pio/pio.o
 .debug_line    0x000018e1      0xa7e src/ASF/sam/drivers/pio/pio_handler.o
 .debug_line    0x0000235f      0xf1d src/ASF/sam/drivers/pmc/pmc.o
 .debug_line    0x0000327c      0xc4d src/ASF/sam/drivers/spi/spi.o
 .debug_line    0x00003ec9      0xc24 src/ASF/sam/drivers/twi/twi.o
 .debug_line    0x00004aed      0xd20 src/ASF/common/boards/user_board/init.o
 .debug_line    0x0000580d      0xf81 src/ASF/sam/drivers/usart/usart.o
 .debug_line    0x0000678e      0x9cd src/ASF/sam/utils/cmsis/sam3u/source/templates/exceptions.o
 .debug_line    0x0000715b      0xa17 src/ASF/sam/utils/cmsis/sam3u/source/templates/gcc/startup_sam3u.o
 .debug_line    0x00007b72      0xa32 src/ASF/sam/utils/cmsis/sam3u/source/templates/system_sam3u.o
 .debug_line    0x000085a4      0xe0e src/main.o

.debug_str      0x00000000    0x4db07
 .debug_str     0x00000000    0x4a71a src/ASF/common/services/clock/sam3u/sysclk.o
                              0x4aa3c (size before relaxing)
 .debug_str     0x0004a71a      0x995 src/ASF/sam/drivers/pio/pio.o
                              0x49f19 (size before relaxing)
 .debug_str     0x0004b0af      0x3ce src/ASF/sam/drivers/pio/pio_handler.o
                              0x49ec9 (size before relaxing)
 .debug_str     0x0004b47d      0x62e src/ASF/sam/drivers/pmc/pmc.o
                              0x49eea (size before relaxing)
 .debug_str     0x0004baab      0x441 src/ASF/sam/drivers/spi/spi.o
                              0x4abbc (size before relaxing)
 .debug_str     0x0004beec      0x504 src/ASF/sam/drivers/twi/twi.o
                              0x49a9e (size before relaxing)
 .debug_str     0x0004c3f0      0x8ee src/ASF/common/boards/user_board/init.o
                              0x4b506 (size before relaxing)
 .debug_str     0x0004ccde      0x909 src/ASF/sam/drivers/usart/usart.o
                              0x49fcb (size before relaxing)
 .debug_str     0x0004d5e7       0x4d src/ASF/sam/utils/cmsis/sam3u/source/templates/exceptions.o
                              0x4958e (size before relaxing)
 .debug_str     0x0004d634       0xb2 src/ASF/sam/utils/cmsis/sam3u/source/templates/gcc/startup_sam3u.o
                              0x49663 (size before relaxing)
 .debug_str     0x0004d6e6      0x1d1 src/ASF/sam/utils/cmsis/sam3u/source/templates/system_sam3u.o
                              0x49838 (size before relaxing)
 .debug_str     0x0004d8b7      0x250 src/main.o
                              0x4bc9d (size before relaxing)

.debug_frame    0x00000000     0x122c
 .debug_frame   0x00000000       0x80 src/ASF/common/services/clock/sam3u/sysclk.o
 .debug_frame   0x00000080      0x2b8 src/ASF/sam/drivers/pio/pio.o
 .debug_frame   0x00000338       0xc8 src/ASF/sam/drivers/pio/pio_handler.o
 .debug_frame   0x00000400      0x410 src/ASF/sam/drivers/pmc/pmc.o
 .debug_frame   0x00000810      0x148 src/ASF/sam/drivers/spi/spi.o
 .debug_frame   0x00000958      0x1bc src/ASF/sam/drivers/twi/twi.o
 .debug_frame   0x00000b14       0x28 src/ASF/common/boards/user_board/init.o
 .debug_frame   0x00000b3c      0x4ac src/ASF/sam/drivers/usart/usart.o
 .debug_frame   0x00000fe8       0x20 src/ASF/sam/utils/cmsis/sam3u/source/templates/exceptions.o
 .debug_frame   0x00001008       0x28 src/ASF/sam/utils/cmsis/sam3u/source/templates/gcc/startup_sam3u.o
 .debug_frame   0x00001030       0x40 src/ASF/sam/utils/cmsis/sam3u/source/templates/system_sam3u.o
 .debug_frame   0x00001070       0xb8 src/main.o
 .debug_frame   0x00001128       0x2c f:/rj/atmel studio/7.0/toolchain/arm/arm-gnu-toolchain/bin/../lib/gcc/arm-none-eabi/5.3.1/../../../../arm-none-eabi/lib/armv7-m\libc.a(lib_a-init.o)
 .debug_frame   0x00001154       0x50 f:/rj/atmel studio/7.0/toolchain/arm/arm-gnu-toolchain/bin/../lib/gcc/arm-none-eabi/5.3.1/../../../../arm-none-eabi/lib/armv7-m\libc.a(lib_a-__call_atexit.o)
 .debug_frame   0x000011a4       0x20 f:/rj/atmel studio/7.0/toolchain/arm/arm-gnu-toolchain/bin/../lib/gcc/arm-none-eabi/5.3.1/../../../../arm-none-eabi/lib/armv7-m\libc.a(lib_a-atexit.o)
 .debug_frame   0x000011c4       0x34 f:/rj/atmel studio/7.0/toolchain/arm/arm-gnu-toolchain/bin/../lib/gcc/arm-none-eabi/5.3.1/../../../../arm-none-eabi/lib/armv7-m\libc.a(lib_a-fini.o)
 .debug_frame   0x000011f8       0x34 f:/rj/atmel studio/7.0/toolchain/arm/arm-gnu-toolchain/bin/../lib/gcc/arm-none-eabi/5.3.1/../../../../arm-none-eabi/lib/armv7-m\libc.a(lib_a-__atexit.o)

Cross Reference Table

Symbol                                            File
ADC12B_Handler                                    src/ASF/sam/utils/cmsis/sam3u/source/templates/exceptions.o
                                                  src/ASF/sam/utils/cmsis/sam3u/source/templates/gcc/startup_sam3u.o
ADC_Handler                                       src/ASF/sam/utils/cmsis/sam3u/source/templates/exceptions.o
                                                  src/ASF/sam/utils/cmsis/sam3u/source/templates/gcc/startup_sam3u.o
BusFault_Handler                                  src/ASF/sam/utils/cmsis/sam3u/source/templates/exceptions.o
                                                  src/ASF/sam/utils/cmsis/sam3u/source/templates/gcc/startup_sam3u.o
DMAC_Handler                                      src/ASF/sam/utils/cmsis/sam3u/source/templates/exceptions.o
                                                  src/ASF/sam/utils/cmsis/sam3u/source/templates/gcc/startup_sam3u.o
DebugMon_Handler                                  src/ASF/sam/utils/cmsis/sam3u/source/templates/exceptions.o
                                                  src/ASF/sam/utils/cmsis/sam3u/source/templates/gcc/startup_sam3u.o
Dummy_Handler                                     src/ASF/sam/utils/cmsis/sam3u/source/templates/exceptions.o
                                                  src/ASF/sam/utils/cmsis/sam3u/source/templates/gcc/startup_sam3u.o
EFC0_Handler                                      src/ASF/sam/utils/cmsis/sam3u/source/templates/exceptions.o
                                                  src/ASF/sam/utils/cmsis/sam3u/source/templates/gcc/startup_sam3u.o
EFC1_Handler                                      src/ASF/sam/utils/cmsis/sam3u/source/templates/exceptions.o
                                                  src/ASF/sam/utils/cmsis/sam3u/source/templates/gcc/startup_sam3u.o
HSMCI_Handler                                     src/ASF/sam/utils/cmsis/sam3u/source/templates/exceptions.o
                                                  src/ASF/sam/utils/cmsis/sam3u/source/templates/gcc/startup_sam3u.o
HardFault_Handler                                 src/ASF/sam/utils/cmsis/sam3u/source/templates/exceptions.o
                                                  src/ASF/sam/utils/cmsis/sam3u/source/templates/gcc/startup_sam3u.o
MemManage_Handler                                 src/ASF/sam/utils/cmsis/sam3u/source/templates/exceptions.o
                                                  src/ASF/sam/utils/cmsis/sam3u/source/templates/gcc/startup_sam3u.o
NMI_Handler                                       src/ASF/sam/utils/cmsis/sam3u/source/templates/exceptions.o
                                                  src/ASF/sam/utils/cmsis/sam3u/source/templates/gcc/startup_sam3u.o
PIOA_Handler                                      src/ASF/sam/drivers/pio/pio_handler.o
                                                  src/ASF/sam/utils/cmsis/sam3u/source/templates/gcc/startup_sam3u.o
PIOB_Handler                                      src/ASF/sam/drivers/pio/pio_handler.o
                                                  src/ASF/sam/utils/cmsis/sam3u/source/templates/gcc/startup_sam3u.o
PMC_Handler                                       src/ASF/sam/utils/cmsis/sam3u/source/templates/exceptions.o
                                                  src/ASF/sam/utils/cmsis/sam3u/source/templates/gcc/startup_sam3u.o
PWM_Handler                                       src/ASF/sam/utils/cmsis/sam3u/source/templates/exceptions.o
                                                  src/ASF/sam/utils/cmsis/sam3u/source/templates/gcc/startup_sam3u.o
PendSV_Handler                                    src/ASF/sam/utils/cmsis/sam3u/source/templates/exceptions.o
                                                  src/ASF/sam/utils/cmsis/sam3u/source/templates/gcc/startup_sam3u.o
RSTC_Handler                                      src/ASF/sam/utils/cmsis/sam3u/source/templates/exceptions.o
                                                  src/ASF/sam/utils/cmsis/sam3u/source/templates/gcc/startup_sam3u.o
RTC_Handler                                       src/ASF/sam/utils/cmsis/sam3u/source/templates/exceptions.o
                                                  src/ASF/sam/utils/cmsis/sam3u/source/templates/gcc/startup_sam3u.o
RTT_Handler                                       src/ASF/sam/utils/cmsis/sam3u/source/templates/exceptions.o
                                                  src/ASF/sam/utils/cmsis/sam3u/source/templates/gcc/startup_sam3u.o
Reset_Handler                                     src/ASF/sam/utils/cmsis/sam3u/source/templates/gcc/startup_sam3u.o
                                                  src/ASF/sam/utils/cmsis/sam3u/source/templates/exceptions.o
SMC_Handler                                       src/ASF/sam/utils/cmsis/sam3u/source/templates/exceptions.o
                                                  src/ASF/sam/utils/cmsis/sam3u/source/templates/gcc/startup_sam3u.o
SPI_Handler                                       src/main.o
                                                  src/ASF/sam/utils/cmsis/sam3u/source/templates/exceptions.o
                                                  src/ASF/sam/utils/cmsis/sam3u/source/templates/gcc/startup_sam3u.o
SSC_Handler                                       src/ASF/sam/utils/cmsis/sam3u/source/templates/exceptions.o
                                                  src/ASF/sam/utils/cmsis/sam3u/source/templates/gcc/startup_sam3u.o
SUPC_Handler                                      src/ASF/sam/utils/cmsis/sam3u/source/templates/exceptions.o
                                                  src/ASF/sam/utils/cmsis/sam3u/source/templates/gcc/startup_sam3u.o
SVC_Handler                                       src/ASF/sam/utils/cmsis/sam3u/source/templates/exceptions.o
                                                  src/ASF/sam/utils/cmsis/sam3u/source/templates/gcc/startup_sam3u.o
SysTick_Handler                                   src/ASF/sam/utils/cmsis/sam3u/source/templates/exceptions.o
                                                  src/ASF/sam/utils/cmsis/sam3u/source/templates/gcc/startup_sam3u.o
SystemCoreClock                                   src/ASF/sam/utils/cmsis/sam3u/source/templates/system_sam3u.o
SystemCoreClockUpdate                             src/ASF/sam/utils/cmsis/sam3u/source/templates/system_sam3u.o
                                                  src/ASF/common/services/clock/sam3u/sysclk.o
SystemInit                                        src/ASF/sam/utils/cmsis/sam3u/source/templates/system_sam3u.o
TC0_Handler                                       src/ASF/sam/utils/cmsis/sam3u/source/templates/exceptions.o
                                                  src/ASF/sam/utils/cmsis/sam3u/source/templates/gcc/startup_sam3u.o
TC1_Handler                                       src/ASF/sam/utils/cmsis/sam3u/source/templates/exceptions.o
                                                  src/ASF/sam/utils/cmsis/sam3u/source/templates/gcc/startup_sam3u.o
TC2_Handler                                       src/ASF/sam/utils/cmsis/sam3u/source/templates/exceptions.o
                                                  src/ASF/sam/utils/cmsis/sam3u/source/templates/gcc/startup_sam3u.o
TWI0_Handler                                      src/main.o
                                                  src/ASF/sam/utils/cmsis/sam3u/source/templates/exceptions.o
                                                  src/ASF/sam/utils/cmsis/sam3u/source/templates/gcc/startup_sam3u.o
TWI1_Handler                                      src/ASF/sam/utils/cmsis/sam3u/source/templates/exceptions.o
                                                  src/ASF/sam/utils/cmsis/sam3u/source/templates/gcc/startup_sam3u.o
UART_Handler                                      src/ASF/sam/utils/cmsis/sam3u/source/templates/exceptions.o
                                                  src/ASF/sam/utils/cmsis/sam3u/source/templates/gcc/startup_sam3u.o
UDPHS_Handler                                     src/ASF/sam/utils/cmsis/sam3u/source/templates/exceptions.o
                                                  src/ASF/sam/utils/cmsis/sam3u/source/templates/gcc/startup_sam3u.o
USART0_Handler                                    src/ASF/sam/utils/cmsis/sam3u/source/templates/exceptions.o
                                                  src/ASF/sam/utils/cmsis/sam3u/source/templates/gcc/startup_sam3u.o
USART1_Handler                                    src/ASF/sam/utils/cmsis/sam3u/source/templates/exceptions.o
                                                  src/ASF/sam/utils/cmsis/sam3u/source/templates/gcc/startup_sam3u.o
USART2_Handler                                    src/ASF/sam/utils/cmsis/sam3u/source/templates/exceptions.o
                                                  src/ASF/sam/utils/cmsis/sam3u/source/templates/gcc/startup_sam3u.o
UsageFault_Handler                                src/ASF/sam/utils/cmsis/sam3u/source/templates/exceptions.o
                                                  src/ASF/sam/utils/cmsis/sam3u/source/templates/gcc/startup_sam3u.o
WDT_Handler                                       src/ASF/sam/utils/cmsis/sam3u/source/templates/exceptions.o
                                                  src/ASF/sam/utils/cmsis/sam3u/source/templates/gcc/startup_sam3u.o
_Jv_RegisterClasses                               f:/rj/atmel studio/7.0/toolchain/arm/arm-gnu-toolchain/bin/../lib/gcc/arm-none-eabi/5.3.1/armv7-m/crtbegin.o
_PathLocale                                       f:/rj/atmel studio/7.0/toolchain/arm/arm-gnu-toolchain/bin/../lib/gcc/arm-none-eabi/5.3.1/../../../../arm-none-eabi/lib/armv7-m\libc.a(lib_a-locale.o)
__aeabi_idiv0                                     f:/rj/atmel studio/7.0/toolchain/arm/arm-gnu-toolchain/bin/../lib/gcc/arm-none-eabi/5.3.1/armv7-m\libgcc.a(_dvmd_tls.o)
__aeabi_ldiv0                                     f:/rj/atmel studio/7.0/toolchain/arm/arm-gnu-toolchain/bin/../lib/gcc/arm-none-eabi/5.3.1/armv7-m\libgcc.a(_dvmd_tls.o)
                                                  f:/rj/atmel studio/7.0/toolchain/arm/arm-gnu-toolchain/bin/../lib/gcc/arm-none-eabi/5.3.1/armv7-m\libgcc.a(_aeabi_uldivmod.o)
__aeabi_uldivmod                                  f:/rj/atmel studio/7.0/toolchain/arm/arm-gnu-toolchain/bin/../lib/gcc/arm-none-eabi/5.3.1/armv7-m\libgcc.a(_aeabi_uldivmod.o)
                                                  f:/rj/atmel studio/7.0/toolchain/arm/arm-gnu-toolchain/bin/../lib/gcc/arm-none-eabi/5.3.1/../../../../arm-none-eabi/lib/armv7-m\libc.a(lib_a-vfiprintf.o)
__ascii_wctomb                                    f:/rj/atmel studio/7.0/toolchain/arm/arm-gnu-toolchain/bin/../lib/gcc/arm-none-eabi/5.3.1/../../../../arm-none-eabi/lib/armv7-m\libc.a(lib_a-wctomb_r.o)
__bss_end__                                       f:/rj/atmel studio/7.0/toolchain/arm/arm-gnu-toolchain/bin/../lib/gcc/arm-none-eabi/5.3.1/../../../../arm-none-eabi/lib/armv7-m/crt0.o
__bss_start__                                     f:/rj/atmel studio/7.0/toolchain/arm/arm-gnu-toolchain/bin/../lib/gcc/arm-none-eabi/5.3.1/../../../../arm-none-eabi/lib/armv7-m/crt0.o
__call_exitprocs                                  f:/rj/atmel studio/7.0/toolchain/arm/arm-gnu-toolchain/bin/../lib/gcc/arm-none-eabi/5.3.1/../../../../arm-none-eabi/lib/armv7-m\libc.a(lib_a-__call_atexit.o)
                                                  f:/rj/atmel studio/7.0/toolchain/arm/arm-gnu-toolchain/bin/../lib/gcc/arm-none-eabi/5.3.1/../../../../arm-none-eabi/lib/armv7-m\libc.a(lib_a-exit.o)
__deregister_frame_info                           f:/rj/atmel studio/7.0/toolchain/arm/arm-gnu-toolchain/bin/../lib/gcc/arm-none-eabi/5.3.1/armv7-m/crtbegin.o
__dso_handle                                      f:/rj/atmel studio/7.0/toolchain/arm/arm-gnu-toolchain/bin/../lib/gcc/arm-none-eabi/5.3.1/armv7-m/crtbegin.o
__fini_array_end                                  f:/rj/atmel studio/7.0/toolchain/arm/arm-gnu-toolchain/bin/../lib/gcc/arm-none-eabi/5.3.1/../../../../arm-none-eabi/lib/armv7-m\libc.a(lib_a-fini.o)
__fini_array_start                                f:/rj/atmel studio/7.0/toolchain/arm/arm-gnu-toolchain/bin/../lib/gcc/arm-none-eabi/5.3.1/../../../../arm-none-eabi/lib/armv7-m\libc.a(lib_a-fini.o)
__fp_lock_all                                     f:/rj/atmel studio/7.0/toolchain/arm/arm-gnu-toolchain/bin/../lib/gcc/arm-none-eabi/5.3.1/../../../../arm-none-eabi/lib/armv7-m\libc.a(lib_a-findfp.o)
__fp_unlock_all                                   f:/rj/atmel studio/7.0/toolchain/arm/arm-gnu-toolchain/bin/../lib/gcc/arm-none-eabi/5.3.1/../../../../arm-none-eabi/lib/armv7-m\libc.a(lib_a-findfp.o)
__fputwc                                          f:/rj/atmel studio/7.0/toolchain/arm/arm-gnu-toolchain/bin/../lib/gcc/arm-none-eabi/5.3.1/../../../../arm-none-eabi/lib/armv7-m\libc.a(lib_a-fputwc.o)
__init_array_end                                  f:/rj/atmel studio/7.0/toolchain/arm/arm-gnu-toolchain/bin/../lib/gcc/arm-none-eabi/5.3.1/../../../../arm-none-eabi/lib/armv7-m\libc.a(lib_a-init.o)
__init_array_start                                f:/rj/atmel studio/7.0/toolchain/arm/arm-gnu-toolchain/bin/../lib/gcc/arm-none-eabi/5.3.1/../../../../arm-none-eabi/lib/armv7-m\libc.a(lib_a-init.o)
__libc_fini                                       f:/rj/atmel studio/7.0/toolchain/arm/arm-gnu-toolchain/bin/../lib/gcc/arm-none-eabi/5.3.1/../../../../arm-none-eabi/lib/armv7-m\libc.a(lib_a-__call_atexit.o)
__libc_fini_array                                 f:/rj/atmel studio/7.0/toolchain/arm/arm-gnu-toolchain/bin/../lib/gcc/arm-none-eabi/5.3.1/../../../../arm-none-eabi/lib/armv7-m\libc.a(lib_a-fini.o)
                                                  f:/rj/atmel studio/7.0/toolchain/arm/arm-gnu-toolchain/bin/../lib/gcc/arm-none-eabi/5.3.1/../../../../arm-none-eabi/lib/armv7-m\libc.a(lib_a-__call_atexit.o)
                                                  f:/rj/atmel studio/7.0/toolchain/arm/arm-gnu-toolchain/bin/../lib/gcc/arm-none-eabi/5.3.1/../../../../arm-none-eabi/lib/armv7-m/crt0.o
__libc_init_array                                 f:/rj/atmel studio/7.0/toolchain/arm/arm-gnu-toolchain/bin/../lib/gcc/arm-none-eabi/5.3.1/../../../../arm-none-eabi/lib/armv7-m\libc.a(lib_a-init.o)
                                                  src/ASF/sam/utils/cmsis/sam3u/source/templates/gcc/startup_sam3u.o
                                                  f:/rj/atmel studio/7.0/toolchain/arm/arm-gnu-toolchain/bin/../lib/gcc/arm-none-eabi/5.3.1/../../../../arm-none-eabi/lib/armv7-m/crt0.o
__locale_charset                                  f:/rj/atmel studio/7.0/toolchain/arm/arm-gnu-toolchain/bin/../lib/gcc/arm-none-eabi/5.3.1/../../../../arm-none-eabi/lib/armv7-m\libc.a(lib_a-locale.o)
                                                  f:/rj/atmel studio/7.0/toolchain/arm/arm-gnu-toolchain/bin/../lib/gcc/arm-none-eabi/5.3.1/../../../../arm-none-eabi/lib/armv7-m\libc.a(lib_a-wctomb_r.o)
                                                  f:/rj/atmel studio/7.0/toolchain/arm/arm-gnu-toolchain/bin/../lib/gcc/arm-none-eabi/5.3.1/../../../../arm-none-eabi/lib/armv7-m\libc.a(lib_a-wcrtomb.o)
__locale_cjk_lang                                 f:/rj/atmel studio/7.0/toolchain/arm/arm-gnu-toolchain/bin/../lib/gcc/arm-none-eabi/5.3.1/../../../../arm-none-eabi/lib/armv7-m\libc.a(lib_a-locale.o)
__locale_mb_cur_max                               f:/rj/atmel studio/7.0/toolchain/arm/arm-gnu-toolchain/bin/../lib/gcc/arm-none-eabi/5.3.1/../../../../arm-none-eabi/lib/armv7-m\libc.a(lib_a-locale.o)
                                                  f:/rj/atmel studio/7.0/toolchain/arm/arm-gnu-toolchain/bin/../lib/gcc/arm-none-eabi/5.3.1/../../../../arm-none-eabi/lib/armv7-m\libc.a(lib_a-fputwc.o)
__locale_msgcharset                               f:/rj/atmel studio/7.0/toolchain/arm/arm-gnu-toolchain/bin/../lib/gcc/arm-none-eabi/5.3.1/../../../../arm-none-eabi/lib/armv7-m\libc.a(lib_a-locale.o)
__malloc_av_                                      f:/rj/atmel studio/7.0/toolchain/arm/arm-gnu-toolchain/bin/../lib/gcc/arm-none-eabi/5.3.1/../../../../arm-none-eabi/lib/armv7-m\libc.a(lib_a-mallocr.o)
                                                  f:/rj/atmel studio/7.0/toolchain/arm/arm-gnu-toolchain/bin/../lib/gcc/arm-none-eabi/5.3.1/../../../../arm-none-eabi/lib/armv7-m\libc.a(lib_a-reallocr.o)
                                                  f:/rj/atmel studio/7.0/toolchain/arm/arm-gnu-toolchain/bin/../lib/gcc/arm-none-eabi/5.3.1/../../../../arm-none-eabi/lib/armv7-m\libc.a(lib_a-freer.o)
__malloc_current_mallinfo                         f:/rj/atmel studio/7.0/toolchain/arm/arm-gnu-toolchain/bin/../lib/gcc/arm-none-eabi/5.3.1/../../../../arm-none-eabi/lib/armv7-m\libc.a(lib_a-mallocr.o)
                                                  f:/rj/atmel studio/7.0/toolchain/arm/arm-gnu-toolchain/bin/../lib/gcc/arm-none-eabi/5.3.1/../../../../arm-none-eabi/lib/armv7-m\libc.a(lib_a-freer.o)
__malloc_lock                                     f:/rj/atmel studio/7.0/toolchain/arm/arm-gnu-toolchain/bin/../lib/gcc/arm-none-eabi/5.3.1/../../../../arm-none-eabi/lib/armv7-m\libc.a(lib_a-mlock.o)
                                                  f:/rj/atmel studio/7.0/toolchain/arm/arm-gnu-toolchain/bin/../lib/gcc/arm-none-eabi/5.3.1/../../../../arm-none-eabi/lib/armv7-m\libc.a(lib_a-reallocr.o)
                                                  f:/rj/atmel studio/7.0/toolchain/arm/arm-gnu-toolchain/bin/../lib/gcc/arm-none-eabi/5.3.1/../../../../arm-none-eabi/lib/armv7-m\libc.a(lib_a-mallocr.o)
                                                  f:/rj/atmel studio/7.0/toolchain/arm/arm-gnu-toolchain/bin/../lib/gcc/arm-none-eabi/5.3.1/../../../../arm-none-eabi/lib/armv7-m\libc.a(lib_a-freer.o)
__malloc_max_sbrked_mem                           f:/rj/atmel studio/7.0/toolchain/arm/arm-gnu-toolchain/bin/../lib/gcc/arm-none-eabi/5.3.1/../../../../arm-none-eabi/lib/armv7-m\libc.a(lib_a-mallocr.o)
__malloc_max_total_mem                            f:/rj/atmel studio/7.0/toolchain/arm/arm-gnu-toolchain/bin/../lib/gcc/arm-none-eabi/5.3.1/../../../../arm-none-eabi/lib/armv7-m\libc.a(lib_a-mallocr.o)
__malloc_sbrk_base                                f:/rj/atmel studio/7.0/toolchain/arm/arm-gnu-toolchain/bin/../lib/gcc/arm-none-eabi/5.3.1/../../../../arm-none-eabi/lib/armv7-m\libc.a(lib_a-mallocr.o)
                                                  f:/rj/atmel studio/7.0/toolchain/arm/arm-gnu-toolchain/bin/../lib/gcc/arm-none-eabi/5.3.1/../../../../arm-none-eabi/lib/armv7-m\libc.a(lib_a-freer.o)
__malloc_top_pad                                  f:/rj/atmel studio/7.0/toolchain/arm/arm-gnu-toolchain/bin/../lib/gcc/arm-none-eabi/5.3.1/../../../../arm-none-eabi/lib/armv7-m\libc.a(lib_a-mallocr.o)
                                                  f:/rj/atmel studio/7.0/toolchain/arm/arm-gnu-toolchain/bin/../lib/gcc/arm-none-eabi/5.3.1/../../../../arm-none-eabi/lib/armv7-m\libc.a(lib_a-freer.o)
__malloc_trim_threshold                           f:/rj/atmel studio/7.0/toolchain/arm/arm-gnu-toolchain/bin/../lib/gcc/arm-none-eabi/5.3.1/../../../../arm-none-eabi/lib/armv7-m\libc.a(lib_a-mallocr.o)
                                                  f:/rj/atmel studio/7.0/toolchain/arm/arm-gnu-toolchain/bin/../lib/gcc/arm-none-eabi/5.3.1/../../../../arm-none-eabi/lib/armv7-m\libc.a(lib_a-freer.o)
__malloc_unlock                                   f:/rj/atmel studio/7.0/toolchain/arm/arm-gnu-toolchain/bin/../lib/gcc/arm-none-eabi/5.3.1/../../../../arm-none-eabi/lib/armv7-m\libc.a(lib_a-mlock.o)
                                                  f:/rj/atmel studio/7.0/toolchain/arm/arm-gnu-toolchain/bin/../lib/gcc/arm-none-eabi/5.3.1/../../../../arm-none-eabi/lib/armv7-m\libc.a(lib_a-reallocr.o)
                                                  f:/rj/atmel studio/7.0/toolchain/arm/arm-gnu-toolchain/bin/../lib/gcc/arm-none-eabi/5.3.1/../../../../arm-none-eabi/lib/armv7-m\libc.a(lib_a-mallocr.o)
                                                  f:/rj/atmel studio/7.0/toolchain/arm/arm-gnu-toolchain/bin/../lib/gcc/arm-none-eabi/5.3.1/../../../../arm-none-eabi/lib/armv7-m\libc.a(lib_a-freer.o)
__mb_cur_max                                      f:/rj/atmel studio/7.0/toolchain/arm/arm-gnu-toolchain/bin/../lib/gcc/arm-none-eabi/5.3.1/../../../../arm-none-eabi/lib/armv7-m\libc.a(lib_a-locale.o)
__mlocale_changed                                 f:/rj/atmel studio/7.0/toolchain/arm/arm-gnu-toolchain/bin/../lib/gcc/arm-none-eabi/5.3.1/../../../../arm-none-eabi/lib/armv7-m\libc.a(lib_a-locale.o)
__nlocale_changed                                 f:/rj/atmel studio/7.0/toolchain/arm/arm-gnu-toolchain/bin/../lib/gcc/arm-none-eabi/5.3.1/../../../../arm-none-eabi/lib/armv7-m\libc.a(lib_a-locale.o)
__preinit_array_end                               f:/rj/atmel studio/7.0/toolchain/arm/arm-gnu-toolchain/bin/../lib/gcc/arm-none-eabi/5.3.1/../../../../arm-none-eabi/lib/armv7-m\libc.a(lib_a-init.o)
__preinit_array_start                             f:/rj/atmel studio/7.0/toolchain/arm/arm-gnu-toolchain/bin/../lib/gcc/arm-none-eabi/5.3.1/../../../../arm-none-eabi/lib/armv7-m\libc.a(lib_a-init.o)
__ram_end__                                       src/ASF/sam/utils/syscalls/gcc/syscalls.o
__register_exitproc                               f:/rj/atmel studio/7.0/toolchain/arm/arm-gnu-toolchain/bin/../lib/gcc/arm-none-eabi/5.3.1/../../../../arm-none-eabi/lib/armv7-m\libc.a(lib_a-__atexit.o)
                                                  f:/rj/atmel studio/7.0/toolchain/arm/arm-gnu-toolchain/bin/../lib/gcc/arm-none-eabi/5.3.1/../../../../arm-none-eabi/lib/armv7-m\libc.a(lib_a-atexit.o)
__register_frame_info                             f:/rj/atmel studio/7.0/toolchain/arm/arm-gnu-toolchain/bin/../lib/gcc/arm-none-eabi/5.3.1/armv7-m/crtbegin.o
__sclose                                          f:/rj/atmel studio/7.0/toolchain/arm/arm-gnu-toolchain/bin/../lib/gcc/arm-none-eabi/5.3.1/../../../../arm-none-eabi/lib/armv7-m\libc.a(lib_a-stdio.o)
                                                  f:/rj/atmel studio/7.0/toolchain/arm/arm-gnu-toolchain/bin/../lib/gcc/arm-none-eabi/5.3.1/../../../../arm-none-eabi/lib/armv7-m\libc.a(lib_a-findfp.o)
__seofread                                        f:/rj/atmel studio/7.0/toolchain/arm/arm-gnu-toolchain/bin/../lib/gcc/arm-none-eabi/5.3.1/../../../../arm-none-eabi/lib/armv7-m\libc.a(lib_a-stdio.o)
__sflush_r                                        f:/rj/atmel studio/7.0/toolchain/arm/arm-gnu-toolchain/bin/../lib/gcc/arm-none-eabi/5.3.1/../../../../arm-none-eabi/lib/armv7-m\libc.a(lib_a-fflush.o)
                                                  f:/rj/atmel studio/7.0/toolchain/arm/arm-gnu-toolchain/bin/../lib/gcc/arm-none-eabi/5.3.1/../../../../arm-none-eabi/lib/armv7-m\libc.a(lib_a-fclose.o)
__sfmoreglue                                      f:/rj/atmel studio/7.0/toolchain/arm/arm-gnu-toolchain/bin/../lib/gcc/arm-none-eabi/5.3.1/../../../../arm-none-eabi/lib/armv7-m\libc.a(lib_a-findfp.o)
__sfp                                             f:/rj/atmel studio/7.0/toolchain/arm/arm-gnu-toolchain/bin/../lib/gcc/arm-none-eabi/5.3.1/../../../../arm-none-eabi/lib/armv7-m\libc.a(lib_a-findfp.o)
__sfp_lock_acquire                                f:/rj/atmel studio/7.0/toolchain/arm/arm-gnu-toolchain/bin/../lib/gcc/arm-none-eabi/5.3.1/../../../../arm-none-eabi/lib/armv7-m\libc.a(lib_a-findfp.o)
                                                  f:/rj/atmel studio/7.0/toolchain/arm/arm-gnu-toolchain/bin/../lib/gcc/arm-none-eabi/5.3.1/../../../../arm-none-eabi/lib/armv7-m\libc.a(lib_a-fclose.o)
__sfp_lock_release                                f:/rj/atmel studio/7.0/toolchain/arm/arm-gnu-toolchain/bin/../lib/gcc/arm-none-eabi/5.3.1/../../../../arm-none-eabi/lib/armv7-m\libc.a(lib_a-findfp.o)
                                                  f:/rj/atmel studio/7.0/toolchain/arm/arm-gnu-toolchain/bin/../lib/gcc/arm-none-eabi/5.3.1/../../../../arm-none-eabi/lib/armv7-m\libc.a(lib_a-fclose.o)
__sfvwrite_r                                      f:/rj/atmel studio/7.0/toolchain/arm/arm-gnu-toolchain/bin/../lib/gcc/arm-none-eabi/5.3.1/../../../../arm-none-eabi/lib/armv7-m\libc.a(lib_a-fvwrite.o)
                                                  f:/rj/atmel studio/7.0/toolchain/arm/arm-gnu-toolchain/bin/../lib/gcc/arm-none-eabi/5.3.1/../../../../arm-none-eabi/lib/armv7-m\libc.a(lib_a-vfiprintf.o)
__sinit                                           f:/rj/atmel studio/7.0/toolchain/arm/arm-gnu-toolchain/bin/../lib/gcc/arm-none-eabi/5.3.1/../../../../arm-none-eabi/lib/armv7-m\libc.a(lib_a-findfp.o)
                                                  f:/rj/atmel studio/7.0/toolchain/arm/arm-gnu-toolchain/bin/../lib/gcc/arm-none-eabi/5.3.1/../../../../arm-none-eabi/lib/armv7-m\libc.a(lib_a-fclose.o)
                                                  f:/rj/atmel studio/7.0/toolchain/arm/arm-gnu-toolchain/bin/../lib/gcc/arm-none-eabi/5.3.1/../../../../arm-none-eabi/lib/armv7-m\libc.a(lib_a-wbuf.o)
                                                  f:/rj/atmel studio/7.0/toolchain/arm/arm-gnu-toolchain/bin/../lib/gcc/arm-none-eabi/5.3.1/../../../../arm-none-eabi/lib/armv7-m\libc.a(lib_a-fputwc.o)
                                                  f:/rj/atmel studio/7.0/toolchain/arm/arm-gnu-toolchain/bin/../lib/gcc/arm-none-eabi/5.3.1/../../../../arm-none-eabi/lib/armv7-m\libc.a(lib_a-fflush.o)
                                                  f:/rj/atmel studio/7.0/toolchain/arm/arm-gnu-toolchain/bin/../lib/gcc/arm-none-eabi/5.3.1/../../../../arm-none-eabi/lib/armv7-m\libc.a(lib_a-wsetup.o)
                                                  f:/rj/atmel studio/7.0/toolchain/arm/arm-gnu-toolchain/bin/../lib/gcc/arm-none-eabi/5.3.1/../../../../arm-none-eabi/lib/armv7-m\libc.a(lib_a-vfiprintf.o)
__sinit_lock_acquire                              f:/rj/atmel studio/7.0/toolchain/arm/arm-gnu-toolchain/bin/../lib/gcc/arm-none-eabi/5.3.1/../../../../arm-none-eabi/lib/armv7-m\libc.a(lib_a-findfp.o)
__sinit_lock_release                              f:/rj/atmel studio/7.0/toolchain/arm/arm-gnu-toolchain/bin/../lib/gcc/arm-none-eabi/5.3.1/../../../../arm-none-eabi/lib/armv7-m\libc.a(lib_a-findfp.o)
__smakebuf_r                                      f:/rj/atmel studio/7.0/toolchain/arm/arm-gnu-toolchain/bin/../lib/gcc/arm-none-eabi/5.3.1/../../../../arm-none-eabi/lib/armv7-m\libc.a(lib_a-makebuf.o)
                                                  f:/rj/atmel studio/7.0/toolchain/arm/arm-gnu-toolchain/bin/../lib/gcc/arm-none-eabi/5.3.1/../../../../arm-none-eabi/lib/armv7-m\libc.a(lib_a-wsetup.o)
__sprint_r                                        f:/rj/atmel studio/7.0/toolchain/arm/arm-gnu-toolchain/bin/../lib/gcc/arm-none-eabi/5.3.1/../../../../arm-none-eabi/lib/armv7-m\libc.a(lib_a-vfiprintf.o)
__sread                                           f:/rj/atmel studio/7.0/toolchain/arm/arm-gnu-toolchain/bin/../lib/gcc/arm-none-eabi/5.3.1/../../../../arm-none-eabi/lib/armv7-m\libc.a(lib_a-stdio.o)
                                                  f:/rj/atmel studio/7.0/toolchain/arm/arm-gnu-toolchain/bin/../lib/gcc/arm-none-eabi/5.3.1/../../../../arm-none-eabi/lib/armv7-m\libc.a(lib_a-findfp.o)
__sseek                                           f:/rj/atmel studio/7.0/toolchain/arm/arm-gnu-toolchain/bin/../lib/gcc/arm-none-eabi/5.3.1/../../../../arm-none-eabi/lib/armv7-m\libc.a(lib_a-stdio.o)
                                                  f:/rj/atmel studio/7.0/toolchain/arm/arm-gnu-toolchain/bin/../lib/gcc/arm-none-eabi/5.3.1/../../../../arm-none-eabi/lib/armv7-m\libc.a(lib_a-findfp.o)
__stack                                           f:/rj/atmel studio/7.0/toolchain/arm/arm-gnu-toolchain/bin/../lib/gcc/arm-none-eabi/5.3.1/../../../../arm-none-eabi/lib/armv7-m/crt0.o
__swbuf                                           f:/rj/atmel studio/7.0/toolchain/arm/arm-gnu-toolchain/bin/../lib/gcc/arm-none-eabi/5.3.1/../../../../arm-none-eabi/lib/armv7-m\libc.a(lib_a-wbuf.o)
__swbuf_r                                         f:/rj/atmel studio/7.0/toolchain/arm/arm-gnu-toolchain/bin/../lib/gcc/arm-none-eabi/5.3.1/../../../../arm-none-eabi/lib/armv7-m\libc.a(lib_a-wbuf.o)
                                                  f:/rj/atmel studio/7.0/toolchain/arm/arm-gnu-toolchain/bin/../lib/gcc/arm-none-eabi/5.3.1/../../../../arm-none-eabi/lib/armv7-m\libc.a(lib_a-fputwc.o)
__swhatbuf_r                                      f:/rj/atmel studio/7.0/toolchain/arm/arm-gnu-toolchain/bin/../lib/gcc/arm-none-eabi/5.3.1/../../../../arm-none-eabi/lib/armv7-m\libc.a(lib_a-makebuf.o)
__swrite                                          f:/rj/atmel studio/7.0/toolchain/arm/arm-gnu-toolchain/bin/../lib/gcc/arm-none-eabi/5.3.1/../../../../arm-none-eabi/lib/armv7-m\libc.a(lib_a-stdio.o)
                                                  f:/rj/atmel studio/7.0/toolchain/arm/arm-gnu-toolchain/bin/../lib/gcc/arm-none-eabi/5.3.1/../../../../arm-none-eabi/lib/armv7-m\libc.a(lib_a-findfp.o)
__swsetup_r                                       f:/rj/atmel studio/7.0/toolchain/arm/arm-gnu-toolchain/bin/../lib/gcc/arm-none-eabi/5.3.1/../../../../arm-none-eabi/lib/armv7-m\libc.a(lib_a-wsetup.o)
                                                  f:/rj/atmel studio/7.0/toolchain/arm/arm-gnu-toolchain/bin/../lib/gcc/arm-none-eabi/5.3.1/../../../../arm-none-eabi/lib/armv7-m\libc.a(lib_a-wbuf.o)
                                                  f:/rj/atmel studio/7.0/toolchain/arm/arm-gnu-toolchain/bin/../lib/gcc/arm-none-eabi/5.3.1/../../../../arm-none-eabi/lib/armv7-m\libc.a(lib_a-fvwrite.o)
                                                  f:/rj/atmel studio/7.0/toolchain/arm/arm-gnu-toolchain/bin/../lib/gcc/arm-none-eabi/5.3.1/../../../../arm-none-eabi/lib/armv7-m\libc.a(lib_a-vfiprintf.o)
__udivmoddi4                                      f:/rj/atmel studio/7.0/toolchain/arm/arm-gnu-toolchain/bin/../lib/gcc/arm-none-eabi/5.3.1/armv7-m\libgcc.a(_udivmoddi4.o)
                                                  f:/rj/atmel studio/7.0/toolchain/arm/arm-gnu-toolchain/bin/../lib/gcc/arm-none-eabi/5.3.1/armv7-m\libgcc.a(_aeabi_uldivmod.o)
__wctomb                                          f:/rj/atmel studio/7.0/toolchain/arm/arm-gnu-toolchain/bin/../lib/gcc/arm-none-eabi/5.3.1/../../../../arm-none-eabi/lib/armv7-m\libc.a(lib_a-wctomb_r.o)
                                                  f:/rj/atmel studio/7.0/toolchain/arm/arm-gnu-toolchain/bin/../lib/gcc/arm-none-eabi/5.3.1/../../../../arm-none-eabi/lib/armv7-m\libc.a(lib_a-wcrtomb.o)
_cleanup                                          f:/rj/atmel studio/7.0/toolchain/arm/arm-gnu-toolchain/bin/../lib/gcc/arm-none-eabi/5.3.1/../../../../arm-none-eabi/lib/armv7-m\libc.a(lib_a-findfp.o)
_cleanup_r                                        f:/rj/atmel studio/7.0/toolchain/arm/arm-gnu-toolchain/bin/../lib/gcc/arm-none-eabi/5.3.1/../../../../arm-none-eabi/lib/armv7-m\libc.a(lib_a-findfp.o)
                                                  f:/rj/atmel studio/7.0/toolchain/arm/arm-gnu-toolchain/bin/../lib/gcc/arm-none-eabi/5.3.1/../../../../arm-none-eabi/lib/armv7-m\libc.a(lib_a-makebuf.o)
_close                                            src/ASF/sam/utils/syscalls/gcc/syscalls.o
                                                  f:/rj/atmel studio/7.0/toolchain/arm/arm-gnu-toolchain/bin/../lib/gcc/arm-none-eabi/5.3.1/../../../../arm-none-eabi/lib/armv7-m\libc.a(lib_a-closer.o)
_close_r                                          f:/rj/atmel studio/7.0/toolchain/arm/arm-gnu-toolchain/bin/../lib/gcc/arm-none-eabi/5.3.1/../../../../arm-none-eabi/lib/armv7-m\libc.a(lib_a-closer.o)
                                                  f:/rj/atmel studio/7.0/toolchain/arm/arm-gnu-toolchain/bin/../lib/gcc/arm-none-eabi/5.3.1/../../../../arm-none-eabi/lib/armv7-m\libc.a(lib_a-stdio.o)
_end                                              src/ASF/sam/utils/syscalls/gcc/syscalls.o
_erelocate                                        src/ASF/sam/utils/cmsis/sam3u/source/templates/gcc/startup_sam3u.o
_estack                                           src/ASF/sam/utils/cmsis/sam3u/source/templates/gcc/startup_sam3u.o
_etext                                            src/ASF/sam/utils/cmsis/sam3u/source/templates/gcc/startup_sam3u.o
_exit                                             src/ASF/sam/utils/syscalls/gcc/syscalls.o
                                                  f:/rj/atmel studio/7.0/toolchain/arm/arm-gnu-toolchain/bin/../lib/gcc/arm-none-eabi/5.3.1/../../../../arm-none-eabi/lib/armv7-m\libc.a(lib_a-exit.o)
_ezero                                            src/ASF/sam/utils/cmsis/sam3u/source/templates/gcc/startup_sam3u.o
_fclose_r                                         f:/rj/atmel studio/7.0/toolchain/arm/arm-gnu-toolchain/bin/../lib/gcc/arm-none-eabi/5.3.1/../../../../arm-none-eabi/lib/armv7-m\libc.a(lib_a-fclose.o)
                                                  f:/rj/atmel studio/7.0/toolchain/arm/arm-gnu-toolchain/bin/../lib/gcc/arm-none-eabi/5.3.1/../../../../arm-none-eabi/lib/armv7-m\libc.a(lib_a-findfp.o)
_fflush_r                                         f:/rj/atmel studio/7.0/toolchain/arm/arm-gnu-toolchain/bin/../lib/gcc/arm-none-eabi/5.3.1/../../../../arm-none-eabi/lib/armv7-m\libc.a(lib_a-fflush.o)
                                                  f:/rj/atmel studio/7.0/toolchain/arm/arm-gnu-toolchain/bin/../lib/gcc/arm-none-eabi/5.3.1/../../../../arm-none-eabi/lib/armv7-m\libc.a(lib_a-wbuf.o)
                                                  f:/rj/atmel studio/7.0/toolchain/arm/arm-gnu-toolchain/bin/../lib/gcc/arm-none-eabi/5.3.1/../../../../arm-none-eabi/lib/armv7-m\libc.a(lib_a-fvwrite.o)
                                                  f:/rj/atmel studio/7.0/toolchain/arm/arm-gnu-toolchain/bin/../lib/gcc/arm-none-eabi/5.3.1/../../../../arm-none-eabi/lib/armv7-m\libc.a(lib_a-vfiprintf.o)
_fini                                             f:/rj/atmel studio/7.0/toolchain/arm/arm-gnu-toolchain/bin/../lib/gcc/arm-none-eabi/5.3.1/armv7-m/crti.o
                                                  f:/rj/atmel studio/7.0/toolchain/arm/arm-gnu-toolchain/bin/../lib/gcc/arm-none-eabi/5.3.1/../../../../arm-none-eabi/lib/armv7-m\libc.a(lib_a-fini.o)
_fputwc_r                                         f:/rj/atmel studio/7.0/toolchain/arm/arm-gnu-toolchain/bin/../lib/gcc/arm-none-eabi/5.3.1/../../../../arm-none-eabi/lib/armv7-m\libc.a(lib_a-fputwc.o)
                                                  f:/rj/atmel studio/7.0/toolchain/arm/arm-gnu-toolchain/bin/../lib/gcc/arm-none-eabi/5.3.1/../../../../arm-none-eabi/lib/armv7-m\libc.a(lib_a-vfiprintf.o)
_free_r                                           f:/rj/atmel studio/7.0/toolchain/arm/arm-gnu-toolchain/bin/../lib/gcc/arm-none-eabi/5.3.1/../../../../arm-none-eabi/lib/armv7-m\libc.a(lib_a-freer.o)
                                                  f:/rj/atmel studio/7.0/toolchain/arm/arm-gnu-toolchain/bin/../lib/gcc/arm-none-eabi/5.3.1/../../../../arm-none-eabi/lib/armv7-m\libc.a(lib_a-reent.o)
                                                  f:/rj/atmel studio/7.0/toolchain/arm/arm-gnu-toolchain/bin/../lib/gcc/arm-none-eabi/5.3.1/../../../../arm-none-eabi/lib/armv7-m\libc.a(lib_a-fclose.o)
                                                  f:/rj/atmel studio/7.0/toolchain/arm/arm-gnu-toolchain/bin/../lib/gcc/arm-none-eabi/5.3.1/../../../../arm-none-eabi/lib/armv7-m\libc.a(lib_a-reallocr.o)
                                                  f:/rj/atmel studio/7.0/toolchain/arm/arm-gnu-toolchain/bin/../lib/gcc/arm-none-eabi/5.3.1/../../../../arm-none-eabi/lib/armv7-m\libc.a(lib_a-mallocr.o)
                                                  f:/rj/atmel studio/7.0/toolchain/arm/arm-gnu-toolchain/bin/../lib/gcc/arm-none-eabi/5.3.1/../../../../arm-none-eabi/lib/armv7-m\libc.a(lib_a-fvwrite.o)
                                                  f:/rj/atmel studio/7.0/toolchain/arm/arm-gnu-toolchain/bin/../lib/gcc/arm-none-eabi/5.3.1/../../../../arm-none-eabi/lib/armv7-m\libc.a(lib_a-fflush.o)
                                                  f:/rj/atmel studio/7.0/toolchain/arm/arm-gnu-toolchain/bin/../lib/gcc/arm-none-eabi/5.3.1/../../../../arm-none-eabi/lib/armv7-m\libc.a(lib_a-wsetup.o)
_fstat                                            src/ASF/sam/utils/syscalls/gcc/syscalls.o
                                                  f:/rj/atmel studio/7.0/toolchain/arm/arm-gnu-toolchain/bin/../lib/gcc/arm-none-eabi/5.3.1/../../../../arm-none-eabi/lib/armv7-m\libc.a(lib_a-fstatr.o)
_fstat_r                                          f:/rj/atmel studio/7.0/toolchain/arm/arm-gnu-toolchain/bin/../lib/gcc/arm-none-eabi/5.3.1/../../../../arm-none-eabi/lib/armv7-m\libc.a(lib_a-fstatr.o)
                                                  f:/rj/atmel studio/7.0/toolchain/arm/arm-gnu-toolchain/bin/../lib/gcc/arm-none-eabi/5.3.1/../../../../arm-none-eabi/lib/armv7-m\libc.a(lib_a-makebuf.o)
_fwalk                                            f:/rj/atmel studio/7.0/toolchain/arm/arm-gnu-toolchain/bin/../lib/gcc/arm-none-eabi/5.3.1/../../../../arm-none-eabi/lib/armv7-m\libc.a(lib_a-fwalk.o)
                                                  f:/rj/atmel studio/7.0/toolchain/arm/arm-gnu-toolchain/bin/../lib/gcc/arm-none-eabi/5.3.1/../../../../arm-none-eabi/lib/armv7-m\libc.a(lib_a-findfp.o)
_fwalk_reent                                      f:/rj/atmel studio/7.0/toolchain/arm/arm-gnu-toolchain/bin/../lib/gcc/arm-none-eabi/5.3.1/../../../../arm-none-eabi/lib/armv7-m\libc.a(lib_a-fwalk.o)
                                                  f:/rj/atmel studio/7.0/toolchain/arm/arm-gnu-toolchain/bin/../lib/gcc/arm-none-eabi/5.3.1/../../../../arm-none-eabi/lib/armv7-m\libc.a(lib_a-findfp.o)
                                                  f:/rj/atmel studio/7.0/toolchain/arm/arm-gnu-toolchain/bin/../lib/gcc/arm-none-eabi/5.3.1/../../../../arm-none-eabi/lib/armv7-m\libc.a(lib_a-fflush.o)
_getpid                                           src/ASF/sam/utils/syscalls/gcc/syscalls.o
_global_impure_ptr                                f:/rj/atmel studio/7.0/toolchain/arm/arm-gnu-toolchain/bin/../lib/gcc/arm-none-eabi/5.3.1/../../../../arm-none-eabi/lib/armv7-m\libc.a(lib_a-impure.o)
                                                  f:/rj/atmel studio/7.0/toolchain/arm/arm-gnu-toolchain/bin/../lib/gcc/arm-none-eabi/5.3.1/../../../../arm-none-eabi/lib/armv7-m\libc.a(lib_a-__atexit.o)
                                                  f:/rj/atmel studio/7.0/toolchain/arm/arm-gnu-toolchain/bin/../lib/gcc/arm-none-eabi/5.3.1/../../../../arm-none-eabi/lib/armv7-m\libc.a(lib_a-findfp.o)
                                                  f:/rj/atmel studio/7.0/toolchain/arm/arm-gnu-toolchain/bin/../lib/gcc/arm-none-eabi/5.3.1/../../../../arm-none-eabi/lib/armv7-m\libc.a(lib_a-fflush.o)
                                                  f:/rj/atmel studio/7.0/toolchain/arm/arm-gnu-toolchain/bin/../lib/gcc/arm-none-eabi/5.3.1/../../../../arm-none-eabi/lib/armv7-m\libc.a(lib_a-__call_atexit.o)
                                                  f:/rj/atmel studio/7.0/toolchain/arm/arm-gnu-toolchain/bin/../lib/gcc/arm-none-eabi/5.3.1/../../../../arm-none-eabi/lib/armv7-m\libc.a(lib_a-exit.o)
_impure_ptr                                       f:/rj/atmel studio/7.0/toolchain/arm/arm-gnu-toolchain/bin/../lib/gcc/arm-none-eabi/5.3.1/../../../../arm-none-eabi/lib/armv7-m\libc.a(lib_a-impure.o)
                                                  f:/rj/atmel studio/7.0/toolchain/arm/arm-gnu-toolchain/bin/../lib/gcc/arm-none-eabi/5.3.1/../../../../arm-none-eabi/lib/armv7-m\libc.a(lib_a-reent.o)
                                                  f:/rj/atmel studio/7.0/toolchain/arm/arm-gnu-toolchain/bin/../lib/gcc/arm-none-eabi/5.3.1/../../../../arm-none-eabi/lib/armv7-m\libc.a(lib_a-fclose.o)
                                                  f:/rj/atmel studio/7.0/toolchain/arm/arm-gnu-toolchain/bin/../lib/gcc/arm-none-eabi/5.3.1/../../../../arm-none-eabi/lib/armv7-m\libc.a(lib_a-wcrtomb.o)
                                                  f:/rj/atmel studio/7.0/toolchain/arm/arm-gnu-toolchain/bin/../lib/gcc/arm-none-eabi/5.3.1/../../../../arm-none-eabi/lib/armv7-m\libc.a(lib_a-wbuf.o)
                                                  f:/rj/atmel studio/7.0/toolchain/arm/arm-gnu-toolchain/bin/../lib/gcc/arm-none-eabi/5.3.1/../../../../arm-none-eabi/lib/armv7-m\libc.a(lib_a-locale.o)
                                                  f:/rj/atmel studio/7.0/toolchain/arm/arm-gnu-toolchain/bin/../lib/gcc/arm-none-eabi/5.3.1/../../../../arm-none-eabi/lib/armv7-m\libc.a(lib_a-fputwc.o)
                                                  f:/rj/atmel studio/7.0/toolchain/arm/arm-gnu-toolchain/bin/../lib/gcc/arm-none-eabi/5.3.1/../../../../arm-none-eabi/lib/armv7-m\libc.a(lib_a-findfp.o)
                                                  f:/rj/atmel studio/7.0/toolchain/arm/arm-gnu-toolchain/bin/../lib/gcc/arm-none-eabi/5.3.1/../../../../arm-none-eabi/lib/armv7-m\libc.a(lib_a-fflush.o)
                                                  f:/rj/atmel studio/7.0/toolchain/arm/arm-gnu-toolchain/bin/../lib/gcc/arm-none-eabi/5.3.1/../../../../arm-none-eabi/lib/armv7-m\libc.a(lib_a-wsetup.o)
                                                  f:/rj/atmel studio/7.0/toolchain/arm/arm-gnu-toolchain/bin/../lib/gcc/arm-none-eabi/5.3.1/../../../../arm-none-eabi/lib/armv7-m\libc.a(lib_a-vfiprintf.o)
                                                  f:/rj/atmel studio/7.0/toolchain/arm/arm-gnu-toolchain/bin/../lib/gcc/arm-none-eabi/5.3.1/../../../../arm-none-eabi/lib/armv7-m\libc.a(lib_a-iprintf.o)
_init                                             f:/rj/atmel studio/7.0/toolchain/arm/arm-gnu-toolchain/bin/../lib/gcc/arm-none-eabi/5.3.1/armv7-m/crti.o
                                                  f:/rj/atmel studio/7.0/toolchain/arm/arm-gnu-toolchain/bin/../lib/gcc/arm-none-eabi/5.3.1/../../../../arm-none-eabi/lib/armv7-m\libc.a(lib_a-init.o)
_iprintf_r                                        f:/rj/atmel studio/7.0/toolchain/arm/arm-gnu-toolchain/bin/../lib/gcc/arm-none-eabi/5.3.1/../../../../arm-none-eabi/lib/armv7-m\libc.a(lib_a-iprintf.o)
_isatty                                           src/ASF/sam/utils/syscalls/gcc/syscalls.o
                                                  f:/rj/atmel studio/7.0/toolchain/arm/arm-gnu-toolchain/bin/../lib/gcc/arm-none-eabi/5.3.1/../../../../arm-none-eabi/lib/armv7-m\libc.a(lib_a-isattyr.o)
_isatty_r                                         f:/rj/atmel studio/7.0/toolchain/arm/arm-gnu-toolchain/bin/../lib/gcc/arm-none-eabi/5.3.1/../../../../arm-none-eabi/lib/armv7-m\libc.a(lib_a-isattyr.o)
                                                  f:/rj/atmel studio/7.0/toolchain/arm/arm-gnu-toolchain/bin/../lib/gcc/arm-none-eabi/5.3.1/../../../../arm-none-eabi/lib/armv7-m\libc.a(lib_a-makebuf.o)
_kill                                             src/ASF/sam/utils/syscalls/gcc/syscalls.o
_localeconv_r                                     f:/rj/atmel studio/7.0/toolchain/arm/arm-gnu-toolchain/bin/../lib/gcc/arm-none-eabi/5.3.1/../../../../arm-none-eabi/lib/armv7-m\libc.a(lib_a-locale.o)
_lseek                                            src/ASF/sam/utils/syscalls/gcc/syscalls.o
                                                  f:/rj/atmel studio/7.0/toolchain/arm/arm-gnu-toolchain/bin/../lib/gcc/arm-none-eabi/5.3.1/../../../../arm-none-eabi/lib/armv7-m\libc.a(lib_a-lseekr.o)
_lseek_r                                          f:/rj/atmel studio/7.0/toolchain/arm/arm-gnu-toolchain/bin/../lib/gcc/arm-none-eabi/5.3.1/../../../../arm-none-eabi/lib/armv7-m\libc.a(lib_a-lseekr.o)
                                                  f:/rj/atmel studio/7.0/toolchain/arm/arm-gnu-toolchain/bin/../lib/gcc/arm-none-eabi/5.3.1/../../../../arm-none-eabi/lib/armv7-m\libc.a(lib_a-stdio.o)
_mainCRTStartup                                   f:/rj/atmel studio/7.0/toolchain/arm/arm-gnu-toolchain/bin/../lib/gcc/arm-none-eabi/5.3.1/../../../../arm-none-eabi/lib/armv7-m/crt0.o
_malloc_r                                         f:/rj/atmel studio/7.0/toolchain/arm/arm-gnu-toolchain/bin/../lib/gcc/arm-none-eabi/5.3.1/../../../../arm-none-eabi/lib/armv7-m\libc.a(lib_a-mallocr.o)
                                                  f:/rj/atmel studio/7.0/toolchain/arm/arm-gnu-toolchain/bin/../lib/gcc/arm-none-eabi/5.3.1/../../../../arm-none-eabi/lib/armv7-m\libc.a(lib_a-reallocr.o)
                                                  f:/rj/atmel studio/7.0/toolchain/arm/arm-gnu-toolchain/bin/../lib/gcc/arm-none-eabi/5.3.1/../../../../arm-none-eabi/lib/armv7-m\libc.a(lib_a-makebuf.o)
                                                  f:/rj/atmel studio/7.0/toolchain/arm/arm-gnu-toolchain/bin/../lib/gcc/arm-none-eabi/5.3.1/../../../../arm-none-eabi/lib/armv7-m\libc.a(lib_a-fvwrite.o)
                                                  f:/rj/atmel studio/7.0/toolchain/arm/arm-gnu-toolchain/bin/../lib/gcc/arm-none-eabi/5.3.1/../../../../arm-none-eabi/lib/armv7-m\libc.a(lib_a-findfp.o)
_malloc_trim_r                                    f:/rj/atmel studio/7.0/toolchain/arm/arm-gnu-toolchain/bin/../lib/gcc/arm-none-eabi/5.3.1/../../../../arm-none-eabi/lib/armv7-m\libc.a(lib_a-freer.o)
_read                                             f:/rj/atmel studio/7.0/toolchain/arm/arm-gnu-toolchain/bin/../lib/gcc/arm-none-eabi/5.3.1/../../../../arm-none-eabi/lib/armv7-m\libc.a(lib_a-readr.o)
_read_r                                           f:/rj/atmel studio/7.0/toolchain/arm/arm-gnu-toolchain/bin/../lib/gcc/arm-none-eabi/5.3.1/../../../../arm-none-eabi/lib/armv7-m\libc.a(lib_a-readr.o)
                                                  f:/rj/atmel studio/7.0/toolchain/arm/arm-gnu-toolchain/bin/../lib/gcc/arm-none-eabi/5.3.1/../../../../arm-none-eabi/lib/armv7-m\libc.a(lib_a-stdio.o)
_realloc_r                                        f:/rj/atmel studio/7.0/toolchain/arm/arm-gnu-toolchain/bin/../lib/gcc/arm-none-eabi/5.3.1/../../../../arm-none-eabi/lib/armv7-m\libc.a(lib_a-reallocr.o)
                                                  f:/rj/atmel studio/7.0/toolchain/arm/arm-gnu-toolchain/bin/../lib/gcc/arm-none-eabi/5.3.1/../../../../arm-none-eabi/lib/armv7-m\libc.a(lib_a-fvwrite.o)
_reclaim_reent                                    f:/rj/atmel studio/7.0/toolchain/arm/arm-gnu-toolchain/bin/../lib/gcc/arm-none-eabi/5.3.1/../../../../arm-none-eabi/lib/armv7-m\libc.a(lib_a-reent.o)
_sbrk                                             src/ASF/sam/utils/syscalls/gcc/syscalls.o
                                                  f:/rj/atmel studio/7.0/toolchain/arm/arm-gnu-toolchain/bin/../lib/gcc/arm-none-eabi/5.3.1/../../../../arm-none-eabi/lib/armv7-m\libc.a(lib_a-sbrkr.o)
_sbrk_r                                           f:/rj/atmel studio/7.0/toolchain/arm/arm-gnu-toolchain/bin/../lib/gcc/arm-none-eabi/5.3.1/../../../../arm-none-eabi/lib/armv7-m\libc.a(lib_a-sbrkr.o)
                                                  f:/rj/atmel studio/7.0/toolchain/arm/arm-gnu-toolchain/bin/../lib/gcc/arm-none-eabi/5.3.1/../../../../arm-none-eabi/lib/armv7-m\libc.a(lib_a-mallocr.o)
                                                  f:/rj/atmel studio/7.0/toolchain/arm/arm-gnu-toolchain/bin/../lib/gcc/arm-none-eabi/5.3.1/../../../../arm-none-eabi/lib/armv7-m\libc.a(lib_a-freer.o)
_setlocale_r                                      f:/rj/atmel studio/7.0/toolchain/arm/arm-gnu-toolchain/bin/../lib/gcc/arm-none-eabi/5.3.1/../../../../arm-none-eabi/lib/armv7-m\libc.a(lib_a-locale.o)
_sfixed                                           src/ASF/sam/utils/cmsis/sam3u/source/templates/gcc/startup_sam3u.o
_srelocate                                        src/ASF/sam/utils/cmsis/sam3u/source/templates/gcc/startup_sam3u.o
_start                                            f:/rj/atmel studio/7.0/toolchain/arm/arm-gnu-toolchain/bin/../lib/gcc/arm-none-eabi/5.3.1/../../../../arm-none-eabi/lib/armv7-m/crt0.o
_szero                                            src/ASF/sam/utils/cmsis/sam3u/source/templates/gcc/startup_sam3u.o
_vfiprintf_r                                      f:/rj/atmel studio/7.0/toolchain/arm/arm-gnu-toolchain/bin/../lib/gcc/arm-none-eabi/5.3.1/../../../../arm-none-eabi/lib/armv7-m\libc.a(lib_a-vfiprintf.o)
                                                  f:/rj/atmel studio/7.0/toolchain/arm/arm-gnu-toolchain/bin/../lib/gcc/arm-none-eabi/5.3.1/../../../../arm-none-eabi/lib/armv7-m\libc.a(lib_a-iprintf.o)
_wcrtomb_r                                        f:/rj/atmel studio/7.0/toolchain/arm/arm-gnu-toolchain/bin/../lib/gcc/arm-none-eabi/5.3.1/../../../../arm-none-eabi/lib/armv7-m\libc.a(lib_a-wcrtomb.o)
                                                  f:/rj/atmel studio/7.0/toolchain/arm/arm-gnu-toolchain/bin/../lib/gcc/arm-none-eabi/5.3.1/../../../../arm-none-eabi/lib/armv7-m\libc.a(lib_a-fputwc.o)
_wctomb_r                                         f:/rj/atmel studio/7.0/toolchain/arm/arm-gnu-toolchain/bin/../lib/gcc/arm-none-eabi/5.3.1/../../../../arm-none-eabi/lib/armv7-m\libc.a(lib_a-wctomb_r.o)
_write                                            f:/rj/atmel studio/7.0/toolchain/arm/arm-gnu-toolchain/bin/../lib/gcc/arm-none-eabi/5.3.1/../../../../arm-none-eabi/lib/armv7-m\libc.a(lib_a-writer.o)
_write_r                                          f:/rj/atmel studio/7.0/toolchain/arm/arm-gnu-toolchain/bin/../lib/gcc/arm-none-eabi/5.3.1/../../../../arm-none-eabi/lib/armv7-m\libc.a(lib_a-writer.o)